*****************************************************
TMS340 COFF Linker           Version 6.10
*****************************************************
Wed Dec 06 05:52:37 2023

OUTPUT FILE NAME:   <BB.out>
ENTRY POINT SYMBOL: "WARMSET"  address: ff8517d0


MEMORY CONFIGURATION

           name      origin     length     attributes     fill
         --------   --------   ---------   ----------   --------
         SCRATCH    01000000   000100000      RWIX      
         IROM       02000000   000400000      RWIX      
         ROM        ff800000   000600000      RWIX      
         ROM2       ffff6f00   000008d00      RWIX      
         TRAP31     fffffc00   000000400      RWIX      


SECTION ALLOCATION MAP

 output                                  attributes/
section   page    origin      length       input sections
--------  ----  ----------  ----------   ----------------
VECTORS    0    fffffc00    00000400     
                  fffffc00    00000400     MAIN.OBJ (VECTORS)

IMAGES     0    02000000    00000000     UNINITIALIZED

shit       0    ffff6f00    00000000     UNINITIALIZED

SHIT       0    ffff6f00    00000000     UNINITIALIZED

FIXED      0    01000000    00000040     
                  01000000    00000040     MPROC.OBJ (FIXED)

OFIXED     0    01000040    00000060     
                  01000040    00000060     NDSP1.OBJ (OFIXED)

NFIXED     0    010000a0    00000000     UNINITIALIZED

.BSS       0    010000a0    00000000     UNINITIALIZED

.bss       0    010000a0    000f13b0     UNINITIALIZED
                  010000a0    0006d390     NDSP1.OBJ (.bss)
                  0106d430    00000200     MAIN.OBJ (.bss)
                  0106d630    00000ad0     UTIL.OBJ (.bss)
                  0106e100    00031270     PAL.OBJ (.bss)
                  0109f370    000438a0     MPROC.OBJ (.bss)
                  010e2c10    00002770     BAKGND.OBJ (.bss)
                  010e5380    00000ea0     BB.OBJ (.bss)
                  010e6220    00000020     DRONE.OBJ (.bss)
                  010e6240    00000030     DRONE2.OBJ (.bss)
                  010e6270    00004870     PLYR.OBJ (.bss)
                  010eaae0    000002a0     PLYR2.OBJ (.bss)
                  010ead80    00000470     SCORE.OBJ (.bss)
                  010eb1f0    00000420     SCORE2.OBJ (.bss)
                  010eb610    00000420     SOUNDS.OBJ (.bss)
                  010eba30    00000710     ATTRACT.OBJ (.bss)
                  010ec140    000005f0     STRING.OBJ (.bss)
                  010ec730    000031b0     RECORD.OBJ (.bss)
                  010ef8e0    000003e0     SPEECH.OBJ (.bss)
                  010efcc0    00001410     SELECT.OBJ (.bss)
                  010f10d0    000000c0     AUDIT.OBJ (.bss)
                  010f1190    00000150     TEST.OBJ (.bss)
                  010f12e0    000000e0     DIAG.OBJ (.bss)
                  010f13c0    00000060     MENU.OBJ (.bss)
                  010f1420    00000030     HSTD.OBJ (.bss)

SYSWORK    0    010f1450    00000000     UNINITIALIZED

.text      0    ff800000    00241790     
                  ff800000    00040200     NDSP1.OBJ (.text)
                  ff840200    00002050     MAIN.OBJ (.text)
                  ff842250    00008d20     UTIL.OBJ (.text)
                  ff84af70    00003300     PAL.OBJ (.text)
                  ff84e270    00001050     MPROC.OBJ (.text)
                  ff84f2c0    00002000     BAKGND.OBJ (.text)
                  ff8512c0    000157e0     BB.OBJ (.text)
                  ff866aa0    00006c20     DRONE.OBJ (.text)
                  ff86d6c0    00007e00     DRONE2.OBJ (.text)
                  ff8754c0    00024a20     PLYR.OBJ (.text)
                  ff899ee0    00019ab0     PLYR2.OBJ (.text)
                  ff8b3990    00010e70     PLYR3.OBJ (.text)
                  ff8c4800    00018db0     PLYRAT.OBJ (.text)
                  ff8dd5b0    00006fe0     PLYRAT2.OBJ (.text)
                  ff8e4590    000140a0     PLYRSEQ.OBJ (.text)
                  ff8f8630    00009770     PLYRSEQ2.OBJ (.text)
                  ff901da0    0001cc50     PLYRDSEQ.OBJ (.text)
                  ff91e9f0    00005c50     PLYRLSEQ.OBJ (.text)
                  ff924640    00000cb0     PLYRSTND.OBJ (.text)
                  ff9252f0    00018f30     SCORE.OBJ (.text)
                  ff93e220    00015810     SCORE2.OBJ (.text)
                  ff953a30    000020c0     SOUNDS.OBJ (.text)
                  ff955af0    000008f0     PATCH.OBJ (.text)
                  ff9563e0    000019c0     TEXT.OBJ (.text)
                  ff957da0    0002a320     ATTRACT.OBJ (.text)
                  ff9820c0    0000d420     STRING.OBJ (.text)
                  ff98f4e0    00010ba0     RECORD.OBJ (.text)
                  ff9a0080    00010520     SPEECH.OBJ (.text)
                  ff9b05a0    00025c80     SELECT.OBJ (.text)
                  ff9d6220    00023ae0     SELECT2.OBJ (.text)
                  ff9f9d00    000051e0     ADJUST.OBJ (.text)
                  ff9feee0    0000be50     AUDIT.OBJ (.text)
                  ffa0ad30    0000dd50     TEST.OBJ (.text)
                  ffa18a80    00000180     --HOLE-- [fill = 0000ffff]
                  ffa18c00    00015ca0     DIAG.OBJ (.text)
                  ffa2e8a0    0000ea40     MENU.OBJ (.text)
                  ffa3d2e0    000044b0     HSTD.OBJ (.text)

.TEXT      0    ffa41790    00000000     UNINITIALIZED

.data      0    ffa41790    002b5ae0     
                  ffa41790    00004bf0     NDSP1.OBJ (.data)
                  ffa46380    00017d10     BGNDTBL.OBJ (.data)
                  ffa5e090    00035510     BGNDPAL.OBJ (.data)
                  ffa935a0    000260b0     IMGTBL.OBJ (.data)
                  ffab9650    0005f070     IMGPAL.OBJ (.data)
                  ffb186c0    0002ba00     BB.OBJ (.data)
                  ffb440c0    00002920     PLYR2.OBJ (.data)
                  ffb469e0    0001b000     PLYR3.OBJ (.data)
                  ffb619e0    000522f0     PLYRAT.OBJ (.data)
                  ffbb3cd0    00019500     PLYRAT2.OBJ (.data)
                  ffbcd1d0    0001cf80     PLYRSEQ.OBJ (.data)
                  ffbea150    0001ebd0     PLYRSEQ2.OBJ (.data)
                  ffc08d20    00016920     PLYRDSEQ.OBJ (.data)
                  ffc1f640    00005e80     PLYRLSEQ.OBJ (.data)
                  ffc254c0    00001c20     PLYRSTND.OBJ (.data)
                  ffc270e0    000034c0     SCORE.OBJ (.data)
                  ffc2a5a0    00007110     TEXT.OBJ (.data)
                  ffc316b0    000a2840     SELECT2.OBJ (.data)
                  ffcd3ef0    0000d700     ADJUST.OBJ (.data)
                  ffce15f0    00015c80     MENU.OBJ (.data)

.DATA      0    ffcf7270    00000000     UNINITIALIZED

img_tbl    0    ffcf7270    00000000     UNINITIALIZED


GLOBAL SYMBOLS

address  name                             address  name
-------- ----                             -------- ----
010000a0 .bss                             00000000 _ATL
ffa41790 .data                            00000001 _BOS
ff800000 .text                            00000002 _CHA
ffa3f160 A2_CHECK                         00000003 _CHI
01000000 ACTIVE                           00000003 ROM_LEV
ff83c640 ADJNEWTL                         00000004 _CLE
ffa074a0 ADJ_PAGE                         00000004 RTR_LEV
ffa997d0 AHARDAWAY                        00000005 _DAL
ff8c2820 AHard_h                          00000006 _DEN
ffba41f0 ALLASC01                         00000007 _DET
ffba4310 ALLASC02                         00000008 _GOL
ffba4430 ALLASC03                         00000009 _HOU
ffba4550 ALLASC04                         0000000a _IND
ffba4670 ALLASC05                         0000000b _LAC
ffb8d570 ALLASC_P                         0000000c _LAL
ff954ca0 ALLOFF                           0000000d _MI
ffc59940 AL_LASCP                         0000000e _MIL
ffc99c80 AND_NEJP                         0000000f _MIN
ffc9a9a0 AND_ORLP                         00000010 _NJ
ff83d630 ANI                              00000011 _NY
ffa31370 ANY_BUT                          00000012 _ORL
ffaf3440 AQUAPAL                          00000013 _PHI
ffa13a00 AREUSURE                         00000014 _PHX
ffb4b1e0 ARMST1                           00000015 _POR
ffb4b6f0 ARMST10                          00000016 _SAC
ffb4b780 ARMST11                          00000017 _SAN
ffb4b810 ARMST12                          00000018 _SEA
ffb4b8a0 ARMST13                          00000019 _UTA
ffb4b930 ARMST14                          0000001a _WAS
ffb4b9c0 ARMST15                          0000003a CS_ENTS
ffb4ba50 ARMST16                          01000000 ACTIVE
ffb4b270 ARMST2                           01000020 FREE
ffb4b300 ARMST3                           01000040 OBJLST
ffb4b390 ARMST4                           01000060 OFREE
ffb4b420 ARMST5                           01000080 BAKLST
ffb4b4b0 ARMST6                           010000a0 .bss
ffb4b540 ARMST7                           010000a0 SCROLLX
ffb4b5d0 ARMST8                           010000c0 SCROLLY
ffb4b660 ARMST9                           010000e0 WORLDTLX
ffa9d130 ARMSTR                           01000100 WORLDTLY
ffcc1730 ARMST_P                          01000120 WORLDTL
ffc9b330 ARM_CHIP                         01000140 SCRNTL
ff8c4800 ATL_t                            01000160 SCRNLR
ffa5f520 ATTBKB_P                         01000180 dpage
ffa5f490 ATTBKR_P                         01000190 dtype
ffab0de0 ATT_BLU                          010001c0 DMAQCUR
ffb12ae0 ATT_B_P                          010001e0 OBJSTR
ffa06c60 AUD1                             0103be20 dmaq0
ffa06b50 AUD                              01057720 DMAQ
ffa98ae0 AUGMON                           0106c8a0 gndstat
ffadffb0 AUGMON_p                         0106c8b0 gndpos_t
ffc33630 AUG_ATL                          0106d3d0 gndx
ffc6aec0 AUG_ATLP                         0106d3f0 DISPLAYON
ffb59880 A_HARD11                         0106d400 _3dstat
ffb59910 A_HARD12                         0106d430 SYSCOPY
ffb599a0 A_HARD13                         0106d440 WDOGRAM
ffb592e0 A_HARD1                          0106d460 IRQSKYE
ffb59ac0 A_HARD15                         0106d470 dpageflip
ffb597f0 A_HARD10                         0106d480 dirqtimer
ffb59a30 A_HARD14                         0106d530 switches_old
ffb59b50 A_HARD16                         0106d570 switches_cur
ffb59370 A_HARD2                          0106d5b0 switches_down
ffb59400 A_HARD3                          0106d5f0 NPLAYERS
ffb59490 A_HARD4                          0106d600 COUNTER_MODE
ffb59520 A_HARD5                          0106d610 VALIDATOR
ffb595b0 A_HARD6                          0106d620 TWOPLAYERS
ffb59640 A_HARD7                          0106d630 RAND
ffb596d0 A_HARD8                          0106d650 STRNGRAM
ffb59760 A_HARD9                          0106d790 WRLD
ffcccb10 A_HARD_P                         0106d7a0 LOWZ
ff8bf520 Armstrng_h                       0106e0f0 animscnt
ff8e2690 Augmon_h                         0106e150 PALRAM
010f10d0 BAD_AUD                          0106e150 PALFRAM
010e2c50 BAKBITS                          0106e750 PALBRAM
ffb558f0 BAKER10                          0106e750 PALTRAM
ffb55980 BAKER11                          0106f350 morfpal1
ffb55a10 BAKER12                          0106f350 FADERAM
ffb55aa0 BAKER13                          0106f750 morfpal2
ffb55b30 BAKER14                          0106fb50 morfpal3
ffb55bc0 BAKER15                          0106ff50 morfpal4
ffb55c50 BAKER16                          01070350 morfpal5
ffb553e0 BAKER1                           01070750 morfpal6
ffb55470 BAKER2                           01070b50 morfpal7
ffb55500 BAKER3                           01070f50 morfpal8
ffb55590 BAKER4                           01071350 morfpal9
ffb55620 BAKER5                           01071750 morfpal10
ffb556b0 BAKER6                           01071b50 morfpal11
ffb55740 BAKER7                           0109f350 palfmin
ffb557d0 BAKER8                           0109f370 PRCSTR
ffb55860 BAKER9                           010e2c50 BAKBITS
ffcc98a0 BAKER_P                          010e5360 BAKMODS
ffa9db50 BAKER                            010e5380 PCNT
01000080 BAKLST                           010e5390 swstack_p
010e5360 BAKMODS                          010e53b0 swstackbot
ffc9c030 BAK_MLWP                         010e57b0 COLRTEMP
ffaeaa80 BALL_p                           010e57b0 swstacktop
ffa96da0 BARKER                           010e58b0 GAMSTATE
ffa98b70 BARKLEY                          010e58c0 HALT
ffae07d0 BARKLEY_p                        010e58d0 NO_START
ff9fedc0 BCDBIN                           010e58e0 PSTATUS2
ff83cbb0 BEGINOBJ2                        010e58f0 WSPEED
ff83cb10 BEGINOBJ                         010e5900 WFLG
ff83d130 BEGINOBJP                        010e5920 OBJPTR
ff83d1d0 BEGINOBJP2                       010e5f40 crplate_ptr
ffa98c00 BENJAMIN                         010e5f60 msg_ram
ffae03c0 BENJA_p                          010e5fe0 name_cnt
ffb603f0 BENOIT10                         010e5ff0 name_flop
ffb60480 BENOIT11                         010e6000 names
ffb60510 BENOIT12                         010e6080 crt_colors
ffb605a0 BENOIT13                         010e60a0 steals_off
ffb5fee0 BENOIT1                          010e60b0 pushing_delay
ffb60630 BENOIT14                         010e60c0 pass_off
ffb606c0 BENOIT15                         010e60d0 rebound_delay
ffb60750 BENOIT16                         010e60e0 crowd_animate
ffb5ff70 BENOIT2                          010e60f0 timertcnt
ffb60000 BENOIT3                          010e6100 qtr_purchased
ffb60090 BENOIT4                          010e6140 newptr
ffb60120 BENOIT5                          010e6160 newplyrs
ffb601b0 BENOIT6                          010e6260 drone2on
ffa9e2a0 BENOIT                           010e6280 kp_scores
ffb60240 BENOIT7                          010e62a0 kp_team1
ffb602d0 BENOIT8                          010e62b0 kp_team2
ffb60360 BENOIT9                          010e62c0 pleasewt
ffcd2aa0 BENOIT_P                         010e62d0 PSTATUS
ffc97c80 BEN_NEJP                         010e62e0 P1CTRL
ffc9ce40 BEN_UTAP                         010e62f0 P2CTRL
ffa95cc0 BERAN                            010e6300 P3CTRL
ffa80790 BG1                              010e6310 P4CTRL
ffa7f7b0 BG2                              010e6320 P1DATA
ff84f900 BGND_UD1                         010e6450 P2DATA
ffbb1f90 BILDAB01                         010e6580 P3DATA
ffbb20b0 BILDAB02                         010e66b0 P4DATA
ffbb21d0 BILDAB03                         010e6820 plyrobj_t
ffbb22f0 BILDAB04                         010e68a0 plyrproc_t
ffbb2410 BILDAB05                         010e6920 plyrcharge
ffbb2530 BILDAB16                         010e6930 plyrpasstype
ffb94f50 BILDAB_P                         010e6940 plyrairballoff
ffc39f10 BIL_DABP                         010e6950 plyrbighead
ff9fec30 BINBCD                           010e6960 stlpower
ff848840 BLNKAREA                         010e6980 plyrpals_t
ffa131f0 BLNKHELP                         010ea980 assist_delay
ffb157c0 BLUBOOM                          010ea990 assist_plyr
ffaf2ec0 BLUE                             010ea9a0 kp_qscrs
ffa5eb20 BNBAPALB                         010eaa20 kp_qscrs2
ffa5e7e0 BNBAPALV                         010eaaa0 baby_flag
ffa5e680 BNBA_V_P                         010eaab0 strongmen
ffa95d50 BOON                             010eaae0 plyrnumonfire
ffa95de0 BOOTY                            010eaaf0 ballobj_p
ffb5ade0 BRAD1                            010eab10 ballpnum
ffb5b2f0 BRAD10                           010eab20 ballpnumlast
ffb5b380 BRAD11                           010eab30 ballpnumshot
ffb5b410 BRAD12                           010eab40 ballsclastp
ffb5b4a0 BRAD13                           010eab50 ballpnumscored
ffb5b530 BRAD14                           010eab60 ballnumscored
ffb5b5c0 BRAD15                           010eab70 ballfree
ffb5b650 BRAD16                           010eab80 ballscorezhit
ffb5ae70 BRAD2                            010eab90 ballrimhitcnt
ffb5af00 BRAD3                            010eaba0 ballbbhitcnt
ffb5af90 BRAD4                            010eabb0 ballptsforshot
ffb5b020 BRAD5                            010eabc0 ballprcv_p
ffb5b0b0 BRAD6                            010eabe0 ballpasstime
ffb5b140 BRAD7                            010eabf0 ballgoaltcnt
ffb5b1d0 BRAD8                            010eac00 ballflash
ffa9df40 BRAD                             010eac10 inbound
ffb5b260 BRAD9                            010eac20 bbshatter
ffcce310 BRAD_P                           010eac30 cntl_team
ffc9dcb0 BRA_PHLP                         010eac40 cntl_team_last
ffc6be50 BRK_PHXP                         010eac50 scrl_divs_cur
ffb492f0 BROWN10                          010eac60 scrl_divs_dest
ffb494a0 BROWN13                          010eac70 slamming
ffb48e70 BROWN2                           010eac80 t1dunkcnt
ffb49020 BROWN5                           010eaca0 brick_count
ffb490b0 BROWN6                           010eace0 last_power
ffb49140 BROWN7                           010eacf0 original_names
ffb491d0 BROWN8                           010ead70 fire_flags
ffcbfb20 BROWN_P                          010ead80 conttimers
ffb49380 BROWN11                          010eae20 shotimer
ffb495c0 BROWN15                          010eae50 game_time
ffb49650 BROWN16                          010eae70 clock_speed
ffb48de0 BROWN1                           010eae80 gmqrtr
ffb49410 BROWN12                          010eafd0 scores
ffb49530 BROWN14                          010eaff0 tvpanelon
ffb48f00 BROWN3                           010eb020 BTIME
ffa9cf80 BROWN                            010eb030 cntrs_delay
ffb48f90 BROWN4                           010eb100 last_score
ffb49260 BROWN9                           010eb120 clock_active
ffc9ec20 BRO_BOSP                         010eb130 sc_proc
010eb020 BTIME                            010eb150 _4plyrsingame
ffa30b20 BUILD_ST                         010eb160 p1taps
ffa1a5e0 BURN_IN                          010eb170 p2taps
ffaf08a0 BUTT_P                           010eb180 p3taps
ffa0e9a0 B_MENU                           010eb190 p4taps
ff8c1b60 Baker_h                          010eb1a0 show_shot
ff8e2ad0 Barkley_h                        010eb1b0 assistance_off
ff8e28b0 Benjamin_h                       010eb1c0 plyr_tourn
ff8c41a0 Benoit_h                         010eb1d0 plyr_maxpower
ffa9c7a0 BigLED_0                         010eb1e0 plyrsdropped
ffa9c830 BigLED_1                         010eb1f0 idiot_bits
ffa9c8c0 BigLED_2                         010eb610 sound_rev
ffa9c950 BigLED_3                         010eb620 SOUNDSUP
ffa9c9e0 BigLED_4                         010eba30 ENTERON
ffa9ca70 BigLED_5                         010eba40 hisclong
ffa9cb00 BigLED_6                         010ec140 message_ascii
ffa9cb90 BigLED_7                         010ec160 message_palette
ffa9cc20 BigLED_8                         010ec180 message_buffer
ffa9ccb0 BigLED_9                         010ec680 mess_cursx
ffaa74e0 BirthD                           010ec6a0 mess_cursy
ffaa6c70 BirthD_B                         010ec6b0 mess_space_width
ffaa6ac0 BirthM_B                         010ec6c0 mess_spacing
ffaa7450 BirthM                           010ec6d0 mess_line_spacing
ff8c2e80 Brad_h                           010ec6e0 mess_objid
ff8bea80 Brown_h                          010ec730 player1_data
ffb541e0 CAMP1                            010ec900 player2_data
ffb546f0 CAMP10                           010ecad0 player3_data
ffb54780 CAMP11                           010ecca0 player4_data
ffb54810 CAMP12                           010ed110 player_stats
ffb548a0 CAMP13                           010ef8d0 hiscore_type
ffb54930 CAMP14                           010ef8e0 last_name
ffb549c0 CAMP15                           010ef8f0 last_name_time
ffb54a50 CAMP16                           010ef900 shot_type
ffb54270 CAMP2                            010ef910 plyr_shot
ffb54300 CAMP3                            010ef920 shot_percentage
ffb54390 CAMP4                            010ef930 shot_distance
ffb54420 CAMP5                            010ef950 score_diff
ffb544b0 CAMP6                            010ef990 jam_speech
ffb54540 CAMP7                            010ef9a0 next_call
ffb545d0 CAMP8                            010efbc0 spch_name_ram
ffb54660 CAMP9                            010efc40 spch_pass_ram
ffa9da30 CAMPBELL                         010efcc0 inmatchup
ffcc88a0 CAMP_P                           010efcd0 kp_ram
ffc9f920 CAM_LAKP                         010efe10 credit1_obj
ffa978e0 CARLTON                          010efe30 credit2_obj
ffba0ad0 CARMED01                         010efe50 credit3_obj
ffba0bf0 CARMED02                         010eff00 name1_obj
ffba0d10 CARMED03                         010eff20 name2_obj
ffba0e30 CARMED04                         010eff40 name3_obj
ffba0f50 CARMED05                         010eff60 name4_obj
ffba1070 CARMED16                         010eff80 attrib1_obj
ffb8b0e0 CARMED_P                         010f00a0 attrib2_obj
ffaddf50 CARY                             010f01c0 attrib3_obj
ffc3aed0 CAR_MEDP                         010f02e0 attrib4_obj
ffa084c0 CAT_A0                           010f0480 teamset1_obj
ffa91560 CB                               010f04a0 teamset2_obj
ffa060b0 CCCC                             010f05c0 team1
ff9ff700 CCOIN                            010f05d0 team2
ffaa6eb0 CENTERBAR                        010f05e0 team1_control
ffab5dc0 CHALENG                          010f05f0 team2_control
ffb610e0 CHEAN1                           010f0600 oteam1
ffb615f0 CHEAN10                          010f0620 can_enter_inits
ffb61680 CHEAN11                          010f0630 game_purchased
ffb61710 CHEAN12                          010f0640 page_scrolling
ffb617a0 CHEAN13                          010f06d0 force_selection
ffb61830 CHEAN14                          010f06e0 in_team_select
ffb618c0 CHEAN15                          010f06f0 special_heads
ffb61950 CHEAN16                          010f0810 tm1set
ffb61170 CHEAN2                           010f09d0 tm2set
ffb61200 CHEAN3                           010f0b90 teams_pop
ffb61290 CHEAN4                           010f0ef0 sorted_teams
ffb61320 CHEAN5                           010f10a0 fatality
ffb613b0 CHEAN6                           010f10b0 winningteam
ffb61440 CHEAN7                           010f10d0 BAD_AUD
ffb614d0 CHEAN8                           010f10f0 C_FRAC
ffb61560 CHEAN9                           010f1100 C_FLAGS
ffa9e3c0 CHEANEY                          010f1160 COINCNTR
ffcd36b0 CHEAN_P                          010f1190 MAIN_RET
ffadd790 CHER1                            010f11a0 GMENULEV
ffca0540 CHE_WASP                         010f11b0 SND_MADE
ffa0e4c0 CHK_CMOS                         010f11c0 NO_CLEAR
ffba4790 CHRGRA01                         010f11d0 LAST_BUT
ffba48b0 CHRGRA02                         010f1210 fswitches_cur
ffba49d0 CHRGRA03                         010f1230 fswitches_last
ffba4af0 CHRGRA04                         010f1250 fswitches_down
ffba4c10 CHRGRA05                         010f12e0 SWSET1
ffba4d30 CHRGRA16                         010f1300 SWSET2
ffb8d980 CHRGRA_P                         010f13d0 SCODE
ffc5a910 CHR_GRAP                         010f13e0 DCODE
ffa29050 CIRCLE                           010f1410 octopus2
ffa0b1a0 CKDIAG                           010f1450 end
ff9fcfe0 CKDIP                            ff800000 .text
ffa2ea70 CKPROMPT                         ff800000 dma_irq
ffa0b060 CKTEST                           ff800dd0 scale58_t
ffa01010 CK_MAX                           ff800dd0 scale59_t
ffab8f20 CLD10                            ff800dd0 scale57_t
ffab8f90 CLD11                            ff803350 scale61t_t
ffab8640 CLD1A                            ff803350 scale61_t
ffab8ac0 CLD2                             ff803350 scale60_t
ffab8b30 CLD3                             ff8058d0 scale63f_t
ffab8c10 CLD4A                            ff8058d0 scale62_t
ffab8c80 CLD4B                            ff8058d0 scale63_t
ffab8ba0 CLD4                             ff8058d0 scale61f_t
ffab8cf0 CLD5                             ff807e50 scale62t_t
ffab8d60 CLD6                             ff80a3d0 scale65_t
ffab8dd0 CLD7                             ff80a3d0 scale64_t
ffab8e40 CLD8                             ff80c950 scale64t_t
ffab8eb0 CLD9                             ff80c950 scale65t_t
ffab8910 CLDB1LGRY                        ff80eed0 scale65f_t
ffab87f0 CLDB1WHT                         ff811450 scale67_t
ffab8760 CLDB1YELL                        ff811450 scale66_t
ffab86d0 CLDB1                            ff8139d0 scale66t_t
ffab89a0 CLDB1GRN                         ff8139d0 scale67t_t
ffab8880 CLDB1ORNG                        ff815f50 scale67f_t
ffab8a30 CLDB1PURP                        ff815f50 scale66f_t
ffab9000 CLDB2                            ff8184d0 scale69_t
ffab9070 CLDB3                            ff8184d0 scale68_t
ffab90e0 CLDB4                            ff81aa50 scale68t_t
ffa069c0 CLR_AUDR                         ff81cfd0 scale69f_t
ffa06cd0 CLR_AUD                          ff81cfd0 scale68f_t
ff849100 CLR_SCRN                         ff81f550 scale611_t
ffa9dd00 CMORRIS                          ff81f550 scale610_t
ffa06d70 CMOS_VAL                         ff821ad0 scale610t_t
010f1160 COINCNTR                         ff821ad0 scale611t_t
ffa061f0 COIN_PAG                         ff824050 scale610f_t
ff846b20 COLCYC                           ff824050 scale611f_t
ffa98c90 COLEMAN                          ff8265d0 scale70_t
ffae0be0 COLE_p                           ff828b50 scale70t_t
ff865260 COLRPRC                          ff82b0d0 scale70f_t
010e57b0 COLRTEMP                         ff82d650 scale71_t
ff9765b0 COLTAB                           ff82d650 scale72_t
ff9986e0 COLTAB2                          ff82fbd0 scale72f_t
ff857890 COLTAB_RNBW                      ff832150 scale74f_t
ffa1fab0 COL_BARS                         ff832150 scale74_t
ffa0d130 COL_INST                         ff8346d0 scale76et_t
ffc6cd60 COL_NEJP                         ff837cb0 DISPLAY
ffa973d0 COMAN                            ff838ce0 QDMAN
0106d600 COUNTER_MODE                     ff838e00 display_2dsclmodeon
ffaba5b0 COURT_p                          ff838f60 display_2dsclstarmodeon
ffa96e30 COX                              ff83aab0 STOPOBJS
ffa0adf0 CPU_RET                          ff83ac00 obj_yzsort
ffb3a270 CRD_ATL_P                        ff83add0 SCRTSTG
ffb3a320 CRD_BOS_P                        ff83ae00 SCRTST
ffb3a3d0 CRD_CHA_P                        ff83b130 display_init
ffb3a530 CRD_CHI2P                        ff83b8c0 GETOBJ
ffb3a480 CRD_CHI_P                        ff83ba70 FREEOBJ
ffb3a5e0 CRD_CLE_P                        ff83baf0 INSBOBJ
ffb3a690 CRD_CLP_P                        ff83bb30 INSOBJ
ffb3a740 CRD_DAL_P                        ff83bcd0 DELBOBJ
ffb3a7f0 CRD_DEN_P                        ff83bd10 DELOBJA8
ffb3a8a0 CRD_DET_P                        ff83bd20 DELOBJ
ffb3a950 CRD_GLD_P                        ff83bf20 FRQDELDIE
ffb3aa00 CRD_HOU_P                        ff83bf90 DELOBJDIE
ffb3aab0 CRD_IND_P                        ff83c1b0 obj_del1c
ffb3ab60 CRD_LAK_P                        ff83c1c0 obj_delc
ffb3ac10 CRD_MIA_P                        ff83c380 EXISTOBJ
ffb3acc0 CRD_MIL_P                        ff83c480 ISOBJ
ffb3ad70 CRD_MIN_P                        ff83c530 obj_addworldxy
ffb3ae20 CRD_NEJ_P                        ff83c640 ADJNEWTL
ffb3aed0 CRD_NEY_P                        ff83c710 GSCRNREL
ffb3b030 CRD_ORL2P                        ff83c800 SCRNRELV
ffb3af80 CRD_ORL_P                        ff83c950 GANISAG
ffb3b0e0 CRD_PHO_P                        ff83cb10 BEGINOBJ
ffb3b190 CRD_POR_P                        ff83cbb0 BEGINOBJ2
ffb3b240 CRD_SAC_P                        ff83d130 BEGINOBJP
ffb3b2f0 CRD_SAN_P                        ff83d1d0 BEGINOBJP2
ffa01700 CRD_SCRN2                        ff83d630 ANI
ffa016f0 CRD_SCRN                         ff83da40 obj_aniq
ffb3b3a0 CRD_SEA_P                        ff83df00 obj_aniq_cnoff
ffb3b500 CRD_UTA2P                        ff83e140 obj_aniq_scld
ffb3b450 CRD_UTA_P                        ff83e460 GETANIXY
ffb3b5b0 CRD_WAS_P                        ff83e590 GANIOF
ffa012b0 CRED_P                           ff83e740 scrn_scaleout
ffa9a8b0 CROBINSON                        ff83ebe0 scrn_scaleininit
ffa1e6f0 CROSS_H                          ff83ed30 scrn_scalein
ffab9650 CROWD_p                          ff840200 init_all
ffabf970 CRT_ATL_P                        ff8408c0 io_init
ffac0960 CRT_BOS_P                        ff840950 INTIO
ffac1950 CRT_CHA_P                        ff840a10 WDOGDIS
ffac3930 CRT_CHI2P                        ff842250 KILBGND
ffac2940 CRT_CHI_P                        ff842410 ZERO_BITS
ffac4920 CRT_CLE_P                        ff8424a0 WIPEOUT
ffac5910 CRT_CLP_P                        ff842950 system_savegame
ffac6900 CRT_DAL_P                        ff842f30 system_restoregame
ffac78f0 CRT_DEN_P                        ff8436e0 anim_script
ffac88e0 CRT_DET_P                        ff846500 anim_wait
ffac98d0 CRT_GLD_P                        ff8465b0 anim_kilslp
ffaca8c0 CRT_HOU_P                        ff846650 anim_killall
ffacb8b0 CRT_IND_P                        ff846810 autoerase_set
ffacc8a0 CRT_LAK_P                        ff846940 FLASHME
ffacd890 CRT_MIA_P                        ff846b20 COLCYC
fface880 CRT_MIL_P                        ff846ea0 CYCLE_TABLE
ffacf870 CRT_MIN_P                        ff8470f0 HEXTOASC
ffad0860 CRT_NEJ_P                        ff8472e0 ERASE_TXT
ffad1850 CRT_NEY_P                        ff847330 STRLNRM
ffad3830 CRT_ORL2P                        ff8473a0 STRCNRM
ffad2840 CRT_ORL_P                        ff847410 STRCNRM_1
ffad4820 CRT_PHI_P                        ff847490 STRRNRM
ffad5810 CRT_PHO_P                        ff847500 STRLNRMO
ffad6800 CRT_POR_P                        ff847590 STRCNRMO
ffad77f0 CRT_SAC_P                        ff847620 STRCNRMO_1
ffad87e0 CRT_SAN_P                        ff8476c0 STRLNRMO_1
ffad97d0 CRT_SEA_P                        ff848010 STRNGLEN
ffadb7b0 CRT_UTA2P                        ff848170 OBJOFF
ffada7c0 CRT_UTA_P                        ff848200 OBJON
ffadc7a0 CRT_WAS_P                        ff8482a0 GETCPNT
ffa00290 CR_CONTP                         ff848370 GETANIX
ffa00130 CR_STRTP                         ff8484b0 RNDRNGS
ff8c32c0 CRobin_h                         ff8484d0 RNDRNG
0000003a CS_ENTS                          ff848600 RNDRNG0
ff865a90 CWINDOW                          ff8486f0 RNDPER
ff846ea0 CYCLE_TABLE                      ff848810 FILLAREA
ffaad240 C_ATL                            ff848840 BLNKAREA
ffaae170 C_ATL_O                          ff848940 dirq_wait
ffaad3f0 C_BOST                           ff848a20 dmaq_wait
ffaae320 C_BOST_O                         ff848b50 dpageflip_off
ffaad2d0 C_CHAR                           ff848c30 display_blank
ffaae200 C_CHAR_O                         ff848d20 display_unblank
ffaadea0 C_CHIC_O                         ff848ff0 SCRCLR
ffaacf70 C_CHIC                           ff849100 CLR_SCRN
ffaae050 C_CLEV_O                         ff849290 FRANIM
ffaad120 C_CLEV                           ff849740 FRANIMQ
ffaadcf0 C_DAL_O                          ff849b30 security_chk
ffaacdc0 C_DAL                            ff84af70 pal_init
ffaade10 C_DEN_O                          ff84af70 secend
ffaacee0 C_DEN                            ff84b070 pal_clean
ffaadf30 C_DET_O                          ff84b2d0 pal_find
ffaad000 C_DET                            ff84b410 pal_getf
010f1100 C_FLAGS                          ff84b7a0 pal_set
010f10f0 C_FRAC                           ff84b8d0 pal_transfer
ffaaca60 C_GOLD                           ff84bb10 pal_blacken
ffaad990 C_GOLD_O                         ff84bc70 pal_fadein
ffaadb40 C_HOU_O                          ff84c0f0 pal_fadeout
ffaacc10 C_HOU                            ff84c130 pal_fadeout2
ffaad090 C_IND                            ff84c900 pal_fadeinx
ffaadfc0 C_IND_O                          ff84c940 pal_fadeoutx
ffaad870 C_LAClips_O                      ff84cd70 pal_fmwht
ffaac8b0 C_LALaks                         ff84cdc0 pal_towht
ffaac820 C_LA                             ff84d2c0 addbrt_ae
ffaac940 C_LAClips                        ff84d6c0 fade_up
ffaad7e0 C_LALaks_O                       ff84d7d0 fade_down
ffaad6c0 C_MIAMI                          ff84d8d0 fade_up_half
ffaae5f0 C_MIAMI_O                        ff84d9f0 fade_down_half
ffaae0e0 C_MILW_O                         ff84e270 process_init
ffaad1b0 C_MILW                           ff84e3b0 process_dispatch
ffaadd80 C_MINN_O                         ff84e4d0 PRCSLP
ffaace50 C_MINN                           ff84e4e0 PRCLSP
ffaae440 C_NJ_O                           ff84e630 SUCIDE
ffaad510 C_NJ                             ff84e840 KILL
ffaae3b0 C_NY_O                           ff84ea30 GETPRC
ffaad480 C_NY                             ff84ebb0 XFERPROC
ffaae560 C_ORL_O                          ff84ed90 KILALL
ffaad630 C_ORL                            ff84edb0 KIL1C
ffaad360 C_PHIL                           ff84edc0 KILALLN
ffaae290 C_PHIL_O                         ff84efa0 KOP_1C
ffaad900 C_PHX_O                          ff84efb0 KOP_ALL
ffaac9d0 C_PHX                            ff84f0f0 process_exist
ffaac790 C_PORT                           ff84f180 EXISTP
ffaad750 C_PORT_O                         ff84f900 BGND_UD1
ffb5c4f0 C_ROB10                          ff851030 bgnd_delnonvis
ffb5c580 C_ROB11                          ff851400 init_prog
ffb5bfe0 C_ROB1                           ff8517d0 WARMSET
ffb5c610 C_ROB12                          ff851860 PCMOSRET
ffb5c6a0 C_ROB13                          ff851a00 mainlp
ffb5c730 C_ROB14                          ff8529d0 plyr_strtb1
ffb5c7c0 C_ROB15                          ff852a60 plyr_strtb2
ffb5c850 C_ROB16                          ff852af0 plyr_strtb3
ffb5c070 C_ROB2                           ff852b90 plyr_strtb4
ffb5c100 C_ROB3                           ff854be0 start_msgs
ffb5c190 C_ROB4                           ff8563e0 demogame_start
ffb5c220 C_ROB5                           ff857640 join_cyc
ffb5c2b0 C_ROB6                           ff857890 COLTAB_RNBW
ffb5c340 C_ROB7                           ff858420 start_arws
ffb5c3d0 C_ROB8                           ff859f90 scrm1_snd
ffb5c460 C_ROB9                           ff859fd0 scrm2_snd
ffccf2a0 C_ROB_P                          ff85a010 scrm3_snd
ffaadab0 C_SAC_O                          ff85a050 scrm4_snd
ffaacb80 C_SAC                            ff85f320 start_animate
ffaacca0 C_SAN                            ff860db0 random_ads
ffaadbd0 C_SAN_O                          ff861430 fix_floorclr
ffaada20 C_SEA_O                          ff861e10 net_ani
ffaacaf0 C_SEA                            ff864a30 prt_status
ffaacd30 C_UTAH                           ff864be0 init_t1a
ffaadc60 C_UTAH_O                         ff864e40 init_t2a
ffaae4d0 C_WASH_O                         ff8650a0 init_t3a
ffaad5a0 C_WASH                           ff865200 init_t4a
ff8c1720 Campbell_h                       ff865260 COLRPRC
ff8c45e0 Cheaney_h                        ff8654b0 WNDWON
ff8e2cf0 Coleman_h                        ff865640 WNDWOFF
ffa95f90 DABEL                            ff865770 OWINDOW
ffba4e50 DANFOR01                         ff865a90 CWINDOW
ffba4f70 DANFOR02                         ff866450 set_names
ffba5090 DANFOR03                         ff866aa0 drone_main
ffba51b0 DANFOR04                         ff86b5f0 drone_setuptob
ffba52d0 DANFOR05                         ff86c970 drone_adjskill
ffba53f0 DANFOR16                         ff86d6c0 drone2_main
ffb8dd90 DANFOR_P                         ff872850 drone2_setuptob
ffc3bec0 DAN_FORP                         ff8740c0 drone2_adjskill
ffa98d20 DAUGHRTY                         ff875a00 plyr_start
ffae91f0 DAUG_P                           ff87f7c0 plyr_setseq
ffc6dcf0 DAU_CLEP                         ff87fb80 joy_read
ffa96650 DAVIES                           ff8851f0 plyr_shoot
ffa960b0 DAVIS                            ff88b350 plyr_pass
ffb561f0 DAY10                            ff88cd60 clr_autorbnd
ffa9dbe0 DAY                              ff88d2c0 anipt_getsclxy
ffb56280 DAY11                            ff88d7b0 anipt3_getsclxy
ffb56310 DAY12                            ff890420 plyr_endofqrtr
ffb563a0 DAY13                            ff8954d0 plyr_goaltending
ffb56430 DAY14                            ff895fd0 plyr_takeoutball
ffb564c0 DAY15                            ff8973d0 plyr_takeoutball2
ffb55ce0 DAY1                             ff897f50 plyr_init
ffb56550 DAY16                            ff898370 plyr_takeoutball3
ffb55d70 DAY2                             ff898e70 plyr_setshtdly
ffb55e00 DAY3                             ff899680 seekdir_xyxy128
ffb55e90 DAY4                             ff899980 seekdirdist_obxz128
ffb55f20 DAY5                             ff899df0 rndrng0
ffb55fb0 DAY6                             ff89a560 ball_main
ffb56040 DAY7                             ff8a1360 hoopl_t
ffb560d0 DAY8                             ff8a1730 hoopr_t
ffb56160 DAY9                             ff8a48d0 sinecos_get
ffcbd7f0 DAY_MLWP                         ff8a5360 ball_chkpcollide
ffcca0a0 DAY_P                            ff8a9960 get_swat
010f13e0 DCODE                            ff8a99d0 def_play_reward
ffa96c80 DEAL                             ff8a9b60 flash_reward
ffa3d3c0 DEC_HSR                          ff8a9f90 plyr_jscrowdsnd
ffa07530 DEF_PAGE                         ff8aa1e0 ball_convfmprel
ff83bcd0 DELBOBJ                          ff8aa2c0 ball_convfmprel2
ffa9a940 DELLIS                           ff8aa4b0 plyr_setptsdown
ff83bd20 DELOBJ                           ff8ac5f0 seq_stand
ff83bd10 DELOBJA8                         ff8acb80 seq_stealstand
ff83bf90 DELOBJDIE                        ff8acbe0 seq_newdir
ff8c3b40 DEllis_h                         ff8acd00 seq_stayinair
ffae2030 DHARP_P                          ff8acd60 seq_keepzx
ff8e3790 DHarper_h                        ff8ace10 seq_injury
ffa1a7f0 DIAGCPUTEST                      ff8ace80 seq_stuffzx
ffa0b2d0 DIAG                             ff8acf10 seq_strtfire
ffa0b4c0 DIAG_EX                          ff8ad090 seq_stopfire
ffb3b6c0 DIAGP                            ff8ad180 seq_smoke
ffa0d580 DIAG_COLORS                      ff8ad220 seq_snd
ffa0d310 DIGSRT                           ff8ad270 seq_noballoff
ffa96b60 DILLON                           ff8ad2f0 seq_resetseq
ffcef150 DIPCOINTAB                       ff8ad3e0 seq_run
ff837cb0 DISPLAY                          ff8ad440 seq_jump
0106d3f0 DISPLAYON                        ff8ad630 seq_jump2
ffae81b0 DIVAC_P                          ff8adbf0 seq_block
ffa99620 DIVAC                            ff8aeb20 seq_rebounda
ffa97a00 DIVITA                           ff8af260 seq_strtdunk
ffc79a90 DIV_LAKP                         ff8afaa0 plyr_camflash
010001c0 DMAQCUR                          ff8b0460 seq_slamball
01057720 DMAQ                             ff8b1870 seq_push
ffa12bd0 DOBORDER                         ff8b3070 seq_elbo
ff9fd740 DO_ADJH                          ff8b3ad0 halftime_showclips
ffae0ff0 DREXLER_p                        ff8b3bc0 plyr_smoketrail
ffa98e40 DREXLER                          ff8b3cc0 plyr_smoketrail2
ffa9a0d0 DROBINSON                        ff8b44a0 do_ball_spark
ffc6fce0 DRX_PRTP                         ff8b45b0 ball_smokepuff
ffa29660 DSCRCLR                          ff8b6bd0 ball_spark
ffb4ecf0 DUMARS10                         ff8b7500 getdunkseq
ffb4ed80 DUMARS11                         ff8be200 Lohaus_h
ffb4ee10 DUMARS12                         ff8be420 Gug_h
ffb4efc0 DUMARS15                         ff8be640 Edwrd_h
ffb4f050 DUMARS16                         ff8be860 McDan_h
ffb4e7e0 DUMARS1                          ff8bea80 Brown_h
ffb4eea0 DUMARS13                         ff8beca0 KAnderson_h
ffb4ef30 DUMARS14                         ff8beec0 Willis_h
ffb4e870 DUMARS2                          ff8bf0e0 Gamble_h
ffb4e990 DUMARS4                          ff8bf300 Mourn_h
ffb4eab0 DUMARS6                          ff8bf520 Armstrng_h
ffa9d490 DUMARS                           ff8bf740 Kukoc_h
ffb4eb40 DUMARS7                          ff8bf960 Nance_h
ffb4ebd0 DUMARS8                          ff8bfb80 Jack_h
ffb4ec60 DUMARS9                          ff8bfda0 Mash_h
ffcc3e60 DUMARS_P                         ff8bffc0 Rogers_h
ffb4e900 DUMARS3                          ff8c01e0 Dumars_h
ffb4ea20 DUMARS5                          ff8c0400 Rodman_h
ffca13d0 DUM_DETP                         ff8c0620 Hunter_h
ffb3e8a0 DUXPAL                           ff8c0840 Webber_h
ffb5e8f0 D_ELL10                          ff8c0a60 Maxwell_h
ffb5e3e0 D_ELL1                           ff8c0c80 Horry_h
ffb5e980 D_ELL11                          ff8c0ea0 Smits_h
ffb5ea10 D_ELL12                          ff8c10c0 Sealy_h
ffb5eaa0 D_ELL13                          ff8c12e0 Roberts_h
ffb5eb30 D_ELL14                          ff8c1500 Peeler_h
ffb5ebc0 D_ELL15                          ff8c1720 Campbell_h
ffb5ec50 D_ELL16                          ff8c1940 Miner_h
ffb5e470 D_ELL2                           ff8c1b60 Baker_h
ffb5e500 D_ELL3                           ff8c1d80 Day_h
ffb5e590 D_ELL4                           ff8c1fa0 Rider_h
ffb5e620 D_ELL5                           ff8c21c0 Morris_h
ffb5e6b0 D_ELL6                           ff8c23e0 Mason_h
ffb5e740 D_ELL7                           ff8c2600 Starks_h
ffb5e7d0 D_ELL8                           ff8c2820 AHard_h
ffb5e860 D_ELL9                           ff8c2a40 NAnders_h
ffcd12a0 D_ELL_P                          ff8c2c60 Weath_h
ff8e1e10 Daughert_h                       ff8c2e80 Brad_h
ff8c1d80 Day_h                            ff8c30a0 KJohn_h
ff8de8d0 Divac_h                          ff8c32c0 CRobin_h
ffa97c40 DoubleOT                         ff8c34e0 Simmons_h
ff8e2f10 Drexler_h                        ff8c3700 Hurley_h
ff8c01e0 Dumars_h                         ff8c3920 Rich_h
ff8da170 EB_H                             ff8c3b40 DEllis_h
ffba24b0 EDBOON01                         ff8c3d60 Payton_h
ffba25d0 EDBOON02                         ff8c3f80 Mckey_h
ffba26f0 EDBOON03                         ff8c41a0 Benoit_h
ffba2810 EDBOON04                         ff8c43c0 Ellison_h
ffba2930 EDBOON05                         ff8c45e0 Cheaney_h
ffba2a50 EDBOON16                         ff8c4800 ATL_t
ffb8c120 EDBOON_P                         ff8d05c0 spechds_t
ffa98db0 EDWARDS                          ff8da170 EB_H
ffaea230 EDWARD_p                         ff8da390 JTO_H
ffc6ecf0 EDW_MLWP                         ff8dd5b0 plyr_getattributes
ffc3ce70 ED_BOONP                         ff8ddbb0 getwindowhead
ffa98ed0 ELLIOT                           ff8de050 Worthy_h
ffae1810 ELLIOT_p                         ff8de270 Laetner_h
ffb60cf0 ELLISN10                         ff8de490 Hawkins_h
ffb60d80 ELLISN11                         ff8de6b0 LJohnson_h
ffb60e10 ELLISN12                         ff8de8d0 Divac_h
ffb60ea0 ELLISN13                         ff8deaf0 KMalone_h
ffb60f30 ELLISN14                         ff8dedb0 Stockton_h
ffb60fc0 ELLISN15                         ff8df070 Ewing_h
ffb607e0 ELLISN1                          ff8df330 RHarper_h
ffb61050 ELLISN16                         ff8df5f0 Seikaly_h
ffb60870 ELLISN2                          ff8df8b0 Miller_h
ffb60900 ELLISN3                          ff8dfad0 Mutumbo_h
ffb60990 ELLISN4                          ff8dfcf0 Oakley_h
ffb60a20 ELLISN5                          ff8dff10 Olajuwon_h
ffb60ab0 ELLISN6                          ff8e0130 Porter_h
ffb60b40 ELLISN7                          ff8e0350 Price_h
ffb60bd0 ELLISN8                          ff8e0570 Rice_h
ffb60c60 ELLISN9                          ff8e0790 Robinson_h
ffcd32a0 ELLISN_P                         ff8e09b0 Schrempf_h
ffa9e330 ELLISON                          ff8e0bd0 Skiles_h
ffae1400 ELLIS_p                          ff8e0df0 Smith_h
ffc70c70 ELL_DENP                         ff8e1010 Thomas_h
ffc71c70 ELL_DETP                         ff8e1230 Tisdale_h
ffca2fd0 ELL_WASP                         ff8e1450 Webb_h
ffca22b0 ELS_SANP                         ff8e17b0 Kemp_h
ffa97070 ELVIS                            ff8e19d0 Pippen_h
010eba30 ENTERON                          ff8e1bf0 Gill_h
ff8472e0 ERASE_TXT                        ff8e1e10 Daughert_h
ffba5510 ERCKIN01                         ff8e2030 Mullin_h
ffba5630 ERCKIN02                         ff8e2250 Wilkins_h
ffba5750 ERCKIN03                         ff8e2470 Person_h
ffba5870 ERCKIN04                         ff8e2690 Augmon_h
ffba5990 ERCKIN05                         ff8e28b0 Benjamin_h
ffba5ab0 ERCKIN16                         ff8e2ad0 Barkley_h
ffb8e1a0 ERCKIN_P                         ff8e2cf0 Coleman_h
ffc3de50 ERC_KINP                         ff8e2f10 Drexler_h
ff966490 ERRORLOG                         ff8e3130 Ellis_h
ffba5bd0 EUGENE01                         ff8e3350 Elliot_h
ffba5cf0 EUGENE02                         ff8e3570 Hardaway_h
ffba5e10 EUGENE03                         ff8e3790 DHarper_h
ffba5f30 EUGENE04                         ff8e39b0 HCGrant_h
ffba6050 EUGENE05                         ff8e3bd0 HVGrant_h
ffba6170 EUGENE16                         ff8e3df0 Hornacek_h
ffb8e5b0 EUGENE_P                         ff8e4010 Majerle_h
ffc3edb0 EUG_JARP                         ff8e4230 Manning_h
ffc72c60 EWG_NEYP                         ff8e4590 pseq_t
ffaeaf40 EWILPAL                          ff8f7cc0 push_t
ffa99080 EWING                            ff8f8630 tip_t
ffade750 EWING_p                          ff8f87f0 tipj_t
ff83c380 EXISTOBJ                         ff8f8a70 passnl_t
ff84f180 EXISTP                           ff8f8f20 passnl3_t
ff8be640 Edwrd_h                          ff8f9210 passnl2_t
ff8e3350 Elliot_h                         ff8f96c0 stagger_t
ff8e3130 Ellis_h                          ff8f9e10 fall_t
ff8c43c0 Ellison_h                        ff8faf50 ffall_t
ff8df070 Ewing_h                          ff8fbfe0 fflyback_t
ffa79b90 F10                              ff8fc110 fflybackwb_t
ffa78b90 F1                               ff8fdde0 flyback_t
ffa7ab70 F2                               ff8fdf10 flybackwb_t
ffa88700 F3                               ff8ff3b0 flyback2_t
ffa87700 F4                               ff8ff4e0 flybackwb2_t
ffa7bb50 F5                               ff8ffd50 fflyback2_t
ffa86710 F6                               ff8ffe80 fflybackwb2_t
ffa85720 F7                               ff900500 pickup_t
ffa7cb50 F8                               ff900cc0 elbo_t
ffa7db40 F9                               ff901530 elbo2_t
ffa07540 FAC_SET                          ff9021a0 dunka_t
ffa30900 FAC_STUF                         ff9026b0 dunka2_t
0106f350 FADERAM                          ff902bc0 dunkb_t
ff954610 FADE_DOWN                        ff903570 dunkb2_t
ff9545d0 FADE_UP                          ff903f20 dunkb3_t
ffaf0520 FGAMEPAL                         ff9048d0 dunkc_t
ff848810 FILLAREA                         ff904d60 dunkd_t
ffbf7cb0 FIREFALP                         ff905290 dunkd2_t
ffb23fb0 FL10_p                           ff9057c0 dunke_t
ffb24690 FL11_p                           ff905c90 dunke2_t
ffb24d70 FL12_p                           ff906160 dunkf_t
ffb25450 FL13_p                           ff906710 dunkg_t
ffb25b30 FL14_p                           ff906c20 dunkg2_t
ffb26210 FL15_p                           ff907130 dunkj_t
ffb268f0 FL16_p                           ff9076a0 dunkj4_t
ffb26fd0 FL17_p                           ff907c50 dunkj2_t
ffb276b0 FL18_p                           ff9081c0 dunkj3_t
ffb27d90 FL19_p                           ff908b70 dunkk_t
ffb201d0 FL1_p                            ff9090e0 dunkk2_t
ffb28470 FL20_p                           ff909650 dunkl_t
ffb28b50 FL21_p                           ff909bc0 dunkl2_t
ffb29230 FL22_p                           ff90a170 dunkl3_t
ffb29910 FL23_p                           ff90a6e0 dunkl4_t
ffb29ff0 FL24_p                           ff90ac50 dunkn_t
ffb2a6d0 FL25_p                           ff90b160 dunkn2_t
ffb2adb0 FL26_p                           ff90b670 dunko_t
ffb2b490 FL27_p                           ff90bf20 dunko2_t
ffb2bb70 FL28_p                           ff90c650 dunkp_t
ffb2c250 FL29_p                           ff90cc40 dunkp2_t
ffb208b0 FL2_p                            ff90d230 dunkp3_t
ffb2c930 FL30_p                           ff90d960 dunkq_t
ffb2d010 FL31_p                           ff90ded0 dunkq3_t
ffb2d6f0 FL32_p                           ff90e400 dunkq2_t
ffb2ddd0 FL33_p                           ff90e970 dunkq4_t
ffb2e4b0 FL34_p                           ff90eea0 dunkr_t
ffb2eb90 FL35_p                           ff90f410 dunkr2_t
ffb2f270 FL36_p                           ff90f9c0 dunks_t
ffb2f950 FL37_p                           ff90ff70 dunks2_t
ffb30030 FL38_p                           ff910520 dunkt_t
ffb30710 FL39_p                           ff910bf0 dunkt2_t
ffb20f90 FL3_p                            ff9115e0 dunkt3_t
ffb30df0 FL40_p                           ff911fd0 dunkt4_t
ffb314d0 FL41_p                           ff912d10 dunkt5_t
ffb31bb0 FL42_p                           ff913a00 dunku_t
ffb32290 FL43_p                           ff913f70 dunku2_t
ffb32970 FL44_p                           ff914530 dunku3_t
ffb33050 FL45_p                           ff914c70 dunku4_t
ffb33730 FL46_p                           ff915570 dunku5_t
ffb33e10 FL47_p                           ff915c70 dunku6_t
ffb344f0 FL48_p                           ff9161a0 dunkv_t
ffb34bd0 FL49_p                           ff9167d0 dunkv2_t
ffb21670 FL4_p                            ff916dc0 dunkw_t
ffb352b0 FL50_p                           ff917330 dunkw2_t
ffb35990 FL51_p                           ff917860 dunkw3_t
ffb36070 FL52_p                           ff917de0 dunky_t
ffb36750 FL53_p                           ff918910 dunky2_t
ffb36e30 FL54_p                           ff919140 dunkz3_t
ffb21d50 FL5_p                            ff9199b0 dunkz4_t
ffb22430 FL6_p                            ff919f60 dunkz5_t
ffb22b10 FL7_p                            ff91a3c0 dunkz6_t
ffb231f0 FL8_p                            ff91a930 dunkz7_t
ffb238d0 FL9_p                            ff91ae50 dunkz8_t
ff846940 FLASHME                          ff91b3c0 dunkz9_t
ffb37510 FL_B_p                           ff91bb70 dunkz10_t
ffb37bf0 FL_G_p                           ff91c2e0 dunkz11_t
ffb392a0 FL_RPR_P                         ff91ca10 hook_t
ffb38bc0 FL_VIK_P                         ff91ca10 hook2_t
ffc2a5a0 FON150                           ff91d020 dunklay7_t
ffc2a630 FON151                           ff91d4a0 dunklay2_t
ffc2a6c0 FON152                           ff91d8a0 dunklay3_t
ffc2a750 FON153                           ff91ddb0 dunklay3a_t
ffc2a7e0 FON154                           ff91e270 dunklay4_t
ffc2a870 FON155                           ff91e670 dunklay5_t
ffc2a900 FON156                           ff91edb0 layup_t
ffc2a990 FON157                           ff91f7a0 layupreb_t
ffc2aa20 FON158                           ff91ffd0 dunklay_t
ffc2aab0 FON159                           ff920b40 dunklay6_t
ffc2ab40 FON15A                           ff9214d0 dunkx_t
ffc2b290 FON15M                           ff9221a0 dunkx2_t
ffc2b7a0 FON15V                           ff923260 dunkx3_t
ffc2b830 FON15W                           ff923b20 dunkz_t
ffc2b8c0 FON15X                           ff924090 dunkz2_t
ffc2db10 FONT7A                           ff924640 stnd_t
ffc306f0 FONT7colon                       ff924770 stndwb2_t
ffa96920 FORD                             ff9256c0 plyr_lost
ffa06dd0 FORM_ADC                         ff927240 arw_on1plyr
ffa11a90 FORM_SWS                         ff927420 stick_number
ff849740 FRANIMQ                          ff9275e0 stick_numbers
ff849290 FRANIM                           ff928070 stick_cpu
ff83ba70 FREEOBJ                          ff928660 stick_spark
01000020 FREE                             ff928f70 stick_spark2
ffcefa10 FRENCH_1                         ff9296c0 cr_cntrs_update
ffcefa60 FRENCH_2                         ff92ae00 score_showtvpanel2
ffcefab0 FRENCH_3                         ff92aff0 score_showtvpanel
ffcefb00 FRENCH_4                         ff92b0d0 scr1
ffcef7c0 FRENCH_ELECTITLE                 ff92b570 update_scorebrd
ff83bf20 FRQDELDIE                        ff92c470 prt_credits
ffa06f80 F_ADC_S                          ff92caa0 clock_strt
ffa128e0 F_TITLE                          ff92de70 cliplockretp
ffaa79f0 FulGamegld                       ff92f530 refill_turbo
ffaa7960 FulGamegrn                       ff92f7e0 score_add
ffaa78d0 FulGameorg                       ff930400 nosecrets_drw
ffaa7840 FulGamered                       ff9306f0 bracket_drw
ffb4a4f0 GAMBLE10                         ff930f40 prt_cr_timers
ffb4a580 GAMBLE11                         ff931210 prt_top_scores
ffb49fe0 GAMBLE1                          ff9346a0 shot_clock
ffb4a610 GAMBLE12                         ff935880 sclockx
ffa9d010 GAMBLE                           ff936450 show_ot_msg
ffb4a6a0 GAMBLE13                         ff9369e0 doalert_snd
ffb4a730 GAMBLE14                         ff936e80 fix_dropout_msgs
ffb4a7c0 GAMBLE15                         ff9380d0 flash_plyr_wht
ffb4a850 GAMBLE16                         ff939390 doflshs
ffb4a070 GAMBLE2                          ff93a470 tournament_on
ffb4a100 GAMBLE3                          ff93b7c0 cpu_subs
ffb4a190 GAMBLE4                          ff93e2a0 dropout_stats
ffb4a220 GAMBLE5                          ff93e560 instructions
ffb4a2b0 GAMBLE6                          ff93e9d0 print_inst
ffb4a340 GAMBLE7                          ff941bc0 SHAKER
ffb4a3d0 GAMBLE8                          ff9423d0 do_warns
ffb4a460 GAMBLE9                          ff942820 idiot_box
ffcc0730 GAMBLE_P                         ff942aa0 player_data
010e58b0 GAMSTATE                         ff943b00 blink_plyr
ffca3e30 GAM_BOSP                         ff943b40 blink_plyr2
ff83e590 GANIOF                           ff943d10 flsh_box
ff83c950 GANISAG                          ff944220 update_cont_message
ffa97460 GAY                              ff9449d0 flash_bigtxt
ffa96140 GENTILE                          ff944d40 flash_bigtxt2
ffa0c530 GEN_MENU                         ff9450b0 game_over
ffb9e130 GEOR16                           ff945ab0 update_shoes
ffb9db90 GEOR1                            ff9461a0 starring
ffb9dcb0 GEOR2                            ff94a690 player_names
ffb9ddd0 GEOR3                            ff953290 our_names
ffb9def0 GEOR4                            ff953a30 snd_reset
ffb9e010 GEOR5                            ff953bd0 QSNDRST
ffb89470 GEOR_P                           ff953c90 snd_play1ovrp
ffcef880 GERMAN_1                         ff953de0 snd_play1ovr
ffcef8d0 GERMAN_2                         ff953ed0 snd_play1
ffcef920 GERMAN_3                         ff953ee0 snd_play
ffcef970 GERMAN_4                         ff954130 snd_update
ffcef820 GERMAN_ELECTITLE                 ff9543d0 SNDSND
ff83e460 GETANIXY                         ff9545d0 FADE_UP
ff848370 GETANIX                          ff954610 FADE_DOWN
ff8482a0 GETCPNT                          ff954ca0 ALLOFF
ffa3d990 GETHIGH                          ff954ce0 musicoff_snd
ffa3ef70 GETINIT1                         ff954d60 YAMOFF
ffa3edc0 GETINIT                          ff9551a0 coin_snd
ffa3ef70 GETINIT2                         ff9551e0 beep2_snd
ff83b8c0 GETOBJ                           ff955220 cntdown_snd
ff84ea30 GETPRC                           ff955260 horn_snd
ffa11490 GETSTICK                         ff9552a0 tune2_snd
ffa07060 GET_ADJ                          ff9552e0 sound_watchdog
ffa067b0 GET_AUD                          ff955b00 TVBP
ffa012d0 GET_CREDITS                      ff955c80 TVBPX
ffa2e8a0 GET_CSPT                         ff955e00 TVPATCH
ffa07f30 GET_CSTR                         ff9563e0 RD7FONT
ffa0e720 GET_FAC                          ff9563e0 TVPATCHX
ffa3f890 GET_HSCR                         ff956f80 RD15FONT
ffa3d730 GET_HSC                          ff957b20 set_imgs
ffae8de0 GILL_P                           ff957ea0 amode_start
ffa99110 GILL                             ff959fa0 show_operatormsg
ffc73c50 GIL_SEAP                         ff95c0c0 show_designteam
010f11a0 GMENULEV                         ff9611f0 osgfont_t
ffaf23c0 GOLD                             ff966490 ERRORLOG
ffa97970 GOSKIE                           ff9665b0 hint_page
ff9f9d00 GO_ADJ                           ff970da0 new_page
ffa2f040 GO_DIAG                          ff974a00 stats_page2
ffa96890 GRANN                            ff974a20 stats_page
ffae2850 GRANTG_P                         ff976460 plyr_subs
ffa991a0 GRANT_HC                         ff9765b0 COLTAB
ffa99230 GRANT_HV                         ff97d6c0 rank_screen
ffae2440 GRANT_P                          ff980960 winning_msg
ffa96ad0 GREEN                            ff9820c0 print_ranking
ffaf2100 GREENPAL                         ff983170 get_initials_string
ffb153b0 GREYPAL                          ff983310 print_player_stats
ffc3fd80 GRG_PETP                         ff985c10 print_teams_defeated
ffb16c10 GRNPAL                           ff9867c0 dec_to_asc
ffb13780 GROWBOXg                         ff986b80 dec_to_pct
ffb13600 GROWBOXb                         ff986db0 copy_string
ffb13900 GROWBOXy                         ff986e70 concat_string
ffaf1510 GROWBOX                          ff986f70 copy_rom_string
ffb13a80 GROWBOXr                         ff987010 concat_rom_string
ffc95cb0 GRT_CHIP                         ff987380 print_string_C
ffc98c80 GRT_PRTP                         ff987460 print_string_C2
ff83c710 GSCRNREL                         ff987600 print_string_R
ffa98ff0 GUGLI                            ff9876e0 print_string_R2
ffc96c90 GUG_WASP                         ff9878e0 print_string
ffaea640 GUG_p                            ff987910 print_string2
ffa12a10 G_BORDER                         ff987fa0 setup_message
ff8bf0e0 Gamble_h                         ff9881e0 print_message
ff8e1bf0 Gill_h                           ff9885e0 osgemd_ascii
ff8be420 Gug_h                            ff9895e0 sgmd8_ascii
ffa96a40 HAEGER                           ff98ab40 osgmd8_ascii
ffae44c0 HAKEEM_P                         ff98c0a0 lgmd_ascii
010e58c0 HALT                             ff98d0a0 omlgmd_ascii
ffae1c20 HARDAW_p                         ff98e0a0 ogmd10_ascii
ffa99350 HARPER_D                         ff98f520 save_player_records
ffa993e0 HARPER_R                         ff991340 clear_player_stats
ffadf380 HARPER_p                         ff9913d0 inc_player_stat
ffca4c60 HAR_ORLP                         ff991490 dec_player_stat
ffa99470 HAWKINS                          ff9934b0 find_record
ffae7990 HAWKINS_P                        ff993bd0 get_player_record
ff8e39b0 HCGrant_h                        ff9942c0 get_all_records
ffa961d0 HEITSCH                          ff994720 sort_wins
ff8470f0 HEXTOASC                         ff9956d0 calc_num_defeated
ffa97850 HEY                              ff995780 clear_player_records
ffa39d80 HID_P                            ff996e70 show_hiscore
ffaeff90 HOOP_p                           ff9986e0 COLTAB2
ffa99500 HORNACEK                         ff99ef00 show_player_records
ffae2c60 HORNA_P                          ff9a1c00 pass_speech
ffb519f0 HORRY10                          ff9a3e00 name_speech
ffb51a80 HORRY11                          ff9a85c0 speech_playovrp
ffb51b10 HORRY12                          ff9a8600 shoots_speech
ffb51ba0 HORRY13                          ff9a95f0 scored_speech
ffb51c30 HORRY14                          ff9aac60 seq_call_name
ffb51cc0 HORRY15                          ff9aaed0 pass_to_speech
ffb514e0 HORRY1                           ff9ac350 call_team_name
ffb51d50 HORRY16                          ff9ac3d0 call_matchup
ffb51570 HORRY2                           ff9ac8a0 pushed_speech
ffb51600 HORRY3                           ff9aca40 rejected_speech
ffb51690 HORRY4                           ff9acc90 rejected_dnk_speech
ffb51720 HORRY5                           ff9ace60 rebound_speech
ffb517b0 HORRY6                           ff9ad3e0 intercepted_speech
ffb51840 HORRY7                           ff9ad500 stolen_speech
ffb518d0 HORRY8                           ff9ad700 seq_lay_up_start
ffb51960 HORRY9                           ff9ad770 seq_jam_speech
ffa9d760 HORRY                            ff9ada90 call_scores
ffcc6270 HORRY_P                          ff9ae820 name_call
ffca59c0 HOR_HOUP                         ff9af080 nogood_speech
ffa97100 HOSK                             ff9af2d0 victory_speech
ffc74c40 HPR_DALP                         ff9af530 setup_speech
ffc75c40 HRD_GLDP                         ff9b0b20 initials_entry
ffc33c60 HRD_GLD                          ff9b4000 team_selection
ffc76c20 HRN_PHLP                         ff9b6130 get_teams_pop
ffc77c20 HRP_CLPP                         ff9b84d0 create_player_heads
ffa09db0 HTOHXASC                         ff9b8c20 create_team_set_flsh
ffb4fef0 HUNTER10                         ff9b8ee0 create_team_set
ffb4ff80 HUNTER11                         ff9b93c0 update_player_heads
ffb50010 HUNTER12                         ff9bcec0 create_logos
ffb500a0 HUNTER13                         ff9bd6d0 update_team_set
ffa9d5b0 HUNTER                           ff9bdcc0 update_logos
ffb4f9e0 HUNTER1                          ff9c6020 credit_messages
ffb50130 HUNTER14                         ff9ca530 credits
ffb501c0 HUNTER15                         ff9ca6b0 credits2
ffb50250 HUNTER16                         ff9ca790 credits3
ffb4fa70 HUNTER2                          ff9ca850 create_credits
ffb4fb00 HUNTER3                          ff9cc550 obj_on
ffb4fb90 HUNTER4                          ff9cc5d0 obj_off
ffb4fc20 HUNTER5                          ff9cc650 scroll_page
ffb4fcb0 HUNTER6                          ff9cca50 monitor_fullgame
ffb4fd40 HUNTER7                          ff9ce220 monitor_buyins
ffb4fdd0 HUNTER8                          ff9ce320 team_control
ffb4fe60 HUNTER9                          ff9d1f60 city_tbl
ffcc4a70 HUNTER_P                         ff9d2490 logos
ffca6830 HUN_DETP                         ff9d2810 name_sort
ffb5d6f0 HURL10                           ff9d45a0 create_bits
ffb5d780 HURL11                           ff9d4a70 create_bits2
ffb5d810 HURL12                           ff9d5400 start_teams
ffb5d8a0 HURL13                           ff9d6260 ladder_imgs0
ffb5d930 HURL14                           ff9d6580 ladder_imgs1
ffb5d1e0 HURL1                            ff9d6ba0 ladder_imgs2
ffb5d9c0 HURL15                           ff9d71c0 ladder_imgs3
ffb5da50 HURL16                           ff9d77e0 ladder_imgs4
ffb5d270 HURL2                            ff9d7e00 ladder_imgs5
ffb5d300 HURL3                            ff9d8420 ladder_imgs6
ffb5d390 HURL4                            ff9d8a40 morf_pal
ffa9e060 HURL                             ff9d92e0 get_all_starts_down
ffb5d420 HURL5                            ff9d9500 get_start_down
ffb5d4b0 HURL6                            ff9d9610 get_start_cur
ffb5d540 HURL7                            ff9d96e0 get_team1_turbo
ffb5d5d0 HURL8                            ff9d9820 get_team2_turbo
ffb5d660 HURL9                            ff9d9960 get_turbo_down
ffcd02a0 HURL_P                           ff9d9a70 get_all_sticks_cur
ffca7680 HUR_SACP                         ff9d9c90 get_all_sticks_cur2
ff8e3bd0 HVGrant_h                        ff9d9e00 get_stick_val_cur
ffa28410 HVLINE                           ff9d9ed0 get_all_sticks_down
ffc78bc0 HWK_CHAP                         ff9da0f0 get_all_sticks_down2
ffa13340 H_SLAVE                          ff9da260 get_stick_val_down
ff8e3570 Hardaway_h                       ff9da370 get_all_buttons_cur
ff8de490 Hawkins_h                        ff9da590 get_all_buttons_cur2
ff8e3df0 Hornacek_h                       ff9da700 get_but_val_cur
ff8c0c80 Horry_h                          ff9da7d0 get_all_buttons_down
ff8c0620 Hunter_h                         ff9da9f0 get_all_buttons_down2
ff8c3700 Hurley_h                         ff9dab60 get_but_val_down
ffa28180 INITCOLR                         ff9dac70 get_but_val_down_nt
ffaa73c0 INITIALS                         ff9dad40 get_steal_but_cur
ffaa6be0 INITIALS_B                       ff9dae10 result_screen
ffa3f070 INITMAT                          ff9dca30 matchup_screen
ffa3e9f0 INITTIM                          ff9dd210 timeout
ffa3d550 INIT_HSR                         ff9ddb80 timeout2
ffa3ff50 INIT_TAB                         ff9de660 timeout3
ffa3ff60 INIT_TB                          ff9df380 check_initials
ff83baf0 INSBOBJ                          ff9e1a40 select_teams
ff83bb30 INSOBJ                           ff9e2c50 get_opponent_team
ff840950 INTIO                            ff9e2cf0 ingame_mess
0106d460 IRQSKYE                          ff9e3730 winner_stays_on
ffa3e9f0 ISHSTD                           ff9e4ac0 buyin_screen
ff83c480 ISOBJ                            ff9e6160 blink_tmslct
ffba6290 JACHAG01                         ff9e6580 grand_champs_screen
ffba63b0 JACHAG02                         ff9e8250 drw_chicks
ffba64d0 JACHAG03                         ff9e9a80 player_heads
ffba65f0 JACHAG04                         ff9f2680 player_attribs
ffba6710 JACHAG05                         ff9f6600 check_suckup
ffba6830 JACHAG16                         ff9f68b0 attrib_off
ffb8e9c0 JACHAG_P                         ff9f6980 attrib_on
ffb4d1f0 JACK10                           ff9f6a50 update_attribs
ffb4d280 JACK11                           ff9f6fa0 del_box_imgs
ffb4d310 JACK12                           ff9f76f0 brown_shadow
ffb4cce0 JACK1                            ff9f7a50 blue_shadow
ffb4d3a0 JACK13                           ff9f7c80 challenger
ffa9d2e0 JACK                             ff9f85b0 challenger2
ffb4d430 JACK14                           ff9f89e0 guyhds
ffb4d4c0 JACK15                           ff9f9560 our_heads
ffb4d550 JACK16                           ff9f9d00 GO_ADJ
ffb4cd70 JACK2                            ff9fcf60 TAMPEREDP
ffb4ce00 JACK3                            ff9fcfe0 CKDIP
ffb4ce90 JACK4                            ff9fd060 SET_COIN_ADJ
ffb4cf20 JACK5                            ff9fd740 DO_ADJH
ffb4cfb0 JACK6                            ff9fec30 BINBCD
ffb4d040 JACK7                            ff9fedc0 BCDBIN
ffb4d0d0 JACK8                            ff9feee0 L_TIMER
ffb4d160 JACK9                            ff9ff490 SERVICE
ffcc2b40 JACK_P                           ff9ff690 LCOIN
ffca83b0 JAC_DALP                         ff9ff700 CCOIN
ffc40d40 JAC_HAGP                         ff9ff770 RCOIN
ffba1190 JAKSIM01                         ff9ff7e0 XCOIN
ffba12b0 JAKSIM02                         ffa00130 CR_STRTP
ffba13d0 JAKSIM03                         ffa00290 CR_CONTP
ffba14f0 JAKSIM04                         ffa003f0 P_START
ffba1610 JAKSIM05                         ffa00630 P_CONT
ffba1730 JAKSIM16                         ffa00840 NO_CREDS
ffb8b4f0 JAKSIM_P                         ffa01010 CK_MAX
ffc62710 JAK_SIMP                         ffa010b0 UNIT_CLR
ffc332d0 JAM_RIVM                         ffa012b0 CRED_P
ffc65470 JAM_RIVP                         ffa012d0 GET_CREDITS
ffa969b0 JARVIS                           ffa016f0 CRD_SCRN
ffba6950 JASFLA01                         ffa01700 CRD_SCRN2
ffba6a70 JASFLA02                         ffa044e0 winner_stays_box
ffba6b90 JASFLA03                         ffa05d20 SLAM_SW
ffba6cb0 JASFLA04                         ffa060b0 CCCC
ffba6dd0 JASFLA05                         ffa061f0 COIN_PAG
ffba6ef0 JASFLA16                         ffa06280 aud_addnumplyrs
ffb8edd0 JASFLA_P                         ffa067b0 GET_AUD
ffc41d40 JAS_FLAP                         ffa068f0 STORE_AUDIT
ffb9a590 JC1                              ffa069c0 CLR_AUDR
ffb9a6b0 JC10                             ffa06ab0 KILL_AUD
ffb9a7d0 JC11                             ffa06b50 AUD
ffb9a8f0 JC12                             ffa06c60 AUD1
ffb9aa10 JC13                             ffa06cd0 CLR_AUD
ffb9ab30 JC14                             ffa06d70 CMOS_VAL
ffb9ac50 JC15                             ffa06dd0 FORM_ADC
ffb9ad70 JC16                             ffa06f80 F_ADC_S
ffb9ae90 JC2                              ffa07060 GET_ADJ
ffb9afb0 JC3                              ffa07130 PUT_ADJ
ffb9b0d0 JC4                              ffa074a0 ADJ_PAGE
ffb9b1f0 JC5                              ffa07530 DEF_PAGE
ffb9b310 JC6                              ffa07540 FAC_SET
ffb9b430 JC7                              ffa078b0 LD_CTAB
ffb9b550 JC8                              ffa07de0 L_MESS
ffb9b670 JC9                              ffa07ee0 LM_SETUP
ffb888e0 JC_p                             ffa07f20 LM_FINIS
ffba7010 JGREEN01                         ffa07f30 GET_CSTR
ffba7130 JGREEN02                         ffa084c0 CAT_A0
ffba7250 JGREEN03                         ffa08be0 ROM_NAME
ffba7370 JGREEN04                         ffa098b0 WAIT_MUT
ffba7490 JGREEN05                         ffa09db0 HTOHXASC
ffba75b0 JGREEN16                         ffa0a050 STRCAT
ffb8f1e0 JGREEN_P                         ffa0adf0 CPU_RET
ffba36b0 JIMGEN01                         ffa0aef0 WAIT_BUT
ffba37d0 JIMGEN02                         ffa0b060 CKTEST
ffba38f0 JIMGEN03                         ffa0b1a0 CKDIAG
ffba3a10 JIMGEN04                         ffa0b2d0 DIAG
ffba3b30 JIMGEN05                         ffa0b4c0 DIAG_EX
ffb8cd50 JIMGEN_P                         ffa0c530 GEN_MENU
ffc42d00 JIM_GENP                         ffa0cb80 MENU_TOP
ffc43ce0 JIM_GRNP                         ffa0cbc0 TOP_BOX
ffba76d0 JOEDIL01                         ffa0cf60 RED_BOX
ffba77f0 JOEDIL02                         ffa0d130 COL_INST
ffba7910 JOEDIL03                         ffa0d310 DIGSRT
ffba7a30 JOEDIL04                         ffa0d580 DIAG_COLORS
ffba7b50 JOEDIL05                         ffa0e4c0 CHK_CMOS
ffba7c70 JOEDIL16                         ffa0e720 GET_FAC
ffb8f5f0 JOEDIL_P                         ffa0e9a0 B_MENU
ffba7d90 JOELIN01                         ffa113d0 ST_STICK
ffba7eb0 JOELIN02                         ffa11490 GETSTICK
ffba7fd0 JOELIN03                         ffa11a90 FORM_SWS
ffba80f0 JOELIN04                         ffa11b00 fudge_switches
ffba8210 JOELIN05                         ffa11d90 fudge_switches_diag
ffba8330 JOELIN16                         ffa12020 fudge_switches2
ffb8fa00 JOELIN_P                         ffa128e0 F_TITLE
ffc44c90 JOE_DILP                         ffa12a10 G_BORDER
ffc45c60 JOE_LINP                         ffa12bd0 DOBORDER
ffba3110 JOHNN01                          ffa12fd0 STD_BORD
ffba3230 JOHNN02                          ffa131f0 BLNKHELP
ffba3350 JOHNN03                          ffa13340 H_SLAVE
ffba3470 JOHNN04                          ffa13a00 AREUSURE
ffba3590 JOHNN05                          ffa13f60 SUR_MESS
ffb8c940 JOHNN_P                          ffa14080 SURE_BOX
ffa99590 JOHNSN_L                         ffa14e30 opmsg_main
ffae7da0 JOHNSON_P                        ffa16110 opmsg_clr
ffca9180 JOH_PHXP                         ffa18c00 POWERTST
ffb968d0 JONH11                           ffa18e10 POWERCMOS
ffb969f0 JONH12                           ffa1a5e0 BURN_IN
ffb96b10 JONH13                           ffa1a7f0 DIAGCPUTEST
ffb967b0 JONH10                           ffa1e6f0 CROSS_H
ffb96d50 JONH15                           ffa1fab0 COL_BARS
ffb96e70 JONH16                           ffa1ff90 SWITCHTEST
ffb96c30 JONH14                           ffa22dd0 READ_DIP
ffb95d90 JONH1                            ffa28180 INITCOLR
ffb95eb0 JONH2                            ffa28260 POINT
ffb95fd0 JONH3                            ffa28310 RECTANGLE
ffb960f0 JONH4                            ffa28410 HVLINE
ffb96210 JONH5                            ffa289e0 STRNEW1
ffb96330 JONH6                            ffa28ad0 STRING
ffb96450 JONH7                            ffa29050 CIRCLE
ffb96570 JONH8                            ffa29660 DSCRCLR
ffb96690 JONH9                            ffa2e8a0 GET_CSPT
ffb86d30 JONH_P                           ffa2ea70 CKPROMPT
ffba1850 JONLOW01                         ffa2f040 GO_DIAG
ffba1970 JONLOW02                         ffa30900 FAC_STUF
ffba1a90 JONLOW03                         ffa30b20 BUILD_ST
ffba1bb0 JONLOW04                         ffa31370 ANY_BUT
ffba1cd0 JONLOW05                         ffa31480 SNDTST
ffb8b900 JONLOW_P                         ffa39d80 HID_P
ffba8450 JONVOG01                         ffa3c340 STR_OBJ
ffba8570 JONVOG02                         ffa3d120 STR_FREE
ffba8690 JONVOG03                         ffa3d320 P_FORK
ffba87b0 JONVOG04                         ffa3d3c0 DEC_HSR
ffba88d0 JONVOG05                         ffa3d550 INIT_HSR
ffba89f0 JONVOG16                         ffa3d730 GET_HSC
ffb8fe10 JONVOG_P                         ffa3d990 GETHIGH
ffc33240 JON_CARM                         ffa3e9f0 ISHSTD
ffc64470 JON_CARP                         ffa3e9f0 INITTIM
ffc93cf0 JON_CHAP                         ffa3edc0 GETINIT
ffc33360 JON_HEYM                         ffa3ef70 GETINIT2
ffc663d0 JON_HEYP                         ffa3ef70 GETINIT1
ffc46c50 JON_LOWP                         ffa3f070 INITMAT
ffc47c50 JON_NEWP                         ffa3f160 A2_CHECK
ffc48c00 JON_TOBP                         ffa3f890 GET_HSCR
ffc49c00 JON_VOGP                         ffa3fca0 PT_ENTRY
ffba8b10 JOSTSU01                         ffa3fd30 ROM_PTRS
ffba8c30 JOSTSU02                         ffa3fe00 SET_PAGE
ffba8d50 JOSTSU03                         ffa3ff50 INIT_TAB
ffba8e70 JOSTSU04                         ffa3ff60 INIT_TB
ffba8f90 JOSTSU05                         ffa400f0 VAL_TAB
ffba90b0 JOSTSU16                         ffa40a00 RC_BYTE
ffb90220 JOSTSU_P                         ffa40ab0 WC_BYTE
ffc4abb0 JOS_TSUP                         ffa40c40 RC_BYTEI
ffa977c0 JSKILES                          ffa40ca0 RC_WORD
ff8da390 JTO_H                            ffa40e20 RC_LONG
ff8bfb80 Jack_h                           ffa40f40 RC_LONGI
ffa96bf0 KAM                              ffa40fa0 WC_BYTEI
ffa9a5e0 KANDERSON                        ffa40ff0 WC_WORD
ffb9e910 KARHOS01                         ffa410b0 WC_WORDI
ffb9ea30 KARHOS02                         ffa41100 WC_LONG
ffb9eb50 KARHOS03                         ffa411c0 WC_LONGI
ffb9ec70 KARHOS04                         ffa41790 .data
ffb9ed90 KARHOS05                         ffa41790 etext
ffb9eeb0 KARHOS16                         ffa47b40 hiscoreBMOD
ffb89c90 KARHOS_P                         ffa48bd0 empjambBMOD
ffc38fa0 KAR_HOSP                         ffa49e60 yesnoBMOD
ff8beca0 KAnderson_h                      ffa4c540 namebox4BMOD
ffa996b0 KEMP                             ffa4c5d0 namebox2BMOD
ffae85c0 KEMP_P                           ffa4c660 selbackBMOD
ff84edb0 KIL1C                            ffa4c6f0 namebox3BMOD
ff84edc0 KILALLN                          ffa4e030 teamselBMOD
ff84ed90 KILALL                           ffa521d0 finalBMOD
ff842250 KILBGND                          ffa52260 matchupBMOD
ffa06ab0 KILL_AUD                         ffa53c70 statscrkBMOD
ff84e840 KILL                             ffa53d00 statscrnBMOD
ffa96260 KINKEAD                          ffa55ec0 trnedBMOD
ffa9a820 KJOHNSON                         ffa57290 congratbBMOD
ff8c30a0 KJohn_h                          ffa58700 ladderBMOD
ffc7aa80 KMP_SEAP                         ffa58790 dabullBMOD
ff8deaf0 KMalone_h                        ffa5a6e0 chrvic1BMOD
ffa96fe0 KONGO                            ffa5c060 nameboxkBMOD
ff84efa0 KOP_1C                           ffa5c0f0 selbackkBMOD
ff84efb0 KOP_ALL                          ffa5d890 subsBMOD
ffb4bff0 KUKOC10                          ffa5dcd0 viewfrtBMOD
ffb4c080 KUKOC11                          ffa5e000 blankjamBMOD
ffb4c2c0 KUKOC15                          ffa5e090 wood64
ffb4bae0 KUKOC1                           ffa5e4a0 NBAPAL_V
ffb4c1a0 KUKOC13                          ffa5e680 BNBA_V_P
ffb4c230 KUKOC14                          ffa5e7e0 BNBAPALV
ffb4c110 KUKOC12                          ffa5e940 NBAPALV
ffa9d1c0 KUKOC                            ffa5eb20 BNBAPALB
ffb4c350 KUKOC16                          ffa5ec80 NBAPAL
ffb4bb70 KUKOC2                           ffa5ee60 METLPALG
ffb4bc00 KUKOC3                           ffa5f1b0 orePALS
ffb4bc90 KUKOC4                           ffa5f310 yjamPALS
ffb4bd20 KUKOC5                           ffa5f3f0 oPALS
ffb4bdb0 KUKOC6                           ffa5f490 ATTBKR_P
ffb4be40 KUKOC7                           ffa5f520 ATTBKB_P
ffb4bed0 KUKOC8                           ffa5f5b0 wood64b
ffb4bf60 KUKOC9                           ffa5f9c0 METLPALB
ffcc1f30 KUKOC_P                          ffa5fd10 METLPALR
ffca9e20 KUK_CHIP                         ffa60060 NLWOOD64
ffb573f0 K_AND10                          ffa60470 ackPALS
ffb575a0 K_AND13                          ffa60570 westpalc
ffb57480 K_AND11                          ffa606f0 eastpalc
ffb57510 K_AND12                          ffa60820 MBOX_B_P
ffb56ee0 K_AND1                           ffa609d0 MBOX_R_P
ffb57630 K_AND14                          ffa60b80 selPALS
ffb576c0 K_AND15                          ffa60ce0 WHITEPAL3
ffb57750 K_AND16                          ffa60fa0 QTRBYB_P
ffb56f70 K_AND2                           ffa61020 hbakPALS
ffb57000 K_AND3                           ffa611e0 scrnPALS
ffb57090 K_AND4                           ffa612a0 Z_pal1
ffb57120 K_AND5                           ffa622a0 Z_pal2
ffb571b0 K_AND6                           ffa62f30 Z_pal3
ffb57240 K_AND7                           ffa63f20 Z_pal4
ffb572d0 K_AND8                           ffa64920 stat_p
ffb57360 K_AND9                           ffa64d20 STATIC_p
ffccacb0 K_AND_P                          ffa64e80 Z_pal7
ffb5bc80 K_JOHN11                         ffa65e80 Z_pal8
ffb5bbf0 K_JOHN10                         ffa66e80 Z_pal9
ffb5b6e0 K_JOHN1                          ffa67db0 Z_pal10
ffb5bd10 K_JOHN12                         ffa68db0 Z_pal11
ffb5bda0 K_JOHN13                         ffa69370 Z_pal12
ffb5be30 K_JOHN14                         ffa6a040 Z_pal13
ffb5bec0 K_JOHN15                         ffa6b040 P_STATIC
ffb5bf50 K_JOHN16                         ffa6b440 top2_p
ffb5b770 K_JOHN2                          ffa6c430 Z_pal16
ffb5b800 K_JOHN3                          ffa6d3a0 Z_pal17
ffb5b890 K_JOHN4                          ffa6e030 Z_pal18
ffb5b920 K_JOHN5                          ffa6f030 Z_pal19
ffb5b9b0 K_JOHN6                          ffa6ff80 Z_pal20
[...]
ff8acd60 seq_keepzx                       ffbb06d0 VNCPON02
ff9ad700 seq_lay_up_start                 ffbb07f0 VNCPON03
ff8acbe0 seq_newdir                       ffbb0910 VNCPON04
ff8ad270 seq_noballoff                    ffbb0a30 VNCPON05
ff8b1870 seq_push                         ffbb0b50 VNCPON16
ff8aeb20 seq_rebounda                     ffbb0c70 WARDAV01
ff8ad2f0 seq_resetseq                     ffbb0d90 WARDAV02
ff8ad3e0 seq_run                          ffbb0eb0 WARDAV03
ff8b0460 seq_slamball                     ffbb0fd0 WARDAV04
ff8ad180 seq_smoke                        ffbb10f0 WARDAV05
ff8ad220 seq_snd                          ffbb1210 TOBIAS01
ff8ac5f0 seq_stand                        ffbb1330 TOBIAS02
ff8acd00 seq_stayinair                    ffbb1450 TOBIAS03
ff8acb80 seq_stealstand                   ffbb1570 TOBIAS04
ff8ad090 seq_stopfire                     ffbb1690 TOBIAS05
ff8af260 seq_strtdunk                     ffbb17b0 TOBIAS16
ff8acf10 seq_strtfire                     ffbb18d0 PALHEI01
ff8ace80 seq_stuffzx                      ffbb19f0 PALHEI02
ff957b20 set_imgs                         ffbb1b10 PALHEI03
ff866450 set_names                        ffbb1c30 PALHEI04
ff987fa0 setup_message                    ffbb1d50 PALHEI05
ff9af530 setup_speech                     ffbb1e70 PALHEI16
ff9895e0 sgmd8_ascii                      ffbb1f90 BILDAB01
ffa92b40 sgmd8wht                         ffbb20b0 BILDAB02
ffaeaa50 shad_p                           ffbb21d0 BILDAB03
ffa935a0 shadow1                          ffbb22f0 BILDAB04
ffa93ab0 shadow10                         ffbb2410 BILDAB05
ffa93b40 shadow11                         ffbb2530 BILDAB16
ffa93c60 shadow12                         ffbb2650 RACDAV01
ffa93cf0 shadow13                         ffbb2770 RACDAV02
ffa93d80 shadow14                         ffbb2890 RACDAV03
ffa93e10 shadow15                         ffbb29b0 RACDAV04
ffa93630 shadow2                          ffbb2ad0 RACDAV05
ffa936c0 shadow3                          ffbb2bf0 RACDAV16
ffa93750 shadow4                          ffbb2d10 ballite1
ffa937e0 shadow5                          ffbb2e30 ballite2
ffa93870 shadow6                          ffbb2f50 ballite3
ffa93900 shadow7                          ffbb3070 ballite4
ffa93990 shadow8                          ffbb3190 ballite5
ffa93a20 shadow9                          ffbb32b0 ballite6
ffaa11e0 shard1_1                         ffbb33d0 ballite7
ffaa1270 shard1_2                         ffbb34f0 lighten1
ffaa1300 shard1_3                         ffbb3610 lighten2
ffaa1390 shard1_4                         ffbb3730 lighten3
ffaa1420 shard1_5                         ffbb3850 lighten4
ffaa14b0 shard1_6                         ffbb3970 lighten5
ffaa1540 shard1_7                         ffbb3a90 lighten6
ffaa15d0 shard1_8                         ffbb3bb0 lighten7
ffaa1660 shard2_1                         ffbd7850 w3run1
ffaa16f0 shard2_2                         ffbdf890 w1blok2
ffaa1780 shard2_3                         ffbdf9b0 w1blok3
ffaa1810 shard2_4                         ffbdfbf0 w2blok2
ffaa18a0 shard2_5                         ffbdfd10 w2blok3
ffaa1930 shard2_6                         ffbdff50 w4blok2
ffaa19c0 shard2_7                         ffbe0070 w4blok3
ffaa1a50 shard2_8                         ffbe3e50 w5blok2
ffaa2110 shard3_12                        ffbe3f70 w5blok3
ffaa1ae0 shard3_1                         ffbe81d0 w3desp1
ffaa1ff0 shard3_10                        ffbf7cb0 FIREFALP
ffaa2080 shard3_11                        ffbf8cb0 zwilpal
ffaa1b70 shard3_2                         ffc1fe20 w2fgrl1
ffaa1c00 shard3_3                         ffc1ff40 w2fgrl2
ffaa1c90 shard3_4                         ffc20060 w2fgrl3
ffaa1d20 shard3_5                         ffc21fe0 T2DUNK9
ffaa1db0 shard3_6                         ffc22100 T2DUNK10
ffaa1e40 shard3_7                         ffc22460 T2DUNK3
ffaa1ed0 shard3_8                         ffc22580 T2DUNK4
ffaa1f60 shard3_9                         ffc226a0 T2DUNK5
ffaa26b0 shard4_10                        ffc227c0 T2DUNK6
ffaa21a0 shard4_1                         ffc228e0 T2DUNK7
ffaa2230 shard4_2                         ffc22a00 T2DUNK8
ffaa22c0 shard4_3                         ffc270e0 LED_00
ffaa2350 shard4_4                         ffc27170 LED_MAX
ffaa23e0 shard4_5                         ffc29b80 arrow1r
ffaa2470 shard4_6                         ffc29ca0 arrow2r
ffaa2500 shard4_7                         ffc29dc0 arrow3r
ffaa2590 shard4_8                         ffc29ee0 arrow4r
ffaa2620 shard4_9                         ffc29f70 arrow1t
ffaa2740 shard5_1                         ffc2a000 arrow2t
ffaa27d0 shard5_2                         ffc2a090 arrow3t
ffaa2860 shard5_3                         ffc2a120 arrow4t
ffaa28f0 shard5_4                         ffc2a2d0 arrow1r2p
ffaa2980 shard5_5                         ffc2a3f0 arrow2r2p
ffaa2a10 shard5_6                         ffc2a5a0 FON150
ffaa2aa0 shard5_7                         ffc2a630 FON151
ffaa2b30 shard5_8                         ffc2a6c0 FON152
ffaa2bc0 shard6_1                         ffc2a750 FON153
ffaa2c50 shard6_2                         ffc2a7e0 FON154
ffaa2ce0 shard6_3                         ffc2a870 FON155
ffaa2d70 shard6_4                         ffc2a900 FON156
ffaa2e00 shard6_5                         ffc2a990 FON157
ffaa2e90 shard6_6                         ffc2aa20 FON158
ffaa2f20 shard6_7                         ffc2aab0 FON159
ffaa2fb0 shard6_8                         ffc2ab40 FON15A
ffaa3040 shard7_1                         ffc2b290 FON15M
ffaa3550 shard7_10                        ffc2b7a0 FON15V
ffaa30d0 shard7_2                         ffc2b830 FON15W
ffaa3160 shard7_3                         ffc2b8c0 FON15X
ffaa31f0 shard7_4                         ffc2db10 FONT7A
ffaa3280 shard7_5                         ffc306f0 FONT7colon
ffaa3310 shard7_6                         ffc30b70 SQUD_1
ffaa33a0 shard7_7                         ffc30c00 SQUD_2
ffaa3430 shard7_8                         ffc316b0 RAD_MK2
ffaa34c0 shard7_9                         ffc31740 SCO_MK2
ffaa35e0 shard8_1                         ffc317d0 REP_MK2
ffaa3af0 shard8_10                        ffc31860 SUB_MK2
ffaa3670 shard8_2                         ffc331b0 TON_GOSM
ffaa3700 shard8_3                         ffc33240 JON_CARM
ffaa3790 shard8_4                         ffc332d0 JAM_RIVM
ffaa3820 shard8_5                         ffc33360 JON_HEYM
ffaa38b0 shard8_6                         ffc333f0 SAL_DIVM
ffaa3940 shard8_7                         ffc33480 SHA_LIPM
ffaa39d0 shard8_8                         ffc335a0 MRK_TURM
ffaa3a60 shard8_9                         ffc33630 AUG_ATL
ffaa3b80 shat1_1                          ffc33c60 HRD_GLD
ffaa3c10 shat1_2                          ffc34170 MUL_GLD
ffaa3ca0 shat1_3                          ffc34b00 WLK_ATL
ffaa3d30 shat1_4                          ffc369f0 RAD_MK2P
ffaa3dc0 shat1_5                          ffc37080 SCO_MK2P
ffaa3e50 shat2_1                          ffc37590 REP_MK2P
ffaa3ee0 shat2_2                          ffc37ae0 SUB_MK2P
ffaa3f70 shat2_3                          ffc38100 LOR_OLIP
ffaa4000 shat2_4                          ffc38fa0 KAR_HOSP
ffaa4090 shat2_5                          ffc39f10 BIL_DABP
ffaa4120 shat3_1                          ffc3aed0 CAR_MEDP
ffaa41b0 shat3_2                          ffc3bec0 DAN_FORP
ffaa4240 shat3_3                          ffc3ce70 ED_BOONP
ffaa42d0 shat3_4                          ffc3de50 ERC_KINP
ffaa4360 shat3_5                          ffc3edb0 EUG_JARP
ffaa43f0 shat4_1                          ffc3fd80 GRG_PETP
ffaa4480 shat4_2                          ffc40d40 JAC_HAGP
ffaa4510 shat4_3                          ffc41d40 JAS_FLAP
ffaa45a0 shat4_4                          ffc42d00 JIM_GENP
ffaa4630 shat4_5                          ffc43ce0 JIM_GRNP
ff9a8600 shoots_speech                    ffc44c90 JOE_DILP
ff9346a0 shot_clock                       ffc45c60 JOE_LINP
010ef930 shot_distance                    ffc46c50 JON_LOWP
010ef920 shot_percentage                  ffc47c50 JON_NEWP
010ef900 shot_type                        ffc48c00 JON_TOBP
ffa97fa0 shotclok                         ffc49c00 JON_VOGP
010eae20 shotimer                         ffc4abb0 JOS_TSUP
ff95c0c0 show_designteam                  ffc4bba0 LAR_DUMP
ff996e70 show_hiscore                     ffc4cb90 LIN_DELP
ff959fa0 show_operatormsg                 ffc4db60 MAR_MARP
ff936450 show_ot_msg                      ffc4eb30 MAT_BUTP
ff99ef00 show_player_records              ffc4fb10 MRK_LOFP
010eb1a0 show_shot                        ffc50b00 MRK_PENP
ff8a48d0 sinecos_get                      ffc51b00 PAL_HEIP
010eac70 slamming                         ffc52ab0 PAT_COXP
ff953de0 snd_play1ovr                     ffc53a80 RAC_DAVP
ff953c90 snd_play1ovrp                    ffc54a60 RAY_GAYP
ff953ed0 snd_play1                        ffc55a10 RAY_MOSP
ff953ee0 snd_play                         ffc569e0 ROG_SHRP
ff953a30 snd_reset                        ffc579c0 PAL_BARP
ff954130 snd_update                       ffc58980 REA_PERP
ff994720 sort_wins                        ffc59940 AL_LASCP
010f0ef0 sorted_teams                     ffc5a910 CHR_GRAP
010eb610 sound_rev                        ffc5b910 SHE_OURP
ff9552e0 sound_watchdog                   ffc5c910 STE_BERP
ffa9f5c0 spark1                           ffc5d8d0 TIM_COMP
ffa9f380 spark2                           ffc5e8d0 VIK_APEP
ffa9f410 spark3                           ffc5f7f0 VNC_PONP
ffa9f4a0 spark4                           ffc607c0 VOG_HEDP
ffa9f530 spark5                           ffc61760 WAR_DAVP
ffaefe30 spark_p                          ffc62710 JAK_SIMP
010efbc0 spch_name_ram                    ffc63490 TON_GOSP
010efc40 spch_pass_ram                    ffc64470 JON_CARP
ff8d05c0 spechds_t                        ffc65470 JAM_RIVP
010f06f0 special_heads                    ffc663d0 JON_HEYP
ff9a85c0 speech_playovrp                  ffc67090 SAL_DIVP
ff8f96c0 stagger_t                        ffc67f10 SHN_LIPP
ff9461a0 starring                         ffc68f10 WIL_WILP
ffaa7600 start2                           ffc69ef0 MRK_TURP
ffaa7180 start3                           ffc6aec0 AUG_ATLP
ff85f320 start_animate                    ffc6be50 BRK_PHXP
ff858420 start_arws                       ffc6cd60 COL_NEJP
ffa980c0 start                            ffc6dcf0 DAU_CLEP
ff854be0 start_msgs                       ffc6ecf0 EDW_MLWP
ff9d5400 start_teams                      ffc6fce0 DRX_PRTP
ffa64920 stat_p                           ffc70c70 ELL_DENP
ff974a00 stats_page2                      ffc71c70 ELL_DETP
ff974a20 stats_page                       ffc72c60 EWG_NEYP
ffa53c70 statscrkBMOD                     ffc73c50 GIL_SEAP
ffa53d00 statscrnBMOD                     ffc74c40 HPR_DALP
010e60a0 steals_off                       ffc75c40 HRD_GLDP
ff928070 stick_cpu                        ffc76c20 HRN_PHLP
ff927420 stick_number                     ffc77c20 HRP_CLPP
ff9275e0 stick_numbers                    ffc78bc0 HWK_CHAP
ff928f70 stick_spark2                     ffc79a90 DIV_LAKP
ff928660 stick_spark                      ffc7aa80 KMP_SEAP
010e6960 stlpower                         ffc7b980 LTN_MINP
ff924640 stnd_t                           ffc7c920 MAJ_PHXP
ff924770 stndwb2_t                        ffc7d8e0 MAN_CLPP
ff9ad500 stolen_speech                    ffc7e7b0 MUL_GLDP
010eaab0 strongmen                        ffc7f770 MUT_DENP
ffab1bf0 stshad1                          ffc80710 OLA_HOUP
ffab1c80 stshad2                          ffc81630 PIP_CHIP
ffab16e0 stx_3pts                         ffc82570 POR_PRTP
ffab1410 stx_all                          ffc834f0 PRC_CLEP
ffab1920 stx_ast                          ffc844e0 PRS_MINP
ffab1770 stx_atline                       ffc854e0 RCE_MIAP
ffab1a40 stx_blocks                       ffc86460 ROB_SANP
ffab1140 stx_defeated                     ffc87410 SCH_SEAP
ffab1890 stx_dunks                        ffc882c0 SKL_MIAP
ffab1650 stx_fgs                          ffc892c0 SKL_ORLP
ffab1b60 stx_injury                       ffc8a2a0 SMT_HOUP
ffab1020 stx_l                            ffc8b1a0 STK_UTAP
ffab10b0 stx_lastmtch                     ffc8c080 THM_DETP
ffab11d0 stx_lostto                       ffc8d080 TIS_SACP
ffab1380 stx_nbateams                     ffc8dfd0 WEB_SACP
ffab14a0 stx_norecord                     ffc8ef50 WLK_ATLP
ffab12f0 stx_ofthe27                      ffc8fe00 WOR_LAKP
ffab0f00 stx_pct                          ffc90d90 MIL_INDP
ffab1800 stx_points                       ffc91d90 LOH_MLWP
ffab0e70 stx_rank                         ffc92d80 MLN_UTAP
ffab1ad0 stx_rebs                         ffc93cf0 JON_CHAP
ffab1530 stx_record                       ffc94cc0 OAK_NEYP
ffab19b0 stx_steals                       ffc95cb0 GRT_CHIP
ffab0f90 stx_w                            ffc96c90 GUG_WASP
ffab1260 stx_youhave                      ffc97c80 BEN_NEJP
ffa5d890 subsBMOD                         ffc98c80 GRT_PRTP
ffaa7cc0 swapblu                          ffc99c80 AND_NEJP
ffaa7d50 swapred                          ffc9a9a0 AND_ORLP
ffa9ff50 swish1b                          ffc9b330 ARM_CHIP
ffa9ffe0 swish1f                          ffc9c030 BAK_MLWP
ffaa0070 swish2b                          ffc9ce40 BEN_UTAP
ffaa0100 swish2f                          ffc9dcb0 BRA_PHLP
ffaa0190 swish3b                          ffc9ec20 BRO_BOSP
ffaa0220 swish3f                          ffc9f920 CAM_LAKP
ffaa02b0 swish4b                          ffca0540 CHE_WASP
ffaa0340 swish4f                          ffca13d0 DUM_DETP
ffaa03d0 swish5b                          ffca22b0 ELS_SANP
ffaa0460 swish5f                          ffca2fd0 ELL_WASP
0106d570 switches_cur                     ffca3e30 GAM_BOSP
0106d5b0 switches_down                    ffca4c60 HAR_ORLP
0106d530 switches_old                     ffca59c0 HOR_HOUP
010e5390 swstack_p                        ffca6830 HUN_DETP
010e53b0 swstackbot                       ffca7680 HUR_SACP
010e57b0 swstacktop                       ffca83b0 JAC_DALP
ff842f30 system_restoregame               ffca9180 JOH_PHXP
ff842950 system_savegame                  ffca9e20 KUK_CHIP
ffa95450 t0000                            ffcaaa10 SEL_INDP
ffa95720 t1000                            ffcab870 MAS_DALP
ffa957b0 t1100                            ffcac7c0 MAS_NEYP
ffa95840 t1110                            ffcad6f0 MAX_HOUP
ffa958d0 t1111                            ffcae4d0 MCD_BOSP
010eac80 t1dunkcnt                        ffcaf210 MIN_MIAP
ffa92c10 tPALS                            ffcb0020 MOU_CHAP
ffab9150 t_plateV                         ffcb0df0 NAN_CLEP
010f05e0 team1_control                    ffcb1c30 PAY_SEAP
010f05c0 team1                            ffcb2a40 PEE_LAKP
010f05f0 team2_control                    ffcb3800 RIC_SACP
010f05d0 team2                            ffcb4480 RID_MINP
ff9ce320 team_control                     ffcb52b0 ROB_CLPP
ff9b4000 team_selection                   ffcb6150 ROB_PRTP
010f0b90 teams_pop                        ffcb6ee0 ROD_SANP
ffa4e030 teamselBMOD                      ffcb7970 ROG_DENP
010f0480 teamset1_obj                     ffcb8880 SIM_SACP
010f04a0 teamset2_obj                     ffcb9710 SMI_INDP
ffb13560 textp                            ffcb9f30 STA_NEYP
ffa984b0 three                            ffcbad30 WEA_PHLP
ffab3a50 threepnts                        ffcbbac0 WEB_GLDP
ff9ddb80 timeout2                         ffcbc9c0 WLS_ATLP
ff9de660 timeout3                         ffcbd7f0 DAY_MLWP
ff9dd210 timeout                          ffcbe460 MOR_NEJP
ffa98300 timerlow                         ffcbf320 WILLIS_P
ffaecef0 timers_b                         ffcbfb20 BROWN_P
ffaed0e0 timers_r                         ffcc0320 MCDAN_P
010e60f0 timertcnt                        ffcc0730 GAMBLE_P
ff8f8630 tip_t                            ffcc0f30 MOURN_P
ff8f87f0 tipj_t                           ffcc1730 ARMST_P
010f0810 tm1set                           ffcc1f30 KUKOC_P
010f09d0 tm2set                           ffcc2730 NANCE_P
ffa9aaf0 tocontrol                        ffcc2b40 JACK_P
ffa728e0 top1_p                           ffcc2f50 MASH_P
ffa6b440 top2_p                           ffcc3660 ROGERS_P
ff93a470 tournament_on                    ffcc3e60 DUMARS_P
ffa55ec0 trnedBMOD                        ffcc4660 RODMAN_P
ff9552a0 tune2_snd                        ffcc4a70 HUNTER_P
010eaff0 tvpanelon                        ffcc5270 WEBBER_P
ffa98420 two                              ffcc5a70 MAX_P
ffa954e0 tx000                            ffcc6270 HORRY_P
ffa95960 tx100                            ffcc6a70 SMITS_P
ffa959f0 tx110                            ffcc7270 SELEY_P
ffa95a80 tx111                            ffcc78a0 ROBERTS_P
ffa95570 txx00                            ffcc80a0 PEELER_P
ffa95b10 txx10                            ffcc88a0 CAMP_P
ffa95ba0 txx11                            ffcc90a0 MINER_P
ffa95600 txxx0                            ffcc98a0 BAKER_P
ffa95c30 txxx1                            ffcca0a0 DAY_P
ffa95690 txxxx                            ffcca4b0 RIDER_P
ff9f6a50 update_attribs                   ffccacb0 K_AND_P
ff944220 update_cont_message              ffccb320 MORRIS_P
ff9bdcc0 update_logos                     ffccbb20 MASON_P
ff9b93c0 update_player_heads              ffccc320 STARKS_P
ff92b570 update_scorebrd                  ffcccb10 A_HARD_P
ff945ab0 update_shoes                     ffccd310 N_AND_P
ff9bd6d0 update_team_set                  ffccdb10 WEATH_P
ffaa7f00 useupbx                          ffcce310 BRAD_P
ff9af2d0 victory_speech                   ffcceb10 K_JOHN_P
ffa5dcd0 viewfrtBMOD                      ffccf2a0 C_ROB_P
ffa92db0 viewp                            ffccfaa0 SIM_P
ffbdf890 w1blok2                          ffcd02a0 HURL_P
ffbdf9b0 w1blok3                          ffcd0aa0 RICH_P
ffbdfbf0 w2blok2                          ffcd12a0 D_ELL_P
ffbdfd10 w2blok3                          ffcd1aa0 PAYTON_P
ffc1fe20 w2fgrl1                          ffcd22a0 MCKEY_P
ffc1ff40 w2fgrl2                          ffcd2aa0 BENOIT_P
ffc20060 w2fgrl3                          ffcd32a0 ELLISN_P
ffbe81d0 w3desp1                          ffcd36b0 CHEAN_P
ffbd7850 w3run1                           ffcd62b0 MEN_ADJ
ffbdff50 w4blok2                          ffce2440 MEN_MAIN
ffbe0070 w4blok3                          ffce3700 MEN_YN
ffbe3e50 w5blok2                          ffce58b0 MESS_MM
ffbe3f70 w5blok3                          ffce6fd0 MESS_FAC
ffa60570 westpalc                         ffcef150 DIPCOINTAB
ffb957f0 wil1                             ffcef5f8 USA_1
ffb95910 wil2                             ffcef630 USA_2
ffb95a30 wil3                             ffcef660 USA_3
ffb95b50 wil4                             ffcef690 USA_4
ffb95c70 wil5                             ffcef780 USA_ELECTITLE
ffab5ca0 winfree                          ffcef7c0 FRENCH_ELECTITLE
ffa044e0 winner_stays_box                 ffcef820 GERMAN_ELECTITLE
ff9e3730 winner_stays_on                  ffcef880 GERMAN_1
ff980960 winning_msg                      ffcef8d0 GERMAN_2
010f10b0 winningteam                      ffcef920 GERMAN_3
ffab5af0 winstay_l                        ffcef970 GERMAN_4
ffa5e090 wood64                           ffcefa10 FRENCH_1
ffa5f5b0 wood64b                          ffcefa60 FRENCH_2
ffab7e60 yellow                           ffcefab0 FRENCH_3
ffa49e60 yesnoBMOD                        ffcefb00 FRENCH_4
ffaa77b0 yesnobak                         ffcf6c10 TWO_TS
ffa5f310 yjamPALS                         ffcf6ea0 TWO_TP
ffbf8cb0 zwilpal                          ffcf7270 edata

[4150 symbols]
