*****************************************************
TMS340 COFF Linker           Version 6.10
*****************************************************
Tue Dec 05 00:13:14 2023

OUTPUT FILE NAME:   <BB.out>
ENTRY POINT SYMBOL: "WARMSET"  address: ff8517d0


MEMORY CONFIGURATION

           name      origin     length     attributes     fill
         --------   --------   ---------   ----------   --------
         SCRATCH    01000000   000100000      RWIX      
         IROM       02000000   000400000      RWIX      
         ROM        ff800000   000600000      RWIX      
         ROM2       ffff6f00   000008d00      RWIX      
         TRAP31     fffffc00   000000400      RWIX      


SECTION ALLOCATION MAP

 output                                  attributes/
section   page    origin      length       input sections
--------  ----  ----------  ----------   ----------------
VECTORS    0    fffffc00    00000400     
                  fffffc00    00000400     MAIN.OBJ (VECTORS)

IMAGES     0    02000000    00000000     UNINITIALIZED

shit       0    ffff6f00    00000000     UNINITIALIZED

SHIT       0    ffff6f00    00000000     UNINITIALIZED

FIXED      0    01000000    00000040     
                  01000000    00000040     MPROC.OBJ (FIXED)

OFIXED     0    01000040    00000060     
                  01000040    00000060     NDSP1.OBJ (OFIXED)

NFIXED     0    010000a0    00000000     UNINITIALIZED

.BSS       0    010000a0    00000000     UNINITIALIZED

.bss       0    010000a0    000f13b0     UNINITIALIZED
                  010000a0    0006d390     NDSP1.OBJ (.bss)
                  0106d430    00000200     MAIN.OBJ (.bss)
                  0106d630    00000ad0     UTIL.OBJ (.bss)
                  0106e100    00031270     PAL.OBJ (.bss)
                  0109f370    000438a0     MPROC.OBJ (.bss)
                  010e2c10    00002770     BAKGND.OBJ (.bss)
                  010e5380    00000ea0     BB.OBJ (.bss)
                  010e6220    00000020     DRONE.OBJ (.bss)
                  010e6240    00000030     DRONE2.OBJ (.bss)
                  010e6270    00004870     PLYR.OBJ (.bss)
                  010eaae0    000002a0     PLYR2.OBJ (.bss)
                  010ead80    00000470     SCORE.OBJ (.bss)
                  010eb1f0    00000420     SCORE2.OBJ (.bss)
                  010eb610    00000420     SOUNDS.OBJ (.bss)
                  010eba30    00000710     ATTRACT.OBJ (.bss)
                  010ec140    000005f0     STRING.OBJ (.bss)
                  010ec730    000031b0     RECORD.OBJ (.bss)
                  010ef8e0    000003e0     SPEECH.OBJ (.bss)
                  010efcc0    00001410     SELECT.OBJ (.bss)
                  010f10d0    000000c0     AUDIT.OBJ (.bss)
                  010f1190    00000150     TEST.OBJ (.bss)
                  010f12e0    000000e0     DIAG.OBJ (.bss)
                  010f13c0    00000060     MENU.OBJ (.bss)
                  010f1420    00000030     HSTD.OBJ (.bss)

SYSWORK    0    010f1450    00000000     UNINITIALIZED

.text      0    ff800000    00241790     
                  ff800000    00040200     NDSP1.OBJ (.text)
                  ff840200    00002050     MAIN.OBJ (.text)
                  ff842250    00008d20     UTIL.OBJ (.text)
                  ff84af70    00003300     PAL.OBJ (.text)
                  ff84e270    00001050     MPROC.OBJ (.text)
                  ff84f2c0    00002000     BAKGND.OBJ (.text)
                  ff8512c0    000157e0     BB.OBJ (.text)
                  ff866aa0    00006c20     DRONE.OBJ (.text)
                  ff86d6c0    00007e00     DRONE2.OBJ (.text)
                  ff8754c0    00024a20     PLYR.OBJ (.text)
                  ff899ee0    00019ab0     PLYR2.OBJ (.text)
                  ff8b3990    00010e70     PLYR3.OBJ (.text)
                  ff8c4800    00018db0     PLYRAT.OBJ (.text)
                  ff8dd5b0    00006fe0     PLYRAT2.OBJ (.text)
                  ff8e4590    000140a0     PLYRSEQ.OBJ (.text)
                  ff8f8630    00009770     PLYRSEQ2.OBJ (.text)
                  ff901da0    0001cc50     PLYRDSEQ.OBJ (.text)
                  ff91e9f0    00005c50     PLYRLSEQ.OBJ (.text)
                  ff924640    00000cb0     PLYRSTND.OBJ (.text)
                  ff9252f0    00018f50     SCORE.OBJ (.text)
                  ff93e240    00015810     SCORE2.OBJ (.text)
                  ff953a50    000020c0     SOUNDS.OBJ (.text)
                  ff955b10    000008f0     PATCH.OBJ (.text)
                  ff956400    000019c0     TEXT.OBJ (.text)
                  ff957dc0    0002a320     ATTRACT.OBJ (.text)
                  ff9820e0    0000d420     STRING.OBJ (.text)
                  ff98f500    00010ba0     RECORD.OBJ (.text)
                  ff9a00a0    00010520     SPEECH.OBJ (.text)
                  ff9b05c0    00025c80     SELECT.OBJ (.text)
                  ff9d6240    00023ae0     SELECT2.OBJ (.text)
                  ff9f9d20    000051e0     ADJUST.OBJ (.text)
                  ff9fef00    0000bea0     AUDIT.OBJ (.text)
                  ffa0ada0    0000dd50     TEST.OBJ (.text)
                  ffa18af0    00000110     --HOLE-- [fill = 0000ffff]
                  ffa18c00    00015ca0     DIAG.OBJ (.text)
                  ffa2e8a0    0000ea40     MENU.OBJ (.text)
                  ffa3d2e0    000044b0     HSTD.OBJ (.text)

.TEXT      0    ffa41790    00000000     UNINITIALIZED

.data      0    ffa41790    002b9100     
                  ffa41790    00004bf0     NDSP1.OBJ (.data)
                  ffa46380    00017d10     BGNDTBL.OBJ (.data)
                  ffa5e090    00035510     BGNDPAL.OBJ (.data)
                  ffa935a0    000260b0     IMGTBL.OBJ (.data)
                  ffab9650    0005f070     IMGPAL.OBJ (.data)
                  ffb186c0    00003620     IMGPAL2.OBJ (.data)
                  ffb1bce0    0002ba00     BB.OBJ (.data)
                  ffb476e0    00002920     PLYR2.OBJ (.data)
                  ffb4a000    0001b000     PLYR3.OBJ (.data)
                  ffb65000    000522f0     PLYRAT.OBJ (.data)
                  ffbb72f0    00019500     PLYRAT2.OBJ (.data)
                  ffbd07f0    0001cf80     PLYRSEQ.OBJ (.data)
                  ffbed770    0001ebd0     PLYRSEQ2.OBJ (.data)
                  ffc0c340    00016920     PLYRDSEQ.OBJ (.data)
                  ffc22c60    00005e80     PLYRLSEQ.OBJ (.data)
                  ffc28ae0    00001c20     PLYRSTND.OBJ (.data)
                  ffc2a700    000034c0     SCORE.OBJ (.data)
                  ffc2dbc0    00007110     TEXT.OBJ (.data)
                  ffc34cd0    000a2840     SELECT2.OBJ (.data)
                  ffcd7510    0000d700     ADJUST.OBJ (.data)
                  ffce4c10    00015c80     MENU.OBJ (.data)

.DATA      0    ffcfa890    00000000     UNINITIALIZED

img_tbl    0    ffcfa890    00000000     UNINITIALIZED


GLOBAL SYMBOLS

address  name                             address  name
-------- ----                             -------- ----
010000a0 .bss                             00000000 _ATL
ffa41790 .data                            00000001 _BOS
ff800000 .text                            00000002 _CHA
ffa3f160 A2_CHECK                         00000003 _CHI
01000000 ACTIVE                           00000003 ROM_LEV
ff83c640 ADJNEWTL                         00000004 _CLE
ffa074c0 ADJ_PAGE                         00000004 RTR_LEV
ffa997d0 AHARDAWAY                        00000005 _DAL
ff8c2820 AHard_h                          00000006 _DEN
ffba7810 ALLASC01                         00000007 _DET
ffba7930 ALLASC02                         00000008 _GOL
ffba7a50 ALLASC03                         00000009 _HOU
ffba7b70 ALLASC04                         0000000a _IND
ffba7c90 ALLASC05                         0000000b _LAC
ffb90b90 ALLASC_P                         0000000c _LAL
ff954cc0 ALLOFF                           0000000d _MI
ffc5cf60 AL_LASCP                         0000000e _MIL
ffc9d2a0 AND_NEJP                         0000000f _MIN
ffc9dfc0 AND_ORLP                         00000010 _NJ
ff83d630 ANI                              00000011 _NY
ffa31370 ANY_BUT                          00000012 _ORL
ffaf3440 AQUAPAL                          00000013 _PHI
ffa13a70 AREUSURE                         00000014 _PHX
ffb4e800 ARMST1                           00000015 _POR
ffb4ed10 ARMST10                          00000016 _SAC
ffb4eda0 ARMST11                          00000017 _SAN
ffb4ee30 ARMST12                          00000018 _SEA
ffb4eec0 ARMST13                          00000019 _UTA
ffb4ef50 ARMST14                          0000001a _WAS
ffb4efe0 ARMST15                          0000003a CS_ENTS
ffb4f070 ARMST16                          01000000 ACTIVE
ffb4e890 ARMST2                           01000020 FREE
ffb4e920 ARMST3                           01000040 OBJLST
ffb4e9b0 ARMST4                           01000060 OFREE
ffb4ea40 ARMST5                           01000080 BAKLST
ffb4ead0 ARMST6                           010000a0 .bss
ffb4eb60 ARMST7                           010000a0 SCROLLX
ffb4ebf0 ARMST8                           010000c0 SCROLLY
ffb4ec80 ARMST9                           010000e0 WORLDTLX
ffa9d130 ARMSTR                           01000100 WORLDTLY
ffcc4d50 ARMST_P                          01000120 WORLDTL
ffc9e950 ARM_CHIP                         01000140 SCRNTL
ff8c4800 ATL_t                            01000160 SCRNLR
ffa5f520 ATTBKB_P                         01000180 dpage
ffa5f490 ATTBKR_P                         01000190 dtype
ffab0de0 ATT_BLU                          010001c0 DMAQCUR
ffb12ae0 ATT_B_P                          010001e0 OBJSTR
ffa06c80 AUD1                             0103be20 dmaq0
ffa06b70 AUD                              01057720 DMAQ
ffa98ae0 AUGMON                           0106c8a0 gndstat
ffadffb0 AUGMON_p                         0106c8b0 gndpos_t
ffc36c50 AUG_ATL                          0106d3d0 gndx
ffc6e4e0 AUG_ATLP                         0106d3f0 DISPLAYON
ffb5cea0 A_HARD11                         0106d400 _3dstat
ffb5cf30 A_HARD12                         0106d430 SYSCOPY
ffb5cfc0 A_HARD13                         0106d440 WDOGRAM
ffb5c900 A_HARD1                          0106d460 IRQSKYE
ffb5d0e0 A_HARD15                         0106d470 dpageflip
ffb5ce10 A_HARD10                         0106d480 dirqtimer
ffb5d050 A_HARD14                         0106d530 switches_old
ffb5d170 A_HARD16                         0106d570 switches_cur
ffb5c990 A_HARD2                          0106d5b0 switches_down
ffb5ca20 A_HARD3                          0106d5f0 NPLAYERS
ffb5cab0 A_HARD4                          0106d600 COUNTER_MODE
ffb5cb40 A_HARD5                          0106d610 VALIDATOR
ffb5cbd0 A_HARD6                          0106d620 TWOPLAYERS
ffb5cc60 A_HARD7                          0106d630 RAND
ffb5ccf0 A_HARD8                          0106d650 STRNGRAM
ffb5cd80 A_HARD9                          0106d790 WRLD
ffcd0130 A_HARD_P                         0106d7a0 LOWZ
ff8bf520 Armstrng_h                       0106e0f0 animscnt
ff8e2690 Augmon_h                         0106e150 PALRAM
010f10d0 BAD_AUD                          0106e150 PALFRAM
010e2c50 BAKBITS                          0106e750 PALBRAM
ffb58f10 BAKER10                          0106e750 PALTRAM
ffb58fa0 BAKER11                          0106f350 morfpal1
ffb59030 BAKER12                          0106f350 FADERAM
ffb590c0 BAKER13                          0106f750 morfpal2
ffb59150 BAKER14                          0106fb50 morfpal3
ffb591e0 BAKER15                          0106ff50 morfpal4
ffb59270 BAKER16                          01070350 morfpal5
ffb58a00 BAKER1                           01070750 morfpal6
ffb58a90 BAKER2                           01070b50 morfpal7
ffb58b20 BAKER3                           01070f50 morfpal8
ffb58bb0 BAKER4                           01071350 morfpal9
ffb58c40 BAKER5                           01071750 morfpal10
ffb58cd0 BAKER6                           01071b50 morfpal11
ffb58d60 BAKER7                           0109f350 palfmin
ffb58df0 BAKER8                           0109f370 PRCSTR
ffb58e80 BAKER9                           010e2c50 BAKBITS
ffcccec0 BAKER_P                          010e5360 BAKMODS
ffa9db50 BAKER                            010e5380 PCNT
01000080 BAKLST                           010e5390 swstack_p
010e5360 BAKMODS                          010e53b0 swstackbot
ffc9f650 BAK_MLWP                         010e57b0 COLRTEMP
ffaeaa80 BALL_p                           010e57b0 swstacktop
ffa96da0 BARKER                           010e58b0 GAMSTATE
ffa98b70 BARKLEY                          010e58c0 HALT
ffae07d0 BARKLEY_p                        010e58d0 NO_START
ff9fede0 BCDBIN                           010e58e0 PSTATUS2
ff83cbb0 BEGINOBJ2                        010e58f0 WSPEED
ff83cb10 BEGINOBJ                         010e5900 WFLG
ff83d130 BEGINOBJP                        010e5920 OBJPTR
ff83d1d0 BEGINOBJP2                       010e5f40 crplate_ptr
ffa98c00 BENJAMIN                         010e5f60 msg_ram
ffae03c0 BENJA_p                          010e5fe0 name_cnt
ffb63a10 BENOIT10                         010e5ff0 name_flop
ffb63aa0 BENOIT11                         010e6000 names
ffb63b30 BENOIT12                         010e6080 crt_colors
ffb63bc0 BENOIT13                         010e60a0 steals_off
ffb63500 BENOIT1                          010e60b0 pushing_delay
ffb63c50 BENOIT14                         010e60c0 pass_off
ffb63ce0 BENOIT15                         010e60d0 rebound_delay
ffb63d70 BENOIT16                         010e60e0 crowd_animate
ffb63590 BENOIT2                          010e60f0 timertcnt
ffb63620 BENOIT3                          010e6100 qtr_purchased
ffb636b0 BENOIT4                          010e6140 newptr
ffb63740 BENOIT5                          010e6160 newplyrs
ffb637d0 BENOIT6                          010e6260 drone2on
ffa9e2a0 BENOIT                           010e6280 kp_scores
ffb63860 BENOIT7                          010e62a0 kp_team1
ffb638f0 BENOIT8                          010e62b0 kp_team2
ffb63980 BENOIT9                          010e62c0 pleasewt
ffcd60c0 BENOIT_P                         010e62d0 PSTATUS
ffc9b2a0 BEN_NEJP                         010e62e0 P1CTRL
ffca0460 BEN_UTAP                         010e62f0 P2CTRL
ffa95cc0 BERAN                            010e6300 P3CTRL
ffa80790 BG1                              010e6310 P4CTRL
ffa7f7b0 BG2                              010e6320 P1DATA
ff84f900 BGND_UD1                         010e6450 P2DATA
ffbb55b0 BILDAB01                         010e6580 P3DATA
ffbb56d0 BILDAB02                         010e66b0 P4DATA
ffbb57f0 BILDAB03                         010e6820 plyrobj_t
ffbb5910 BILDAB04                         010e68a0 plyrproc_t
ffbb5a30 BILDAB05                         010e6920 plyrcharge
ffbb5b50 BILDAB16                         010e6930 plyrpasstype
ffb98570 BILDAB_P                         010e6940 plyrairballoff
ffc3d530 BIL_DABP                         010e6950 plyrbighead
ff9fec50 BINBCD                           010e6960 stlpower
ff848840 BLNKAREA                         010e6980 plyrpals_t
ffa13260 BLNKHELP                         010ea980 assist_delay
ffb157c0 BLUBOOM                          010ea990 assist_plyr
ffaf2ec0 BLUE                             010ea9a0 kp_qscrs
ffa5eb20 BNBAPALB                         010eaa20 kp_qscrs2
ffa5e7e0 BNBAPALV                         010eaaa0 baby_flag
ffa5e680 BNBA_V_P                         010eaab0 strongmen
ffa95d50 BOON                             010eaae0 plyrnumonfire
ffa95de0 BOOTY                            010eaaf0 ballobj_p
ffb5e400 BRAD1                            010eab10 ballpnum
ffb5e910 BRAD10                           010eab20 ballpnumlast
ffb5e9a0 BRAD11                           010eab30 ballpnumshot
ffb5ea30 BRAD12                           010eab40 ballsclastp
ffb5eac0 BRAD13                           010eab50 ballpnumscored
ffb5eb50 BRAD14                           010eab60 ballnumscored
ffb5ebe0 BRAD15                           010eab70 ballfree
ffb5ec70 BRAD16                           010eab80 ballscorezhit
ffb5e490 BRAD2                            010eab90 ballrimhitcnt
ffb5e520 BRAD3                            010eaba0 ballbbhitcnt
ffb5e5b0 BRAD4                            010eabb0 ballptsforshot
ffb5e640 BRAD5                            010eabc0 ballprcv_p
ffb5e6d0 BRAD6                            010eabe0 ballpasstime
ffb5e760 BRAD7                            010eabf0 ballgoaltcnt
ffb5e7f0 BRAD8                            010eac00 ballflash
ffa9df40 BRAD                             010eac10 inbound
ffb5e880 BRAD9                            010eac20 bbshatter
ffcd1930 BRAD_P                           010eac30 cntl_team
ffca12d0 BRA_PHLP                         010eac40 cntl_team_last
ffc6f470 BRK_PHXP                         010eac50 scrl_divs_cur
ffb4c910 BROWN10                          010eac60 scrl_divs_dest
ffb4cac0 BROWN13                          010eac70 slamming
ffb4c490 BROWN2                           010eac80 t1dunkcnt
ffb4c640 BROWN5                           010eaca0 brick_count
ffb4c6d0 BROWN6                           010eace0 last_power
ffb4c760 BROWN7                           010eacf0 original_names
ffb4c7f0 BROWN8                           010ead70 fire_flags
ffcc3140 BROWN_P                          010ead80 conttimers
ffb4c9a0 BROWN11                          010eae20 shotimer
ffb4cbe0 BROWN15                          010eae50 game_time
ffb4cc70 BROWN16                          010eae70 clock_speed
ffb4c400 BROWN1                           010eae80 gmqrtr
ffb4ca30 BROWN12                          010eafd0 scores
ffb4cb50 BROWN14                          010eaff0 tvpanelon
ffb4c520 BROWN3                           010eb020 BTIME
ffa9cf80 BROWN                            010eb030 cntrs_delay
ffb4c5b0 BROWN4                           010eb100 last_score
ffb4c880 BROWN9                           010eb120 clock_active
ffca2240 BRO_BOSP                         010eb130 sc_proc
010eb020 BTIME                            010eb150 _4plyrsingame
ffa30b20 BUILD_ST                         010eb160 p1taps
ffa1a5e0 BURN_IN                          010eb170 p2taps
ffaf08a0 BUTT_P                           010eb180 p3taps
ffa0ea10 B_MENU                           010eb190 p4taps
ff8c1b60 Baker_h                          010eb1a0 show_shot
ff8e2ad0 Barkley_h                        010eb1b0 assistance_off
ff8e28b0 Benjamin_h                       010eb1c0 plyr_tourn
ff8c41a0 Benoit_h                         010eb1d0 plyr_maxpower
ffa9c7a0 BigLED_0                         010eb1e0 plyrsdropped
ffa9c830 BigLED_1                         010eb1f0 idiot_bits
ffa9c8c0 BigLED_2                         010eb610 sound_rev
ffa9c950 BigLED_3                         010eb620 SOUNDSUP
ffa9c9e0 BigLED_4                         010eba30 ENTERON
ffa9ca70 BigLED_5                         010eba40 hisclong
ffa9cb00 BigLED_6                         010ec140 message_ascii
ffa9cb90 BigLED_7                         010ec160 message_palette
ffa9cc20 BigLED_8                         010ec180 message_buffer
ffa9ccb0 BigLED_9                         010ec680 mess_cursx
ffaa74e0 BirthD                           010ec6a0 mess_cursy
ffaa6c70 BirthD_B                         010ec6b0 mess_space_width
ffaa6ac0 BirthM_B                         010ec6c0 mess_spacing
ffaa7450 BirthM                           010ec6d0 mess_line_spacing
ff8c2e80 Brad_h                           010ec6e0 mess_objid
ff8bea80 Brown_h                          010ec730 player1_data
ffb57800 CAMP1                            010ec900 player2_data
ffb57d10 CAMP10                           010ecad0 player3_data
ffb57da0 CAMP11                           010ecca0 player4_data
ffb57e30 CAMP12                           010ed110 player_stats
ffb57ec0 CAMP13                           010ef8d0 hiscore_type
ffb57f50 CAMP14                           010ef8e0 last_name
ffb57fe0 CAMP15                           010ef8f0 last_name_time
ffb58070 CAMP16                           010ef900 shot_type
ffb57890 CAMP2                            010ef910 plyr_shot
ffb57920 CAMP3                            010ef920 shot_percentage
ffb579b0 CAMP4                            010ef930 shot_distance
ffb57a40 CAMP5                            010ef950 score_diff
ffb57ad0 CAMP6                            010ef990 jam_speech
ffb57b60 CAMP7                            010ef9a0 next_call
ffb57bf0 CAMP8                            010efbc0 spch_name_ram
ffb57c80 CAMP9                            010efc40 spch_pass_ram
ffa9da30 CAMPBELL                         010efcc0 inmatchup
ffccbec0 CAMP_P                           010efcd0 kp_ram
ffca2f40 CAM_LAKP                         010efe10 credit1_obj
ffa978e0 CARLTON                          010efe30 credit2_obj
ffba40f0 CARMED01                         010efe50 credit3_obj
ffba4210 CARMED02                         010eff00 name1_obj
ffba4330 CARMED03                         010eff20 name2_obj
ffba4450 CARMED04                         010eff40 name3_obj
ffba4570 CARMED05                         010eff60 name4_obj
ffba4690 CARMED16                         010eff80 attrib1_obj
ffb8e700 CARMED_P                         010f00a0 attrib2_obj
ffaddf50 CARY                             010f01c0 attrib3_obj
ffc3e4f0 CAR_MEDP                         010f02e0 attrib4_obj
ffa084e0 CAT_A0                           010f0480 teamset1_obj
ffa91560 CB                               010f04a0 teamset2_obj
ffa060d0 CCCC                             010f05c0 team1
ff9ff720 CCOIN                            010f05d0 team2
ffaa6eb0 CENTERBAR                        010f05e0 team1_control
ffab5dc0 CHALENG                          010f05f0 team2_control
ffb64700 CHEAN1                           010f0600 oteam1
ffb64c10 CHEAN10                          010f0620 can_enter_inits
ffb64ca0 CHEAN11                          010f0630 game_purchased
ffb64d30 CHEAN12                          010f0640 page_scrolling
ffb64dc0 CHEAN13                          010f06d0 force_selection
ffb64e50 CHEAN14                          010f06e0 in_team_select
ffb64ee0 CHEAN15                          010f06f0 special_heads
ffb64f70 CHEAN16                          010f0810 tm1set
ffb64790 CHEAN2                           010f09d0 tm2set
ffb64820 CHEAN3                           010f0b90 teams_pop
ffb648b0 CHEAN4                           010f0ef0 sorted_teams
ffb64940 CHEAN5                           010f10a0 fatality
ffb649d0 CHEAN6                           010f10b0 winningteam
ffb64a60 CHEAN7                           010f10d0 BAD_AUD
ffb64af0 CHEAN8                           010f10f0 C_FRAC
ffb64b80 CHEAN9                           010f1100 C_FLAGS
ffa9e3c0 CHEANEY                          010f1160 COINCNTR
ffcd6cd0 CHEAN_P                          010f1190 MAIN_RET
ffadd790 CHER1                            010f11a0 GMENULEV
ffca3b60 CHE_WASP                         010f11b0 SND_MADE
ffa0e530 CHK_CMOS                         010f11c0 NO_CLEAR
ffba7db0 CHRGRA01                         010f11d0 LAST_BUT
ffba7ed0 CHRGRA02                         010f1210 fswitches_cur
ffba7ff0 CHRGRA03                         010f1230 fswitches_last
ffba8110 CHRGRA04                         010f1250 fswitches_down
ffba8230 CHRGRA05                         010f12e0 SWSET1
ffba8350 CHRGRA16                         010f1300 SWSET2
ffb90fa0 CHRGRA_P                         010f13d0 SCODE
ffc5df30 CHR_GRAP                         010f13e0 DCODE
ffa29050 CIRCLE                           010f1410 octopus2
ffa0b210 CKDIAG                           010f1450 end
ff9fd000 CKDIP                            ff800000 .text
ffa2ea70 CKPROMPT                         ff800000 dma_irq
ffa0b0d0 CKTEST                           ff800dd0 scale58_t
ffa01030 CK_MAX                           ff800dd0 scale59_t
ffab8f20 CLD10                            ff800dd0 scale57_t
ffab8f90 CLD11                            ff803350 scale61t_t
ffab8640 CLD1A                            ff803350 scale61_t
ffab8ac0 CLD2                             ff803350 scale60_t
ffab8b30 CLD3                             ff8058d0 scale63f_t
ffab8c10 CLD4A                            ff8058d0 scale62_t
ffab8c80 CLD4B                            ff8058d0 scale63_t
ffab8ba0 CLD4                             ff8058d0 scale61f_t
ffab8cf0 CLD5                             ff807e50 scale62t_t
ffab8d60 CLD6                             ff80a3d0 scale65_t
ffab8dd0 CLD7                             ff80a3d0 scale64_t
ffab8e40 CLD8                             ff80c950 scale64t_t
ffab8eb0 CLD9                             ff80c950 scale65t_t
ffab8910 CLDB1LGRY                        ff80eed0 scale65f_t
ffab87f0 CLDB1WHT                         ff811450 scale67_t
ffab8760 CLDB1YELL                        ff811450 scale66_t
ffab86d0 CLDB1                            ff8139d0 scale66t_t
ffab89a0 CLDB1GRN                         ff8139d0 scale67t_t
ffab8880 CLDB1ORNG                        ff815f50 scale67f_t
ffab8a30 CLDB1PURP                        ff815f50 scale66f_t
ffab9000 CLDB2                            ff8184d0 scale69_t
ffab9070 CLDB3                            ff8184d0 scale68_t
ffab90e0 CLDB4                            ff81aa50 scale68t_t
ffa069e0 CLR_AUDR                         ff81cfd0 scale69f_t
ffa06cf0 CLR_AUD                          ff81cfd0 scale68f_t
ff849100 CLR_SCRN                         ff81f550 scale611_t
ffa9dd00 CMORRIS                          ff81f550 scale610_t
ffa06d90 CMOS_VAL                         ff821ad0 scale610t_t
010f1160 COINCNTR                         ff821ad0 scale611t_t
ffa06210 COIN_PAG                         ff824050 scale610f_t
ff846b20 COLCYC                           ff824050 scale611f_t
ffa98c90 COLEMAN                          ff8265d0 scale70_t
ffae0be0 COLE_p                           ff828b50 scale70t_t
ff865260 COLRPRC                          ff82b0d0 scale70f_t
010e57b0 COLRTEMP                         ff82d650 scale71_t
ff9765d0 COLTAB                           ff82d650 scale72_t
ff998700 COLTAB2                          ff82fbd0 scale72f_t
ff857890 COLTAB_RNBW                      ff832150 scale74f_t
ffa1fab0 COL_BARS                         ff832150 scale74_t
ffa0d1a0 COL_INST                         ff8346d0 scale76et_t
ffc70380 COL_NEJP                         ff837cb0 DISPLAY
ffa973d0 COMAN                            ff838ce0 QDMAN
0106d600 COUNTER_MODE                     ff838e00 display_2dsclmodeon
ffaba5b0 COURT_p                          ff838f60 display_2dsclstarmodeon
ffa96e30 COX                              ff83aab0 STOPOBJS
ffa0ae60 CPU_RET                          ff83ac00 obj_yzsort
ffb3d890 CRD_ATL_P                        ff83add0 SCRTSTG
ffb3d940 CRD_BOS_P                        ff83ae00 SCRTST
ffb3d9f0 CRD_CHA_P                        ff83b130 display_init
ffb3db50 CRD_CHI2P                        ff83b8c0 GETOBJ
ffb3daa0 CRD_CHI_P                        ff83ba70 FREEOBJ
ffb3dc00 CRD_CLE_P                        ff83baf0 INSBOBJ
ffb3dcb0 CRD_CLP_P                        ff83bb30 INSOBJ
ffb3dd60 CRD_DAL_P                        ff83bcd0 DELBOBJ
ffb3de10 CRD_DEN_P                        ff83bd10 DELOBJA8
ffb3dec0 CRD_DET_P                        ff83bd20 DELOBJ
ffb3df70 CRD_GLD_P                        ff83bf20 FRQDELDIE
ffb3e020 CRD_HOU_P                        ff83bf90 DELOBJDIE
ffb3e0d0 CRD_IND_P                        ff83c1b0 obj_del1c
ffb3e180 CRD_LAK_P                        ff83c1c0 obj_delc
ffb3e230 CRD_MIA_P                        ff83c380 EXISTOBJ
ffb3e2e0 CRD_MIL_P                        ff83c480 ISOBJ
ffb3e390 CRD_MIN_P                        ff83c530 obj_addworldxy
ffb3e440 CRD_NEJ_P                        ff83c640 ADJNEWTL
ffb3e4f0 CRD_NEY_P                        ff83c710 GSCRNREL
ffb3e650 CRD_ORL2P                        ff83c800 SCRNRELV
ffb3e5a0 CRD_ORL_P                        ff83c950 GANISAG
ffb3e700 CRD_PHO_P                        ff83cb10 BEGINOBJ
ffb3e7b0 CRD_POR_P                        ff83cbb0 BEGINOBJ2
ffb3e860 CRD_SAC_P                        ff83d130 BEGINOBJP
ffb3e910 CRD_SAN_P                        ff83d1d0 BEGINOBJP2
ffa01720 CRD_SCRN2                        ff83d630 ANI
ffa01710 CRD_SCRN                         ff83da40 obj_aniq
ffb3e9c0 CRD_SEA_P                        ff83df00 obj_aniq_cnoff
ffb3eb20 CRD_UTA2P                        ff83e140 obj_aniq_scld
ffb3ea70 CRD_UTA_P                        ff83e460 GETANIXY
ffb3ebd0 CRD_WAS_P                        ff83e590 GANIOF
ffa012d0 CRED_P                           ff83e740 scrn_scaleout
ffa9a8b0 CROBINSON                        ff83ebe0 scrn_scaleininit
ffa1e6f0 CROSS_H                          ff83ed30 scrn_scalein
ffab9650 CROWD_p                          ff840200 init_all
ffabf970 CRT_ATL_P                        ff8408c0 io_init
ffac0960 CRT_BOS_P                        ff840950 INTIO
ffac1950 CRT_CHA_P                        ff840a10 WDOGDIS
ffac3930 CRT_CHI2P                        ff842250 KILBGND
ffac2940 CRT_CHI_P                        ff842410 ZERO_BITS
ffac4920 CRT_CLE_P                        ff8424a0 WIPEOUT
ffac5910 CRT_CLP_P                        ff842950 system_savegame
ffac6900 CRT_DAL_P                        ff842f30 system_restoregame
ffac78f0 CRT_DEN_P                        ff8436e0 anim_script
ffac88e0 CRT_DET_P                        ff846500 anim_wait
ffac98d0 CRT_GLD_P                        ff8465b0 anim_kilslp
ffaca8c0 CRT_HOU_P                        ff846650 anim_killall
ffacb8b0 CRT_IND_P                        ff846810 autoerase_set
ffacc8a0 CRT_LAK_P                        ff846940 FLASHME
ffacd890 CRT_MIA_P                        ff846b20 COLCYC
fface880 CRT_MIL_P                        ff846ea0 CYCLE_TABLE
ffacf870 CRT_MIN_P                        ff8470f0 HEXTOASC
ffad0860 CRT_NEJ_P                        ff8472e0 ERASE_TXT
ffad1850 CRT_NEY_P                        ff847330 STRLNRM
ffad3830 CRT_ORL2P                        ff8473a0 STRCNRM
ffad2840 CRT_ORL_P                        ff847410 STRCNRM_1
ffad4820 CRT_PHI_P                        ff847490 STRRNRM
ffad5810 CRT_PHO_P                        ff847500 STRLNRMO
ffad6800 CRT_POR_P                        ff847590 STRCNRMO
ffad77f0 CRT_SAC_P                        ff847620 STRCNRMO_1
ffad87e0 CRT_SAN_P                        ff8476c0 STRLNRMO_1
ffad97d0 CRT_SEA_P                        ff848010 STRNGLEN
ffadb7b0 CRT_UTA2P                        ff848170 OBJOFF
ffada7c0 CRT_UTA_P                        ff848200 OBJON
ffadc7a0 CRT_WAS_P                        ff8482a0 GETCPNT
ffa002b0 CR_CONTP                         ff848370 GETANIX
ffa00150 CR_STRTP                         ff8484b0 RNDRNGS
ff8c32c0 CRobin_h                         ff8484d0 RNDRNG
0000003a CS_ENTS                          ff848600 RNDRNG0
ff865a90 CWINDOW                          ff8486f0 RNDPER
ff846ea0 CYCLE_TABLE                      ff848810 FILLAREA
ffaad240 C_ATL                            ff848840 BLNKAREA
ffaae170 C_ATL_O                          ff848940 dirq_wait
ffaad3f0 C_BOST                           ff848a20 dmaq_wait
ffaae320 C_BOST_O                         ff848b50 dpageflip_off
ffaad2d0 C_CHAR                           ff848c30 display_blank
ffaae200 C_CHAR_O                         ff848d20 display_unblank
ffaadea0 C_CHIC_O                         ff848ff0 SCRCLR
ffaacf70 C_CHIC                           ff849100 CLR_SCRN
ffaae050 C_CLEV_O                         ff849290 FRANIM
ffaad120 C_CLEV                           ff849740 FRANIMQ
ffaadcf0 C_DAL_O                          ff849b30 security_chk
ffaacdc0 C_DAL                            ff84af70 pal_init
ffaade10 C_DEN_O                          ff84af70 secend
ffaacee0 C_DEN                            ff84b070 pal_clean
ffaadf30 C_DET_O                          ff84b2d0 pal_find
ffaad000 C_DET                            ff84b410 pal_getf
010f1100 C_FLAGS                          ff84b7a0 pal_set
010f10f0 C_FRAC                           ff84b8d0 pal_transfer
ffaaca60 C_GOLD                           ff84bb10 pal_blacken
ffaad990 C_GOLD_O                         ff84bc70 pal_fadein
ffaadb40 C_HOU_O                          ff84c0f0 pal_fadeout
ffaacc10 C_HOU                            ff84c130 pal_fadeout2
ffaad090 C_IND                            ff84c900 pal_fadeinx
ffaadfc0 C_IND_O                          ff84c940 pal_fadeoutx
ffaad870 C_LAClips_O                      ff84cd70 pal_fmwht
ffaac8b0 C_LALaks                         ff84cdc0 pal_towht
ffaac820 C_LA                             ff84d2c0 addbrt_ae
ffaac940 C_LAClips                        ff84d6c0 fade_up
ffaad7e0 C_LALaks_O                       ff84d7d0 fade_down
ffaad6c0 C_MIAMI                          ff84d8d0 fade_up_half
ffaae5f0 C_MIAMI_O                        ff84d9f0 fade_down_half
ffaae0e0 C_MILW_O                         ff84e270 process_init
ffaad1b0 C_MILW                           ff84e3b0 process_dispatch
ffaadd80 C_MINN_O                         ff84e4d0 PRCSLP
ffaace50 C_MINN                           ff84e4e0 PRCLSP
ffaae440 C_NJ_O                           ff84e630 SUCIDE
ffaad510 C_NJ                             ff84e840 KILL
ffaae3b0 C_NY_O                           ff84ea30 GETPRC
ffaad480 C_NY                             ff84ebb0 XFERPROC
ffaae560 C_ORL_O                          ff84ed90 KILALL
ffaad630 C_ORL                            ff84edb0 KIL1C
ffaad360 C_PHIL                           ff84edc0 KILALLN
ffaae290 C_PHIL_O                         ff84efa0 KOP_1C
ffaad900 C_PHX_O                          ff84efb0 KOP_ALL
ffaac9d0 C_PHX                            ff84f0f0 process_exist
ffaac790 C_PORT                           ff84f180 EXISTP
ffaad750 C_PORT_O                         ff84f900 BGND_UD1
ffb5fb10 C_ROB10                          ff851030 bgnd_delnonvis
ffb5fba0 C_ROB11                          ff851400 init_prog
ffb5f600 C_ROB1                           ff8517d0 WARMSET
ffb5fc30 C_ROB12                          ff851860 PCMOSRET
ffb5fcc0 C_ROB13                          ff851a00 mainlp
ffb5fd50 C_ROB14                          ff8529d0 plyr_strtb1
ffb5fde0 C_ROB15                          ff852a60 plyr_strtb2
ffb5fe70 C_ROB16                          ff852af0 plyr_strtb3
ffb5f690 C_ROB2                           ff852b90 plyr_strtb4
ffb5f720 C_ROB3                           ff854be0 start_msgs
ffb5f7b0 C_ROB4                           ff8563e0 demogame_start
ffb5f840 C_ROB5                           ff857640 join_cyc
ffb5f8d0 C_ROB6                           ff857890 COLTAB_RNBW
ffb5f960 C_ROB7                           ff858420 start_arws
ffb5f9f0 C_ROB8                           ff859f90 scrm1_snd
ffb5fa80 C_ROB9                           ff859fd0 scrm2_snd
ffcd28c0 C_ROB_P                          ff85a010 scrm3_snd
ffaadab0 C_SAC_O                          ff85a050 scrm4_snd
ffaacb80 C_SAC                            ff85f320 start_animate
ffaacca0 C_SAN                            ff860db0 random_ads
ffaadbd0 C_SAN_O                          ff861430 fix_floorclr
ffaada20 C_SEA_O                          ff861e10 net_ani
ffaacaf0 C_SEA                            ff864a30 prt_status
ffaacd30 C_UTAH                           ff864be0 init_t1a
ffaadc60 C_UTAH_O                         ff864e40 init_t2a
ffaae4d0 C_WASH_O                         ff8650a0 init_t3a
ffaad5a0 C_WASH                           ff865200 init_t4a
ff8c1720 Campbell_h                       ff865260 COLRPRC
ff8c45e0 Cheaney_h                        ff8654b0 WNDWON
ff8e2cf0 Coleman_h                        ff865640 WNDWOFF
ffa95f90 DABEL                            ff865770 OWINDOW
ffba8470 DANFOR01                         ff865a90 CWINDOW
ffba8590 DANFOR02                         ff866450 set_names
ffba86b0 DANFOR03                         ff866aa0 drone_main
ffba87d0 DANFOR04                         ff86b5f0 drone_setuptob
ffba88f0 DANFOR05                         ff86c970 drone_adjskill
ffba8a10 DANFOR16                         ff86d6c0 drone2_main
ffb913b0 DANFOR_P                         ff872850 drone2_setuptob
ffc3f4e0 DAN_FORP                         ff8740c0 drone2_adjskill
ffa98d20 DAUGHRTY                         ff875a00 plyr_start
ffae91f0 DAUG_P                           ff87f7c0 plyr_setseq
ffc71310 DAU_CLEP                         ff87fb80 joy_read
ffa96650 DAVIES                           ff8851f0 plyr_shoot
ffa960b0 DAVIS                            ff88b350 plyr_pass
ffb59810 DAY10                            ff88cd60 clr_autorbnd
ffa9dbe0 DAY                              ff88d2c0 anipt_getsclxy
ffb598a0 DAY11                            ff88d7b0 anipt3_getsclxy
ffb59930 DAY12                            ff890420 plyr_endofqrtr
ffb599c0 DAY13                            ff8954d0 plyr_goaltending
ffb59a50 DAY14                            ff895fd0 plyr_takeoutball
ffb59ae0 DAY15                            ff8973d0 plyr_takeoutball2
ffb59300 DAY1                             ff897f50 plyr_init
ffb59b70 DAY16                            ff898370 plyr_takeoutball3
ffb59390 DAY2                             ff898e70 plyr_setshtdly
ffb59420 DAY3                             ff899680 seekdir_xyxy128
ffb594b0 DAY4                             ff899980 seekdirdist_obxz128
ffb59540 DAY5                             ff899df0 rndrng0
ffb595d0 DAY6                             ff89a560 ball_main
ffb59660 DAY7                             ff8a1360 hoopl_t
ffb596f0 DAY8                             ff8a1730 hoopr_t
ffb59780 DAY9                             ff8a48d0 sinecos_get
ffcc0e10 DAY_MLWP                         ff8a5360 ball_chkpcollide
ffccd6c0 DAY_P                            ff8a9960 get_swat
010f13e0 DCODE                            ff8a99d0 def_play_reward
ffa96c80 DEAL                             ff8a9b60 flash_reward
ffa3d3c0 DEC_HSR                          ff8a9f90 plyr_jscrowdsnd
ffa07550 DEF_PAGE                         ff8aa1e0 ball_convfmprel
ff83bcd0 DELBOBJ                          ff8aa2c0 ball_convfmprel2
ffa9a940 DELLIS                           ff8aa4b0 plyr_setptsdown
ff83bd20 DELOBJ                           ff8ac5f0 seq_stand
ff83bd10 DELOBJA8                         ff8acb80 seq_stealstand
ff83bf90 DELOBJDIE                        ff8acbe0 seq_newdir
ff8c3b40 DEllis_h                         ff8acd00 seq_stayinair
ffae2030 DHARP_P                          ff8acd60 seq_keepzx
ff8e3790 DHarper_h                        ff8ace10 seq_injury
ffa1a7f0 DIAGCPUTEST                      ff8ace80 seq_stuffzx
ffa0b340 DIAG                             ff8acf10 seq_strtfire
ffa0b530 DIAG_EX                          ff8ad090 seq_stopfire
ffb3ece0 DIAGP                            ff8ad180 seq_smoke
ffa0d5f0 DIAG_COLORS                      ff8ad220 seq_snd
ffa0d380 DIGSRT                           ff8ad270 seq_noballoff
ffa96b60 DILLON                           ff8ad2f0 seq_resetseq
ffcf2770 DIPCOINTAB                       ff8ad3e0 seq_run
ff837cb0 DISPLAY                          ff8ad440 seq_jump
0106d3f0 DISPLAYON                        ff8ad630 seq_jump2
ffae81b0 DIVAC_P                          ff8adbf0 seq_block
ffa99620 DIVAC                            ff8aeb20 seq_rebounda
ffa97a00 DIVITA                           ff8af260 seq_strtdunk
ffc7d0b0 DIV_LAKP                         ff8afaa0 plyr_camflash
010001c0 DMAQCUR                          ff8b0460 seq_slamball
01057720 DMAQ                             ff8b1870 seq_push
ffa12c40 DOBORDER                         ff8b3070 seq_elbo
ff9fd760 DO_ADJH                          ff8b3ad0 halftime_showclips
ffae0ff0 DREXLER_p                        ff8b3bc0 plyr_smoketrail
ffa98e40 DREXLER                          ff8b3cc0 plyr_smoketrail2
ffa9a0d0 DROBINSON                        ff8b44a0 do_ball_spark
ffc73300 DRX_PRTP                         ff8b45b0 ball_smokepuff
ffa29660 DSCRCLR                          ff8b6bd0 ball_spark
ffb52310 DUMARS10                         ff8b7500 getdunkseq
ffb523a0 DUMARS11                         ff8be200 Lohaus_h
ffb52430 DUMARS12                         ff8be420 Gug_h
ffb525e0 DUMARS15                         ff8be640 Edwrd_h
ffb52670 DUMARS16                         ff8be860 McDan_h
ffb51e00 DUMARS1                          ff8bea80 Brown_h
ffb524c0 DUMARS13                         ff8beca0 KAnderson_h
ffb52550 DUMARS14                         ff8beec0 Willis_h
ffb51e90 DUMARS2                          ff8bf0e0 Gamble_h
ffb51fb0 DUMARS4                          ff8bf300 Mourn_h
ffb520d0 DUMARS6                          ff8bf520 Armstrng_h
ffa9d490 DUMARS                           ff8bf740 Kukoc_h
ffb52160 DUMARS7                          ff8bf960 Nance_h
ffb521f0 DUMARS8                          ff8bfb80 Jack_h
ffb52280 DUMARS9                          ff8bfda0 Mash_h
ffcc7480 DUMARS_P                         ff8bffc0 Rogers_h
ffb51f20 DUMARS3                          ff8c01e0 Dumars_h
ffb52040 DUMARS5                          ff8c0400 Rodman_h
ffca49f0 DUM_DETP                         ff8c0620 Hunter_h
ffb41ec0 DUXPAL                           ff8c0840 Webber_h
ffb61f10 D_ELL10                          ff8c0a60 Maxwell_h
ffb61a00 D_ELL1                           ff8c0c80 Horry_h
ffb61fa0 D_ELL11                          ff8c0ea0 Smits_h
ffb62030 D_ELL12                          ff8c10c0 Sealy_h
ffb620c0 D_ELL13                          ff8c12e0 Roberts_h
ffb62150 D_ELL14                          ff8c1500 Peeler_h
ffb621e0 D_ELL15                          ff8c1720 Campbell_h
ffb62270 D_ELL16                          ff8c1940 Miner_h
ffb61a90 D_ELL2                           ff8c1b60 Baker_h
ffb61b20 D_ELL3                           ff8c1d80 Day_h
ffb61bb0 D_ELL4                           ff8c1fa0 Rider_h
ffb61c40 D_ELL5                           ff8c21c0 Morris_h
ffb61cd0 D_ELL6                           ff8c23e0 Mason_h
ffb61d60 D_ELL7                           ff8c2600 Starks_h
ffb61df0 D_ELL8                           ff8c2820 AHard_h
ffb61e80 D_ELL9                           ff8c2a40 NAnders_h
ffcd48c0 D_ELL_P                          ff8c2c60 Weath_h
ff8e1e10 Daughert_h                       ff8c2e80 Brad_h
ff8c1d80 Day_h                            ff8c30a0 KJohn_h
ff8de8d0 Divac_h                          ff8c32c0 CRobin_h
ffa97c40 DoubleOT                         ff8c34e0 Simmons_h
ff8e2f10 Drexler_h                        ff8c3700 Hurley_h
ff8c01e0 Dumars_h                         ff8c3920 Rich_h
ff8da170 EB_H                             ff8c3b40 DEllis_h
ffba5ad0 EDBOON01                         ff8c3d60 Payton_h
ffba5bf0 EDBOON02                         ff8c3f80 Mckey_h
ffba5d10 EDBOON03                         ff8c41a0 Benoit_h
ffba5e30 EDBOON04                         ff8c43c0 Ellison_h
ffba5f50 EDBOON05                         ff8c45e0 Cheaney_h
ffba6070 EDBOON16                         ff8c4800 ATL_t
ffb8f740 EDBOON_P                         ff8d05c0 spechds_t
ffa98db0 EDWARDS                          ff8da170 EB_H
ffaea230 EDWARD_p                         ff8da390 JTO_H
ffc72310 EDW_MLWP                         ff8dd5b0 plyr_getattributes
ffc40490 ED_BOONP                         ff8ddbb0 getwindowhead
ffa98ed0 ELLIOT                           ff8de050 Worthy_h
ffae1810 ELLIOT_p                         ff8de270 Laetner_h
ffb64310 ELLISN10                         ff8de490 Hawkins_h
ffb643a0 ELLISN11                         ff8de6b0 LJohnson_h
ffb64430 ELLISN12                         ff8de8d0 Divac_h
ffb644c0 ELLISN13                         ff8deaf0 KMalone_h
ffb64550 ELLISN14                         ff8dedb0 Stockton_h
ffb645e0 ELLISN15                         ff8df070 Ewing_h
ffb63e00 ELLISN1                          ff8df330 RHarper_h
ffb64670 ELLISN16                         ff8df5f0 Seikaly_h
ffb63e90 ELLISN2                          ff8df8b0 Miller_h
ffb63f20 ELLISN3                          ff8dfad0 Mutumbo_h
ffb63fb0 ELLISN4                          ff8dfcf0 Oakley_h
ffb64040 ELLISN5                          ff8dff10 Olajuwon_h
ffb640d0 ELLISN6                          ff8e0130 Porter_h
ffb64160 ELLISN7                          ff8e0350 Price_h
ffb641f0 ELLISN8                          ff8e0570 Rice_h
ffb64280 ELLISN9                          ff8e0790 Robinson_h
ffcd68c0 ELLISN_P                         ff8e09b0 Schrempf_h
ffa9e330 ELLISON                          ff8e0bd0 Skiles_h
ffae1400 ELLIS_p                          ff8e0df0 Smith_h
ffc74290 ELL_DENP                         ff8e1010 Thomas_h
ffc75290 ELL_DETP                         ff8e1230 Tisdale_h
ffca65f0 ELL_WASP                         ff8e1450 Webb_h
ffca58d0 ELS_SANP                         ff8e17b0 Kemp_h
ffa97070 ELVIS                            ff8e19d0 Pippen_h
010eba30 ENTERON                          ff8e1bf0 Gill_h
ff8472e0 ERASE_TXT                        ff8e1e10 Daughert_h
ffba8b30 ERCKIN01                         ff8e2030 Mullin_h
ffba8c50 ERCKIN02                         ff8e2250 Wilkins_h
ffba8d70 ERCKIN03                         ff8e2470 Person_h
ffba8e90 ERCKIN04                         ff8e2690 Augmon_h
ffba8fb0 ERCKIN05                         ff8e28b0 Benjamin_h
ffba90d0 ERCKIN16                         ff8e2ad0 Barkley_h
ffb917c0 ERCKIN_P                         ff8e2cf0 Coleman_h
ffc41470 ERC_KINP                         ff8e2f10 Drexler_h
ff9664b0 ERRORLOG                         ff8e3130 Ellis_h
ffba91f0 EUGENE01                         ff8e3350 Elliot_h
ffba9310 EUGENE02                         ff8e3570 Hardaway_h
ffba9430 EUGENE03                         ff8e3790 DHarper_h
ffba9550 EUGENE04                         ff8e39b0 HCGrant_h
ffba9670 EUGENE05                         ff8e3bd0 HVGrant_h
ffba9790 EUGENE16                         ff8e3df0 Hornacek_h
ffb91bd0 EUGENE_P                         ff8e4010 Majerle_h
ffc423d0 EUG_JARP                         ff8e4230 Manning_h
ffc76280 EWG_NEYP                         ff8e4590 pseq_t
ffaeaf40 EWILPAL                          ff8f7cc0 push_t
ffa99080 EWING                            ff8f8630 tip_t
ffade750 EWING_p                          ff8f87f0 tipj_t
ff83c380 EXISTOBJ                         ff8f8a70 passnl_t
ff84f180 EXISTP                           ff8f8f20 passnl3_t
ff8be640 Edwrd_h                          ff8f9210 passnl2_t
ff8e3350 Elliot_h                         ff8f96c0 stagger_t
ff8e3130 Ellis_h                          ff8f9e10 fall_t
ff8c43c0 Ellison_h                        ff8faf50 ffall_t
ff8df070 Ewing_h                          ff8fbfe0 fflyback_t
ffa79b90 F10                              ff8fc110 fflybackwb_t
ffa78b90 F1                               ff8fdde0 flyback_t
ffa7ab70 F2                               ff8fdf10 flybackwb_t
ffa88700 F3                               ff8ff3b0 flyback2_t
ffa87700 F4                               ff8ff4e0 flybackwb2_t
ffa7bb50 F5                               ff8ffd50 fflyback2_t
ffa86710 F6                               ff8ffe80 fflybackwb2_t
ffa85720 F7                               ff900500 pickup_t
ffa7cb50 F8                               ff900cc0 elbo_t
ffa7db40 F9                               ff901530 elbo2_t
ffa07560 FAC_SET                          ff9021a0 dunka_t
ffa30900 FAC_STUF                         ff9026b0 dunka2_t
0106f350 FADERAM                          ff902bc0 dunkb_t
ff954630 FADE_DOWN                        ff903570 dunkb2_t
ff9545f0 FADE_UP                          ff903f20 dunkb3_t
ffaf0520 FGAMEPAL                         ff9048d0 dunkc_t
ff848810 FILLAREA                         ff904d60 dunkd_t
ffbfb2d0 FIREFALP                         ff905290 dunkd2_t
ffb275d0 FL10_p                           ff9057c0 dunke_t
ffb27cb0 FL11_p                           ff905c90 dunke2_t
ffb28390 FL12_p                           ff906160 dunkf_t
ffb28a70 FL13_p                           ff906710 dunkg_t
ffb29150 FL14_p                           ff906c20 dunkg2_t
ffb29830 FL15_p                           ff907130 dunkj_t
ffb29f10 FL16_p                           ff9076a0 dunkj4_t
ffb2a5f0 FL17_p                           ff907c50 dunkj2_t
ffb2acd0 FL18_p                           ff9081c0 dunkj3_t
ffb2b3b0 FL19_p                           ff908b70 dunkk_t
ffb237f0 FL1_p                            ff9090e0 dunkk2_t
ffb2ba90 FL20_p                           ff909650 dunkl_t
ffb2c170 FL21_p                           ff909bc0 dunkl2_t
ffb2c850 FL22_p                           ff90a170 dunkl3_t
ffb2cf30 FL23_p                           ff90a6e0 dunkl4_t
ffb2d610 FL24_p                           ff90ac50 dunkn_t
ffb2dcf0 FL25_p                           ff90b160 dunkn2_t
ffb2e3d0 FL26_p                           ff90b670 dunko_t
ffb2eab0 FL27_p                           ff90bf20 dunko2_t
ffb2f190 FL28_p                           ff90c650 dunkp_t
ffb2f870 FL29_p                           ff90cc40 dunkp2_t
ffb23ed0 FL2_p                            ff90d230 dunkp3_t
ffb2ff50 FL30_p                           ff90d960 dunkq_t
ffb30630 FL31_p                           ff90ded0 dunkq3_t
ffb30d10 FL32_p                           ff90e400 dunkq2_t
ffb313f0 FL33_p                           ff90e970 dunkq4_t
ffb31ad0 FL34_p                           ff90eea0 dunkr_t
ffb321b0 FL35_p                           ff90f410 dunkr2_t
ffb32890 FL36_p                           ff90f9c0 dunks_t
ffb32f70 FL37_p                           ff90ff70 dunks2_t
ffb33650 FL38_p                           ff910520 dunkt_t
ffb33d30 FL39_p                           ff910bf0 dunkt2_t
ffb245b0 FL3_p                            ff9115e0 dunkt3_t
ffb34410 FL40_p                           ff911fd0 dunkt4_t
ffb34af0 FL41_p                           ff912d10 dunkt5_t
ffb351d0 FL42_p                           ff913a00 dunku_t
ffb358b0 FL43_p                           ff913f70 dunku2_t
ffb35f90 FL44_p                           ff914530 dunku3_t
ffb36670 FL45_p                           ff914c70 dunku4_t
ffb36d50 FL46_p                           ff915570 dunku5_t
ffb37430 FL47_p                           ff915c70 dunku6_t
ffb37b10 FL48_p                           ff9161a0 dunkv_t
ffb381f0 FL49_p                           ff9167d0 dunkv2_t
ffb24c90 FL4_p                            ff916dc0 dunkw_t
ffb388d0 FL50_p                           ff917330 dunkw2_t
ffb38fb0 FL51_p                           ff917860 dunkw3_t
ffb39690 FL52_p                           ff917de0 dunky_t
ffb39d70 FL53_p                           ff918910 dunky2_t
ffb3a450 FL54_p                           ff919140 dunkz3_t
ffb25370 FL5_p                            ff9199b0 dunkz4_t
ffb25a50 FL6_p                            ff919f60 dunkz5_t
ffb26130 FL7_p                            ff91a3c0 dunkz6_t
ffb26810 FL8_p                            ff91a930 dunkz7_t
ffb26ef0 FL9_p                            ff91ae50 dunkz8_t
ff846940 FLASHME                          ff91b3c0 dunkz9_t
ffb3ab30 FL_B_p                           ff91bb70 dunkz10_t
ffb3b210 FL_G_p                           ff91c2e0 dunkz11_t
ffb3c8c0 FL_RPR_P                         ff91ca10 hook_t
ffb3c1e0 FL_VIK_P                         ff91ca10 hook2_t
ffc2dbc0 FON150                           ff91d020 dunklay7_t
ffc2dc50 FON151                           ff91d4a0 dunklay2_t
ffc2dce0 FON152                           ff91d8a0 dunklay3_t
ffc2dd70 FON153                           ff91ddb0 dunklay3a_t
ffc2de00 FON154                           ff91e270 dunklay4_t
ffc2de90 FON155                           ff91e670 dunklay5_t
ffc2df20 FON156                           ff91edb0 layup_t
ffc2dfb0 FON157                           ff91f7a0 layupreb_t
ffc2e040 FON158                           ff91ffd0 dunklay_t
ffc2e0d0 FON159                           ff920b40 dunklay6_t
ffc2e160 FON15A                           ff9214d0 dunkx_t
ffc2e8b0 FON15M                           ff9221a0 dunkx2_t
ffc2edc0 FON15V                           ff923260 dunkx3_t
ffc2ee50 FON15W                           ff923b20 dunkz_t
ffc2eee0 FON15X                           ff924090 dunkz2_t
ffc31130 FONT7A                           ff924640 stnd_t
ffc33d10 FONT7colon                       ff924770 stndwb2_t
ffa96920 FORD                             ff9256c0 plyr_lost
ffa06df0 FORM_ADC                         ff927240 arw_on1plyr
ffa11b00 FORM_SWS                         ff927420 stick_number
ff849740 FRANIMQ                          ff9275e0 stick_numbers
ff849290 FRANIM                           ff928070 stick_cpu
ff83ba70 FREEOBJ                          ff928660 stick_spark
01000020 FREE                             ff928f70 stick_spark2
ffcf3030 FRENCH_1                         ff9296c0 cr_cntrs_update
ffcf3080 FRENCH_2                         ff92ae00 score_showtvpanel2
ffcf30d0 FRENCH_3                         ff92aff0 score_showtvpanel
ffcf3120 FRENCH_4                         ff92b0d0 scr1
ffcf2de0 FRENCH_ELECTITLE                 ff92b570 update_scorebrd
ff83bf20 FRQDELDIE                        ff92c470 prt_credits
ffa06fa0 F_ADC_S                          ff92caa0 clock_strt
ffa12950 F_TITLE                          ff92de70 cliplockretp
ffaa79f0 FulGamegld                       ff92f530 refill_turbo
ffaa7960 FulGamegrn                       ff92f7e0 score_add
ffaa78d0 FulGameorg                       ff930400 nosecrets_drw
ffaa7840 FulGamered                       ff9306f0 bracket_drw
ffb4db10 GAMBLE10                         ff930f40 prt_cr_timers
ffb4dba0 GAMBLE11                         ff931210 prt_top_scores
ffb4d600 GAMBLE1                          ff9346a0 shot_clock
ffb4dc30 GAMBLE12                         ff935880 sclockx
ffa9d010 GAMBLE                           ff936450 show_ot_msg
ffb4dcc0 GAMBLE13                         ff9369e0 doalert_snd
ffb4dd50 GAMBLE14                         ff936e80 fix_dropout_msgs
ffb4dde0 GAMBLE15                         ff9380d0 flash_plyr_wht
ffb4de70 GAMBLE16                         ff939390 doflshs
ffb4d690 GAMBLE2                          ff93a470 tournament_on
ffb4d720 GAMBLE3                          ff93b7c0 cpu_subs
ffb4d7b0 GAMBLE4                          ff93e2c0 dropout_stats
ffb4d840 GAMBLE5                          ff93e580 instructions
ffb4d8d0 GAMBLE6                          ff93e9f0 print_inst
ffb4d960 GAMBLE7                          ff941be0 SHAKER
ffb4d9f0 GAMBLE8                          ff9423f0 do_warns
ffb4da80 GAMBLE9                          ff942840 idiot_box
ffcc3d50 GAMBLE_P                         ff942ac0 player_data
010e58b0 GAMSTATE                         ff943b20 blink_plyr
ffca7450 GAM_BOSP                         ff943b60 blink_plyr2
ff83e590 GANIOF                           ff943d30 flsh_box
ff83c950 GANISAG                          ff944240 update_cont_message
ffa97460 GAY                              ff9449f0 flash_bigtxt
ffa96140 GENTILE                          ff944d60 flash_bigtxt2
ffa0c5a0 GEN_MENU                         ff9450d0 game_over
ffba1750 GEOR16                           ff945ad0 update_shoes
ffba11b0 GEOR1                            ff9461c0 starring
ffba12d0 GEOR2                            ff94a6b0 player_names
ffba13f0 GEOR3                            ff9532b0 our_names
ffba1510 GEOR4                            ff953a50 snd_reset
ffba1630 GEOR5                            ff953bf0 QSNDRST
ffb8ca90 GEOR_P                           ff953cb0 snd_play1ovrp
ffcf2ea0 GERMAN_1                         ff953e00 snd_play1ovr
ffcf2ef0 GERMAN_2                         ff953ef0 snd_play1
ffcf2f40 GERMAN_3                         ff953f00 snd_play
ffcf2f90 GERMAN_4                         ff954150 snd_update
ffcf2e40 GERMAN_ELECTITLE                 ff9543f0 SNDSND
ff83e460 GETANIXY                         ff9545f0 FADE_UP
ff848370 GETANIX                          ff954630 FADE_DOWN
ff8482a0 GETCPNT                          ff954cc0 ALLOFF
ffa3d990 GETHIGH                          ff954d00 musicoff_snd
ffa3ef70 GETINIT1                         ff954d80 YAMOFF
ffa3edc0 GETINIT                          ff9551c0 coin_snd
ffa3ef70 GETINIT2                         ff955200 beep2_snd
ff83b8c0 GETOBJ                           ff955240 cntdown_snd
ff84ea30 GETPRC                           ff955280 horn_snd
ffa11500 GETSTICK                         ff9552c0 tune2_snd
ffa07080 GET_ADJ                          ff955300 sound_watchdog
ffa067d0 GET_AUD                          ff955b20 TVBP
ffa012f0 GET_CREDITS                      ff955ca0 TVBPX
ffa2e8a0 GET_CSPT                         ff955e20 TVPATCH
ffa07f50 GET_CSTR                         ff956400 RD7FONT
ffa0e790 GET_FAC                          ff956400 TVPATCHX
ffa3f890 GET_HSCR                         ff956fa0 RD15FONT
ffa3d730 GET_HSC                          ff957b40 set_imgs
ffae8de0 GILL_P                           ff957ec0 amode_start
ffa99110 GILL                             ff959fc0 show_operatormsg
ffc77270 GIL_SEAP                         ff95c0e0 show_designteam
010f11a0 GMENULEV                         ff961210 osgfont_t
ffaf23c0 GOLD                             ff9664b0 ERRORLOG
ffa97970 GOSKIE                           ff9665d0 hint_page
ff9f9d20 GO_ADJ                           ff970dc0 new_page
ffa2f040 GO_DIAG                          ff974a20 stats_page2
ffa96890 GRANN                            ff974a40 stats_page
ffae2850 GRANTG_P                         ff976480 plyr_subs
ffa991a0 GRANT_HC                         ff9765d0 COLTAB
ffa99230 GRANT_HV                         ff97d6e0 rank_screen
ffae2440 GRANT_P                          ff980980 winning_msg
ffa96ad0 GREEN                            ff9820e0 print_ranking
ffaf2100 GREENPAL                         ff983190 get_initials_string
ffb153b0 GREYPAL                          ff983330 print_player_stats
ffc433a0 GRG_PETP                         ff985c30 print_teams_defeated
ffb16c10 GRNPAL                           ff9867e0 dec_to_asc
ffb13780 GROWBOXg                         ff986ba0 dec_to_pct
ffb13600 GROWBOXb                         ff986dd0 copy_string
ffb13900 GROWBOXy                         ff986e90 concat_string
ffaf1510 GROWBOX                          ff986f90 copy_rom_string
ffb13a80 GROWBOXr                         ff987030 concat_rom_string
ffc992d0 GRT_CHIP                         ff9873a0 print_string_C
ffc9c2a0 GRT_PRTP                         ff987480 print_string_C2
ff83c710 GSCRNREL                         ff987620 print_string_R
ffa98ff0 GUGLI                            ff987700 print_string_R2
ffc9a2b0 GUG_WASP                         ff987900 print_string
ffaea640 GUG_p                            ff987930 print_string2
ffa12a80 G_BORDER                         ff987fc0 setup_message
ff8bf0e0 Gamble_h                         ff988200 print_message
ff8e1bf0 Gill_h                           ff988600 osgemd_ascii
ff8be420 Gug_h                            ff989600 sgmd8_ascii
ffa96a40 HAEGER                           ff98ab60 osgmd8_ascii
ffae44c0 HAKEEM_P                         ff98c0c0 lgmd_ascii
010e58c0 HALT                             ff98d0c0 omlgmd_ascii
ffae1c20 HARDAW_p                         ff98e0c0 ogmd10_ascii
ffa99350 HARPER_D                         ff98f540 save_player_records
ffa993e0 HARPER_R                         ff991360 clear_player_stats
ffadf380 HARPER_p                         ff9913f0 inc_player_stat
ffca8280 HAR_ORLP                         ff9914b0 dec_player_stat
ffa99470 HAWKINS                          ff9934d0 find_record
ffae7990 HAWKINS_P                        ff993bf0 get_player_record
ff8e39b0 HCGrant_h                        ff9942e0 get_all_records
ffa961d0 HEITSCH                          ff994740 sort_wins
ff8470f0 HEXTOASC                         ff9956f0 calc_num_defeated
ffa97850 HEY                              ff9957a0 clear_player_records
ffa39d80 HID_P                            ff996e90 show_hiscore
ffaeff90 HOOP_p                           ff998700 COLTAB2
ffa99500 HORNACEK                         ff99ef20 show_player_records
ffae2c60 HORNA_P                          ff9a1c20 pass_speech
ffb55010 HORRY10                          ff9a3e20 name_speech
ffb550a0 HORRY11                          ff9a85e0 speech_playovrp
ffb55130 HORRY12                          ff9a8620 shoots_speech
ffb551c0 HORRY13                          ff9a9610 scored_speech
ffb55250 HORRY14                          ff9aac80 seq_call_name
ffb552e0 HORRY15                          ff9aaef0 pass_to_speech
ffb54b00 HORRY1                           ff9ac370 call_team_name
ffb55370 HORRY16                          ff9ac3f0 call_matchup
ffb54b90 HORRY2                           ff9ac8c0 pushed_speech
ffb54c20 HORRY3                           ff9aca60 rejected_speech
ffb54cb0 HORRY4                           ff9accb0 rejected_dnk_speech
ffb54d40 HORRY5                           ff9ace80 rebound_speech
ffb54dd0 HORRY6                           ff9ad400 intercepted_speech
ffb54e60 HORRY7                           ff9ad520 stolen_speech
ffb54ef0 HORRY8                           ff9ad720 seq_lay_up_start
ffb54f80 HORRY9                           ff9ad790 seq_jam_speech
ffa9d760 HORRY                            ff9adab0 call_scores
ffcc9890 HORRY_P                          ff9ae840 name_call
ffca8fe0 HOR_HOUP                         ff9af0a0 nogood_speech
ffa97100 HOSK                             ff9af2f0 victory_speech
ffc78260 HPR_DALP                         ff9af550 setup_speech
ffc79260 HRD_GLDP                         ff9b0b40 initials_entry
ffc37280 HRD_GLD                          ff9b4020 team_selection
ffc7a240 HRN_PHLP                         ff9b6150 get_teams_pop
ffc7b240 HRP_CLPP                         ff9b84f0 create_player_heads
ffa09e20 HTOHXASC                         ff9b8c40 create_team_set_flsh
ffb53510 HUNTER10                         ff9b8f00 create_team_set
ffb535a0 HUNTER11                         ff9b93e0 update_player_heads
ffb53630 HUNTER12                         ff9bcee0 create_logos
ffb536c0 HUNTER13                         ff9bd6f0 update_team_set
ffa9d5b0 HUNTER                           ff9bdce0 update_logos
ffb53000 HUNTER1                          ff9c6040 credit_messages
ffb53750 HUNTER14                         ff9ca550 credits
ffb537e0 HUNTER15                         ff9ca6d0 credits2
ffb53870 HUNTER16                         ff9ca7b0 credits3
ffb53090 HUNTER2                          ff9ca870 create_credits
ffb53120 HUNTER3                          ff9cc570 obj_on
ffb531b0 HUNTER4                          ff9cc5f0 obj_off
ffb53240 HUNTER5                          ff9cc670 scroll_page
ffb532d0 HUNTER6                          ff9cca70 monitor_fullgame
ffb53360 HUNTER7                          ff9ce240 monitor_buyins
ffb533f0 HUNTER8                          ff9ce340 team_control
ffb53480 HUNTER9                          ff9d1f80 city_tbl
ffcc8090 HUNTER_P                         ff9d24b0 logos
ffca9e50 HUN_DETP                         ff9d2830 name_sort
ffb60d10 HURL10                           ff9d45c0 create_bits
ffb60da0 HURL11                           ff9d4a90 create_bits2
ffb60e30 HURL12                           ff9d5420 start_teams
ffb60ec0 HURL13                           ff9d6280 ladder_imgs0
ffb60f50 HURL14                           ff9d65a0 ladder_imgs1
ffb60800 HURL1                            ff9d6bc0 ladder_imgs2
ffb60fe0 HURL15                           ff9d71e0 ladder_imgs3
ffb61070 HURL16                           ff9d7800 ladder_imgs4
ffb60890 HURL2                            ff9d7e20 ladder_imgs5
ffb60920 HURL3                            ff9d8440 ladder_imgs6
ffb609b0 HURL4                            ff9d8a60 morf_pal
ffa9e060 HURL                             ff9d9300 get_all_starts_down
ffb60a40 HURL5                            ff9d9520 get_start_down
ffb60ad0 HURL6                            ff9d9630 get_start_cur
ffb60b60 HURL7                            ff9d9700 get_team1_turbo
ffb60bf0 HURL8                            ff9d9840 get_team2_turbo
ffb60c80 HURL9                            ff9d9980 get_turbo_down
ffcd38c0 HURL_P                           ff9d9a90 get_all_sticks_cur
ffcaaca0 HUR_SACP                         ff9d9cb0 get_all_sticks_cur2
ff8e3bd0 HVGrant_h                        ff9d9e20 get_stick_val_cur
ffa28410 HVLINE                           ff9d9ef0 get_all_sticks_down
ffc7c1e0 HWK_CHAP                         ff9da110 get_all_sticks_down2
ffa133b0 H_SLAVE                          ff9da280 get_stick_val_down
ff8e3570 Hardaway_h                       ff9da390 get_all_buttons_cur
ff8de490 Hawkins_h                        ff9da5b0 get_all_buttons_cur2
ff8e3df0 Hornacek_h                       ff9da720 get_but_val_cur
ff8c0c80 Horry_h                          ff9da7f0 get_all_buttons_down
ff8c0620 Hunter_h                         ff9daa10 get_all_buttons_down2
ff8c3700 Hurley_h                         ff9dab80 get_but_val_down
ffa28180 INITCOLR                         ff9dac90 get_but_val_down_nt
ffaa73c0 INITIALS                         ff9dad60 get_steal_but_cur
ffaa6be0 INITIALS_B                       ff9dae30 result_screen
ffa3f070 INITMAT                          ff9dca50 matchup_screen
ffa3e9f0 INITTIM                          ff9dd230 timeout
ffa3d550 INIT_HSR                         ff9ddba0 timeout2
ffa3ff50 INIT_TAB                         ff9de680 timeout3
ffa3ff60 INIT_TB                          ff9df3a0 check_initials
ff83baf0 INSBOBJ                          ff9e1a60 select_teams
ff83bb30 INSOBJ                           ff9e2c70 get_opponent_team
ff840950 INTIO                            ff9e2d10 ingame_mess
0106d460 IRQSKYE                          ff9e3750 winner_stays_on
ffa3e9f0 ISHSTD                           ff9e4ae0 buyin_screen
ff83c480 ISOBJ                            ff9e6180 blink_tmslct
ffba98b0 JACHAG01                         ff9e65a0 grand_champs_screen
ffba99d0 JACHAG02                         ff9e8270 drw_chicks
ffba9af0 JACHAG03                         ff9e9aa0 player_heads
ffba9c10 JACHAG04                         ff9f26a0 player_attribs
ffba9d30 JACHAG05                         ff9f6620 check_suckup
ffba9e50 JACHAG16                         ff9f68d0 attrib_off
ffb91fe0 JACHAG_P                         ff9f69a0 attrib_on
ffb50810 JACK10                           ff9f6a70 update_attribs
ffb508a0 JACK11                           ff9f6fc0 del_box_imgs
ffb50930 JACK12                           ff9f7710 brown_shadow
ffb50300 JACK1                            ff9f7a70 blue_shadow
ffb509c0 JACK13                           ff9f7ca0 challenger
ffa9d2e0 JACK                             ff9f85d0 challenger2
ffb50a50 JACK14                           ff9f8a00 guyhds
ffb50ae0 JACK15                           ff9f9580 our_heads
ffb50b70 JACK16                           ff9f9d20 GO_ADJ
ffb50390 JACK2                            ff9fcf80 TAMPEREDP
ffb50420 JACK3                            ff9fd000 CKDIP
ffb504b0 JACK4                            ff9fd080 SET_COIN_ADJ
ffb50540 JACK5                            ff9fd760 DO_ADJH
ffb505d0 JACK6                            ff9fec50 BINBCD
ffb50660 JACK7                            ff9fede0 BCDBIN
ffb506f0 JACK8                            ff9fef00 L_TIMER
ffb50780 JACK9                            ff9ff4b0 SERVICE
ffcc6160 JACK_P                           ff9ff6b0 LCOIN
ffcab9d0 JAC_DALP                         ff9ff720 CCOIN
ffc44360 JAC_HAGP                         ff9ff790 RCOIN
ffba47b0 JAKSIM01                         ff9ff800 XCOIN
ffba48d0 JAKSIM02                         ffa00150 CR_STRTP
ffba49f0 JAKSIM03                         ffa002b0 CR_CONTP
ffba4b10 JAKSIM04                         ffa00410 P_START
ffba4c30 JAKSIM05                         ffa00650 P_CONT
ffba4d50 JAKSIM16                         ffa00860 NO_CREDS
ffb8eb10 JAKSIM_P                         ffa01030 CK_MAX
ffc65d30 JAK_SIMP                         ffa010d0 UNIT_CLR
ffc368f0 JAM_RIVM                         ffa012d0 CRED_P
ffc68a90 JAM_RIVP                         ffa012f0 GET_CREDITS
ffa969b0 JARVIS                           ffa01710 CRD_SCRN
ffba9f70 JASFLA01                         ffa01720 CRD_SCRN2
ffbaa090 JASFLA02                         ffa04500 winner_stays_box
ffbaa1b0 JASFLA03                         ffa05d40 SLAM_SW
ffbaa2d0 JASFLA04                         ffa060d0 CCCC
ffbaa3f0 JASFLA05                         ffa06210 COIN_PAG
ffbaa510 JASFLA16                         ffa062a0 aud_addnumplyrs
ffb923f0 JASFLA_P                         ffa067d0 GET_AUD
ffc45360 JAS_FLAP                         ffa06910 STORE_AUDIT
ffb9dbb0 JC1                              ffa069e0 CLR_AUDR
ffb9dcd0 JC10                             ffa06ad0 KILL_AUD
ffb9ddf0 JC11                             ffa06b70 AUD
ffb9df10 JC12                             ffa06c80 AUD1
ffb9e030 JC13                             ffa06cf0 CLR_AUD
ffb9e150 JC14                             ffa06d90 CMOS_VAL
ffb9e270 JC15                             ffa06df0 FORM_ADC
ffb9e390 JC16                             ffa06fa0 F_ADC_S
ffb9e4b0 JC2                              ffa07080 GET_ADJ
ffb9e5d0 JC3                              ffa07150 PUT_ADJ
ffb9e6f0 JC4                              ffa074c0 ADJ_PAGE
ffb9e810 JC5                              ffa07550 DEF_PAGE
ffb9e930 JC6                              ffa07560 FAC_SET
ffb9ea50 JC7                              ffa078d0 LD_CTAB
ffb9eb70 JC8                              ffa07e00 L_MESS
ffb9ec90 JC9                              ffa07f00 LM_SETUP
ffb8bf00 JC_p                             ffa07f40 LM_FINIS
ffbaa630 JGREEN01                         ffa07f50 GET_CSTR
ffbaa750 JGREEN02                         ffa084e0 CAT_A0
ffbaa870 JGREEN03                         ffa08c00 ROM_NAME
ffbaa990 JGREEN04                         ffa09920 WAIT_MUT
ffbaaab0 JGREEN05                         ffa09e20 HTOHXASC
ffbaabd0 JGREEN16                         ffa0a0c0 STRCAT
ffb92800 JGREEN_P                         ffa0ae60 CPU_RET
ffba6cd0 JIMGEN01                         ffa0af60 WAIT_BUT
ffba6df0 JIMGEN02                         ffa0b0d0 CKTEST
ffba6f10 JIMGEN03                         ffa0b210 CKDIAG
ffba7030 JIMGEN04                         ffa0b340 DIAG
ffba7150 JIMGEN05                         ffa0b530 DIAG_EX
ffb90370 JIMGEN_P                         ffa0c5a0 GEN_MENU
ffc46320 JIM_GENP                         ffa0cbf0 MENU_TOP
ffc47300 JIM_GRNP                         ffa0cc30 TOP_BOX
ffbaacf0 JOEDIL01                         ffa0cfd0 RED_BOX
ffbaae10 JOEDIL02                         ffa0d1a0 COL_INST
ffbaaf30 JOEDIL03                         ffa0d380 DIGSRT
ffbab050 JOEDIL04                         ffa0d5f0 DIAG_COLORS
ffbab170 JOEDIL05                         ffa0e530 CHK_CMOS
ffbab290 JOEDIL16                         ffa0e790 GET_FAC
ffb92c10 JOEDIL_P                         ffa0ea10 B_MENU
ffbab3b0 JOELIN01                         ffa11440 ST_STICK
ffbab4d0 JOELIN02                         ffa11500 GETSTICK
ffbab5f0 JOELIN03                         ffa11b00 FORM_SWS
ffbab710 JOELIN04                         ffa11b70 fudge_switches
ffbab830 JOELIN05                         ffa11e00 fudge_switches_diag
ffbab950 JOELIN16                         ffa12090 fudge_switches2
ffb93020 JOELIN_P                         ffa12950 F_TITLE
ffc482b0 JOE_DILP                         ffa12a80 G_BORDER
ffc49280 JOE_LINP                         ffa12c40 DOBORDER
ffba6730 JOHNN01                          ffa13040 STD_BORD
ffba6850 JOHNN02                          ffa13260 BLNKHELP
ffba6970 JOHNN03                          ffa133b0 H_SLAVE
ffba6a90 JOHNN04                          ffa13a70 AREUSURE
ffba6bb0 JOHNN05                          ffa13fd0 SUR_MESS
ffb8ff60 JOHNN_P                          ffa140f0 SURE_BOX
ffa99590 JOHNSN_L                         ffa14ea0 opmsg_main
ffae7da0 JOHNSON_P                        ffa16180 opmsg_clr
ffcac7a0 JOH_PHXP                         ffa18c00 POWERTST
ffb99ef0 JONH11                           ffa18e10 POWERCMOS
ffb9a010 JONH12                           ffa1a5e0 BURN_IN
ffb9a130 JONH13                           ffa1a7f0 DIAGCPUTEST
ffb99dd0 JONH10                           ffa1e6f0 CROSS_H
ffb9a370 JONH15                           ffa1fab0 COL_BARS
ffb9a490 JONH16                           ffa1ff90 SWITCHTEST
ffb9a250 JONH14                           ffa22dd0 READ_DIP
ffb993b0 JONH1                            ffa28180 INITCOLR
ffb994d0 JONH2                            ffa28260 POINT
ffb995f0 JONH3                            ffa28310 RECTANGLE
ffb99710 JONH4                            ffa28410 HVLINE
ffb99830 JONH5                            ffa289e0 STRNEW1
ffb99950 JONH6                            ffa28ad0 STRING
ffb99a70 JONH7                            ffa29050 CIRCLE
ffb99b90 JONH8                            ffa29660 DSCRCLR
ffb99cb0 JONH9                            ffa2e8a0 GET_CSPT
ffb8a350 JONH_P                           ffa2ea70 CKPROMPT
ffba4e70 JONLOW01                         ffa2f040 GO_DIAG
ffba4f90 JONLOW02                         ffa30900 FAC_STUF
ffba50b0 JONLOW03                         ffa30b20 BUILD_ST
ffba51d0 JONLOW04                         ffa31370 ANY_BUT
ffba52f0 JONLOW05                         ffa31480 SNDTST
ffb8ef20 JONLOW_P                         ffa39d80 HID_P
ffbaba70 JONVOG01                         ffa3c340 STR_OBJ
ffbabb90 JONVOG02                         ffa3d120 STR_FREE
ffbabcb0 JONVOG03                         ffa3d320 P_FORK
ffbabdd0 JONVOG04                         ffa3d3c0 DEC_HSR
ffbabef0 JONVOG05                         ffa3d550 INIT_HSR
ffbac010 JONVOG16                         ffa3d730 GET_HSC
ffb93430 JONVOG_P                         ffa3d990 GETHIGH
ffc36860 JON_CARM                         ffa3e9f0 ISHSTD
ffc67a90 JON_CARP                         ffa3e9f0 INITTIM
ffc97310 JON_CHAP                         ffa3edc0 GETINIT
ffc36980 JON_HEYM                         ffa3ef70 GETINIT2
ffc699f0 JON_HEYP                         ffa3ef70 GETINIT1
ffc4a270 JON_LOWP                         ffa3f070 INITMAT
ffc4b270 JON_NEWP                         ffa3f160 A2_CHECK
ffc4c220 JON_TOBP                         ffa3f890 GET_HSCR
ffc4d220 JON_VOGP                         ffa3fca0 PT_ENTRY
ffbac130 JOSTSU01                         ffa3fd30 ROM_PTRS
ffbac250 JOSTSU02                         ffa3fe00 SET_PAGE
ffbac370 JOSTSU03                         ffa3ff50 INIT_TAB
ffbac490 JOSTSU04                         ffa3ff60 INIT_TB
ffbac5b0 JOSTSU05                         ffa400f0 VAL_TAB
ffbac6d0 JOSTSU16                         ffa40a00 RC_BYTE
ffb93840 JOSTSU_P                         ffa40ab0 WC_BYTE
ffc4e1d0 JOS_TSUP                         ffa40c40 RC_BYTEI
ffa977c0 JSKILES                          ffa40ca0 RC_WORD
ff8da390 JTO_H                            ffa40e20 RC_LONG
ff8bfb80 Jack_h                           ffa40f40 RC_LONGI
ffa96bf0 KAM                              ffa40fa0 WC_BYTEI
ffa9a5e0 KANDERSON                        ffa40ff0 WC_WORD
ffba1f30 KARHOS01                         ffa410b0 WC_WORDI
ffba2050 KARHOS02                         ffa41100 WC_LONG
ffba2170 KARHOS03                         ffa411c0 WC_LONGI
ffba2290 KARHOS04                         ffa41790 .data
ffba23b0 KARHOS05                         ffa41790 etext
ffba24d0 KARHOS16                         ffa47b40 hiscoreBMOD
ffb8d2b0 KARHOS_P                         ffa48bd0 empjambBMOD
ffc3c5c0 KAR_HOSP                         ffa49e60 yesnoBMOD
ff8beca0 KAnderson_h                      ffa4c540 namebox4BMOD
ffa996b0 KEMP                             ffa4c5d0 namebox2BMOD
ffae85c0 KEMP_P                           ffa4c660 selbackBMOD
ff84edb0 KIL1C                            ffa4c6f0 namebox3BMOD
ff84edc0 KILALLN                          ffa4e030 teamselBMOD
ff84ed90 KILALL                           ffa521d0 finalBMOD
ff842250 KILBGND                          ffa52260 matchupBMOD
ffa06ad0 KILL_AUD                         ffa53c70 statscrkBMOD
ff84e840 KILL                             ffa53d00 statscrnBMOD
ffa96260 KINKEAD                          ffa55ec0 trnedBMOD
ffa9a820 KJOHNSON                         ffa57290 congratbBMOD
ff8c30a0 KJohn_h                          ffa58700 ladderBMOD
ffc7e0a0 KMP_SEAP                         ffa58790 dabullBMOD
ff8deaf0 KMalone_h                        ffa5a6e0 chrvic1BMOD
ffa96fe0 KONGO                            ffa5c060 nameboxkBMOD
ff84efa0 KOP_1C                           ffa5c0f0 selbackkBMOD
ff84efb0 KOP_ALL                          ffa5d890 subsBMOD
ffb4f610 KUKOC10                          ffa5dcd0 viewfrtBMOD
ffb4f6a0 KUKOC11                          ffa5e000 blankjamBMOD
ffb4f8e0 KUKOC15                          ffa5e090 wood64
ffb4f100 KUKOC1                           ffa5e4a0 NBAPAL_V
ffb4f7c0 KUKOC13                          ffa5e680 BNBA_V_P
ffb4f850 KUKOC14                          ffa5e7e0 BNBAPALV
ffb4f730 KUKOC12                          ffa5e940 NBAPALV
ffa9d1c0 KUKOC                            ffa5eb20 BNBAPALB
ffb4f970 KUKOC16                          ffa5ec80 NBAPAL
ffb4f190 KUKOC2                           ffa5ee60 METLPALG
ffb4f220 KUKOC3                           ffa5f1b0 orePALS
ffb4f2b0 KUKOC4                           ffa5f310 yjamPALS
ffb4f340 KUKOC5                           ffa5f3f0 oPALS
ffb4f3d0 KUKOC6                           ffa5f490 ATTBKR_P
ffb4f460 KUKOC7                           ffa5f520 ATTBKB_P
ffb4f4f0 KUKOC8                           ffa5f5b0 wood64b
ffb4f580 KUKOC9                           ffa5f9c0 METLPALB
ffcc5550 KUKOC_P                          ffa5fd10 METLPALR
ffcad440 KUK_CHIP                         ffa60060 NLWOOD64
ffb5aa10 K_AND10                          ffa60470 ackPALS
ffb5abc0 K_AND13                          ffa60570 westpalc
ffb5aaa0 K_AND11                          ffa606f0 eastpalc
ffb5ab30 K_AND12                          ffa60820 MBOX_B_P
ffb5a500 K_AND1                           ffa609d0 MBOX_R_P
ffb5ac50 K_AND14                          ffa60b80 selPALS
ffb5ace0 K_AND15                          ffa60ce0 WHITEPAL3
ffb5ad70 K_AND16                          ffa60fa0 QTRBYB_P
ffb5a590 K_AND2                           ffa61020 hbakPALS
ffb5a620 K_AND3                           ffa611e0 scrnPALS
ffb5a6b0 K_AND4                           ffa612a0 Z_pal1
ffb5a740 K_AND5                           ffa622a0 Z_pal2
ffb5a7d0 K_AND6                           ffa62f30 Z_pal3
ffb5a860 K_AND7                           ffa63f20 Z_pal4
ffb5a8f0 K_AND8                           ffa64920 stat_p
ffb5a980 K_AND9                           ffa64d20 STATIC_p
ffcce2d0 K_AND_P                          ffa64e80 Z_pal7
ffb5f2a0 K_JOHN11                         ffa65e80 Z_pal8
ffb5f210 K_JOHN10                         ffa66e80 Z_pal9
ffb5ed00 K_JOHN1                          ffa67db0 Z_pal10
ffb5f330 K_JOHN12                         ffa68db0 Z_pal11
ffb5f3c0 K_JOHN13                         ffa69370 Z_pal12
ffb5f450 K_JOHN14                         ffa6a040 Z_pal13
ffb5f4e0 K_JOHN15                         ffa6b040 P_STATIC
ffb5f570 K_JOHN16                         ffa6b440 top2_p
ffb5ed90 K_JOHN2                          ffa6c430 Z_pal16
ffb5ee20 K_JOHN3                          ffa6d3a0 Z_pal17
ffb5eeb0 K_JOHN4                          ffa6e030 Z_pal18
ffb5ef40 K_JOHN5                          ffa6f030 Z_pal19
[...]
ff8acd60 seq_keepzx                       ffbb3cf0 VNCPON02
ff9ad720 seq_lay_up_start                 ffbb3e10 VNCPON03
ff8acbe0 seq_newdir                       ffbb3f30 VNCPON04
ff8ad270 seq_noballoff                    ffbb4050 VNCPON05
ff8b1870 seq_push                         ffbb4170 VNCPON16
ff8aeb20 seq_rebounda                     ffbb4290 WARDAV01
ff8ad2f0 seq_resetseq                     ffbb43b0 WARDAV02
ff8ad3e0 seq_run                          ffbb44d0 WARDAV03
ff8b0460 seq_slamball                     ffbb45f0 WARDAV04
ff8ad180 seq_smoke                        ffbb4710 WARDAV05
ff8ad220 seq_snd                          ffbb4830 TOBIAS01
ff8ac5f0 seq_stand                        ffbb4950 TOBIAS02
ff8acd00 seq_stayinair                    ffbb4a70 TOBIAS03
ff8acb80 seq_stealstand                   ffbb4b90 TOBIAS04
ff8ad090 seq_stopfire                     ffbb4cb0 TOBIAS05
ff8af260 seq_strtdunk                     ffbb4dd0 TOBIAS16
ff8acf10 seq_strtfire                     ffbb4ef0 PALHEI01
ff8ace80 seq_stuffzx                      ffbb5010 PALHEI02
ff957b40 set_imgs                         ffbb5130 PALHEI03
ff866450 set_names                        ffbb5250 PALHEI04
ff987fc0 setup_message                    ffbb5370 PALHEI05
ff9af550 setup_speech                     ffbb5490 PALHEI16
ff989600 sgmd8_ascii                      ffbb55b0 BILDAB01
ffa92b40 sgmd8wht                         ffbb56d0 BILDAB02
ffaeaa50 shad_p                           ffbb57f0 BILDAB03
ffa935a0 shadow1                          ffbb5910 BILDAB04
ffa93ab0 shadow10                         ffbb5a30 BILDAB05
ffa93b40 shadow11                         ffbb5b50 BILDAB16
ffa93c60 shadow12                         ffbb5c70 RACDAV01
ffa93cf0 shadow13                         ffbb5d90 RACDAV02
ffa93d80 shadow14                         ffbb5eb0 RACDAV03
ffa93e10 shadow15                         ffbb5fd0 RACDAV04
ffa93630 shadow2                          ffbb60f0 RACDAV05
ffa936c0 shadow3                          ffbb6210 RACDAV16
ffa93750 shadow4                          ffbb6330 ballite1
ffa937e0 shadow5                          ffbb6450 ballite2
ffa93870 shadow6                          ffbb6570 ballite3
ffa93900 shadow7                          ffbb6690 ballite4
ffa93990 shadow8                          ffbb67b0 ballite5
ffa93a20 shadow9                          ffbb68d0 ballite6
ffaa11e0 shard1_1                         ffbb69f0 ballite7
ffaa1270 shard1_2                         ffbb6b10 lighten1
ffaa1300 shard1_3                         ffbb6c30 lighten2
ffaa1390 shard1_4                         ffbb6d50 lighten3
ffaa1420 shard1_5                         ffbb6e70 lighten4
ffaa14b0 shard1_6                         ffbb6f90 lighten5
ffaa1540 shard1_7                         ffbb70b0 lighten6
ffaa15d0 shard1_8                         ffbb71d0 lighten7
ffaa1660 shard2_1                         ffbdae70 w3run1
ffaa16f0 shard2_2                         ffbe2eb0 w1blok2
ffaa1780 shard2_3                         ffbe2fd0 w1blok3
ffaa1810 shard2_4                         ffbe3210 w2blok2
ffaa18a0 shard2_5                         ffbe3330 w2blok3
ffaa1930 shard2_6                         ffbe3570 w4blok2
ffaa19c0 shard2_7                         ffbe3690 w4blok3
ffaa1a50 shard2_8                         ffbe7470 w5blok2
ffaa2110 shard3_12                        ffbe7590 w5blok3
ffaa1ae0 shard3_1                         ffbeb7f0 w3desp1
ffaa1ff0 shard3_10                        ffbfb2d0 FIREFALP
ffaa2080 shard3_11                        ffbfc2d0 zwilpal
ffaa1b70 shard3_2                         ffc23440 w2fgrl1
ffaa1c00 shard3_3                         ffc23560 w2fgrl2
ffaa1c90 shard3_4                         ffc23680 w2fgrl3
ffaa1d20 shard3_5                         ffc25600 T2DUNK9
ffaa1db0 shard3_6                         ffc25720 T2DUNK10
ffaa1e40 shard3_7                         ffc25a80 T2DUNK3
ffaa1ed0 shard3_8                         ffc25ba0 T2DUNK4
ffaa1f60 shard3_9                         ffc25cc0 T2DUNK5
ffaa26b0 shard4_10                        ffc25de0 T2DUNK6
ffaa21a0 shard4_1                         ffc25f00 T2DUNK7
ffaa2230 shard4_2                         ffc26020 T2DUNK8
ffaa22c0 shard4_3                         ffc2a700 LED_00
ffaa2350 shard4_4                         ffc2a790 LED_MAX
ffaa23e0 shard4_5                         ffc2d1a0 arrow1r
ffaa2470 shard4_6                         ffc2d2c0 arrow2r
ffaa2500 shard4_7                         ffc2d3e0 arrow3r
ffaa2590 shard4_8                         ffc2d500 arrow4r
ffaa2620 shard4_9                         ffc2d590 arrow1t
ffaa2740 shard5_1                         ffc2d620 arrow2t
ffaa27d0 shard5_2                         ffc2d6b0 arrow3t
ffaa2860 shard5_3                         ffc2d740 arrow4t
ffaa28f0 shard5_4                         ffc2d8f0 arrow1r2p
ffaa2980 shard5_5                         ffc2da10 arrow2r2p
ffaa2a10 shard5_6                         ffc2dbc0 FON150
ffaa2aa0 shard5_7                         ffc2dc50 FON151
ffaa2b30 shard5_8                         ffc2dce0 FON152
ffaa2bc0 shard6_1                         ffc2dd70 FON153
ffaa2c50 shard6_2                         ffc2de00 FON154
ffaa2ce0 shard6_3                         ffc2de90 FON155
ffaa2d70 shard6_4                         ffc2df20 FON156
ffaa2e00 shard6_5                         ffc2dfb0 FON157
ffaa2e90 shard6_6                         ffc2e040 FON158
ffaa2f20 shard6_7                         ffc2e0d0 FON159
ffaa2fb0 shard6_8                         ffc2e160 FON15A
ffaa3040 shard7_1                         ffc2e8b0 FON15M
ffaa3550 shard7_10                        ffc2edc0 FON15V
ffaa30d0 shard7_2                         ffc2ee50 FON15W
ffaa3160 shard7_3                         ffc2eee0 FON15X
ffaa31f0 shard7_4                         ffc31130 FONT7A
ffaa3280 shard7_5                         ffc33d10 FONT7colon
ffaa3310 shard7_6                         ffc34190 SQUD_1
ffaa33a0 shard7_7                         ffc34220 SQUD_2
ffaa3430 shard7_8                         ffc34cd0 RAD_MK2
ffaa34c0 shard7_9                         ffc34d60 SCO_MK2
ffaa35e0 shard8_1                         ffc34df0 REP_MK2
ffaa3af0 shard8_10                        ffc34e80 SUB_MK2
ffaa3670 shard8_2                         ffc367d0 TON_GOSM
ffaa3700 shard8_3                         ffc36860 JON_CARM
ffaa3790 shard8_4                         ffc368f0 JAM_RIVM
ffaa3820 shard8_5                         ffc36980 JON_HEYM
ffaa38b0 shard8_6                         ffc36a10 SAL_DIVM
ffaa3940 shard8_7                         ffc36aa0 SHA_LIPM
ffaa39d0 shard8_8                         ffc36bc0 MRK_TURM
ffaa3a60 shard8_9                         ffc36c50 AUG_ATL
ffaa3b80 shat1_1                          ffc37280 HRD_GLD
ffaa3c10 shat1_2                          ffc37790 MUL_GLD
ffaa3ca0 shat1_3                          ffc38120 WLK_ATL
ffaa3d30 shat1_4                          ffc3a010 RAD_MK2P
ffaa3dc0 shat1_5                          ffc3a6a0 SCO_MK2P
ffaa3e50 shat2_1                          ffc3abb0 REP_MK2P
ffaa3ee0 shat2_2                          ffc3b100 SUB_MK2P
ffaa3f70 shat2_3                          ffc3b720 LOR_OLIP
ffaa4000 shat2_4                          ffc3c5c0 KAR_HOSP
ffaa4090 shat2_5                          ffc3d530 BIL_DABP
ffaa4120 shat3_1                          ffc3e4f0 CAR_MEDP
ffaa41b0 shat3_2                          ffc3f4e0 DAN_FORP
ffaa4240 shat3_3                          ffc40490 ED_BOONP
ffaa42d0 shat3_4                          ffc41470 ERC_KINP
ffaa4360 shat3_5                          ffc423d0 EUG_JARP
ffaa43f0 shat4_1                          ffc433a0 GRG_PETP
ffaa4480 shat4_2                          ffc44360 JAC_HAGP
ffaa4510 shat4_3                          ffc45360 JAS_FLAP
ffaa45a0 shat4_4                          ffc46320 JIM_GENP
ffaa4630 shat4_5                          ffc47300 JIM_GRNP
ff9a8620 shoots_speech                    ffc482b0 JOE_DILP
ff9346a0 shot_clock                       ffc49280 JOE_LINP
010ef930 shot_distance                    ffc4a270 JON_LOWP
010ef920 shot_percentage                  ffc4b270 JON_NEWP
010ef900 shot_type                        ffc4c220 JON_TOBP
ffa97fa0 shotclok                         ffc4d220 JON_VOGP
010eae20 shotimer                         ffc4e1d0 JOS_TSUP
ff95c0e0 show_designteam                  ffc4f1c0 LAR_DUMP
ff996e90 show_hiscore                     ffc501b0 LIN_DELP
ff959fc0 show_operatormsg                 ffc51180 MAR_MARP
ff936450 show_ot_msg                      ffc52150 MAT_BUTP
ff99ef20 show_player_records              ffc53130 MRK_LOFP
010eb1a0 show_shot                        ffc54120 MRK_PENP
ff8a48d0 sinecos_get                      ffc55120 PAL_HEIP
010eac70 slamming                         ffc560d0 PAT_COXP
ff953e00 snd_play1ovr                     ffc570a0 RAC_DAVP
ff953cb0 snd_play1ovrp                    ffc58080 RAY_GAYP
ff953ef0 snd_play1                        ffc59030 RAY_MOSP
ff953f00 snd_play                         ffc5a000 ROG_SHRP
ff953a50 snd_reset                        ffc5afe0 PAL_BARP
ff954150 snd_update                       ffc5bfa0 REA_PERP
ff994740 sort_wins                        ffc5cf60 AL_LASCP
010f0ef0 sorted_teams                     ffc5df30 CHR_GRAP
010eb610 sound_rev                        ffc5ef30 SHE_OURP
ff955300 sound_watchdog                   ffc5ff30 STE_BERP
ffa9f5c0 spark1                           ffc60ef0 TIM_COMP
ffa9f380 spark2                           ffc61ef0 VIK_APEP
ffa9f410 spark3                           ffc62e10 VNC_PONP
ffa9f4a0 spark4                           ffc63de0 VOG_HEDP
ffa9f530 spark5                           ffc64d80 WAR_DAVP
ffaefe30 spark_p                          ffc65d30 JAK_SIMP
010efbc0 spch_name_ram                    ffc66ab0 TON_GOSP
010efc40 spch_pass_ram                    ffc67a90 JON_CARP
ff8d05c0 spechds_t                        ffc68a90 JAM_RIVP
010f06f0 special_heads                    ffc699f0 JON_HEYP
ff9a85e0 speech_playovrp                  ffc6a6b0 SAL_DIVP
ff8f96c0 stagger_t                        ffc6b530 SHN_LIPP
ff9461c0 starring                         ffc6c530 WIL_WILP
ffaa7600 start2                           ffc6d510 MRK_TURP
ffaa7180 start3                           ffc6e4e0 AUG_ATLP
ff85f320 start_animate                    ffc6f470 BRK_PHXP
ff858420 start_arws                       ffc70380 COL_NEJP
ffa980c0 start                            ffc71310 DAU_CLEP
ff854be0 start_msgs                       ffc72310 EDW_MLWP
ff9d5420 start_teams                      ffc73300 DRX_PRTP
ffa64920 stat_p                           ffc74290 ELL_DENP
ff974a20 stats_page2                      ffc75290 ELL_DETP
ff974a40 stats_page                       ffc76280 EWG_NEYP
ffa53c70 statscrkBMOD                     ffc77270 GIL_SEAP
ffa53d00 statscrnBMOD                     ffc78260 HPR_DALP
010e60a0 steals_off                       ffc79260 HRD_GLDP
ff928070 stick_cpu                        ffc7a240 HRN_PHLP
ff927420 stick_number                     ffc7b240 HRP_CLPP
ff9275e0 stick_numbers                    ffc7c1e0 HWK_CHAP
ff928f70 stick_spark2                     ffc7d0b0 DIV_LAKP
ff928660 stick_spark                      ffc7e0a0 KMP_SEAP
010e6960 stlpower                         ffc7efa0 LTN_MINP
ff924640 stnd_t                           ffc7ff40 MAJ_PHXP
ff924770 stndwb2_t                        ffc80f00 MAN_CLPP
ff9ad520 stolen_speech                    ffc81dd0 MUL_GLDP
010eaab0 strongmen                        ffc82d90 MUT_DENP
ffab1bf0 stshad1                          ffc83d30 OLA_HOUP
ffab1c80 stshad2                          ffc84c50 PIP_CHIP
ffab16e0 stx_3pts                         ffc85b90 POR_PRTP
ffab1410 stx_all                          ffc86b10 PRC_CLEP
ffab1920 stx_ast                          ffc87b00 PRS_MINP
ffab1770 stx_atline                       ffc88b00 RCE_MIAP
ffab1a40 stx_blocks                       ffc89a80 ROB_SANP
ffab1140 stx_defeated                     ffc8aa30 SCH_SEAP
ffab1890 stx_dunks                        ffc8b8e0 SKL_MIAP
ffab1650 stx_fgs                          ffc8c8e0 SKL_ORLP
ffab1b60 stx_injury                       ffc8d8c0 SMT_HOUP
ffab1020 stx_l                            ffc8e7c0 STK_UTAP
ffab10b0 stx_lastmtch                     ffc8f6a0 THM_DETP
ffab11d0 stx_lostto                       ffc906a0 TIS_SACP
ffab1380 stx_nbateams                     ffc915f0 WEB_SACP
ffab14a0 stx_norecord                     ffc92570 WLK_ATLP
ffab12f0 stx_ofthe27                      ffc93420 WOR_LAKP
ffab0f00 stx_pct                          ffc943b0 MIL_INDP
ffab1800 stx_points                       ffc953b0 LOH_MLWP
ffab0e70 stx_rank                         ffc963a0 MLN_UTAP
ffab1ad0 stx_rebs                         ffc97310 JON_CHAP
ffab1530 stx_record                       ffc982e0 OAK_NEYP
ffab19b0 stx_steals                       ffc992d0 GRT_CHIP
ffab0f90 stx_w                            ffc9a2b0 GUG_WASP
ffab1260 stx_youhave                      ffc9b2a0 BEN_NEJP
ffa5d890 subsBMOD                         ffc9c2a0 GRT_PRTP
ffaa7cc0 swapblu                          ffc9d2a0 AND_NEJP
ffaa7d50 swapred                          ffc9dfc0 AND_ORLP
ffa9ff50 swish1b                          ffc9e950 ARM_CHIP
ffa9ffe0 swish1f                          ffc9f650 BAK_MLWP
ffaa0070 swish2b                          ffca0460 BEN_UTAP
ffaa0100 swish2f                          ffca12d0 BRA_PHLP
ffaa0190 swish3b                          ffca2240 BRO_BOSP
ffaa0220 swish3f                          ffca2f40 CAM_LAKP
ffaa02b0 swish4b                          ffca3b60 CHE_WASP
ffaa0340 swish4f                          ffca49f0 DUM_DETP
ffaa03d0 swish5b                          ffca58d0 ELS_SANP
ffaa0460 swish5f                          ffca65f0 ELL_WASP
0106d570 switches_cur                     ffca7450 GAM_BOSP
0106d5b0 switches_down                    ffca8280 HAR_ORLP
0106d530 switches_old                     ffca8fe0 HOR_HOUP
010e5390 swstack_p                        ffca9e50 HUN_DETP
010e53b0 swstackbot                       ffcaaca0 HUR_SACP
010e57b0 swstacktop                       ffcab9d0 JAC_DALP
ff842f30 system_restoregame               ffcac7a0 JOH_PHXP
ff842950 system_savegame                  ffcad440 KUK_CHIP
ffa95450 t0000                            ffcae030 SEL_INDP
ffa95720 t1000                            ffcaee90 MAS_DALP
ffa957b0 t1100                            ffcafde0 MAS_NEYP
ffa95840 t1110                            ffcb0d10 MAX_HOUP
ffa958d0 t1111                            ffcb1af0 MCD_BOSP
010eac80 t1dunkcnt                        ffcb2830 MIN_MIAP
ffa92c10 tPALS                            ffcb3640 MOU_CHAP
ffab9150 t_plateV                         ffcb4410 NAN_CLEP
010f05e0 team1_control                    ffcb5250 PAY_SEAP
010f05c0 team1                            ffcb6060 PEE_LAKP
010f05f0 team2_control                    ffcb6e20 RIC_SACP
010f05d0 team2                            ffcb7aa0 RID_MINP
ff9ce340 team_control                     ffcb88d0 ROB_CLPP
ff9b4020 team_selection                   ffcb9770 ROB_PRTP
010f0b90 teams_pop                        ffcba500 ROD_SANP
ffa4e030 teamselBMOD                      ffcbaf90 ROG_DENP
010f0480 teamset1_obj                     ffcbbea0 SIM_SACP
010f04a0 teamset2_obj                     ffcbcd30 SMI_INDP
ffb13560 textp                            ffcbd550 STA_NEYP
ffa984b0 three                            ffcbe350 WEA_PHLP
ffab3a50 threepnts                        ffcbf0e0 WEB_GLDP
ff9ddba0 timeout2                         ffcbffe0 WLS_ATLP
ff9de680 timeout3                         ffcc0e10 DAY_MLWP
ff9dd230 timeout                          ffcc1a80 MOR_NEJP
ffa98300 timerlow                         ffcc2940 WILLIS_P
ffaecef0 timers_b                         ffcc3140 BROWN_P
ffaed0e0 timers_r                         ffcc3940 MCDAN_P
010e60f0 timertcnt                        ffcc3d50 GAMBLE_P
ff8f8630 tip_t                            ffcc4550 MOURN_P
ff8f87f0 tipj_t                           ffcc4d50 ARMST_P
010f0810 tm1set                           ffcc5550 KUKOC_P
010f09d0 tm2set                           ffcc5d50 NANCE_P
ffa9aaf0 tocontrol                        ffcc6160 JACK_P
ffa728e0 top1_p                           ffcc6570 MASH_P
ffa6b440 top2_p                           ffcc6c80 ROGERS_P
ff93a470 tournament_on                    ffcc7480 DUMARS_P
ffa55ec0 trnedBMOD                        ffcc7c80 RODMAN_P
ff9552c0 tune2_snd                        ffcc8090 HUNTER_P
010eaff0 tvpanelon                        ffcc8890 WEBBER_P
ffa98420 two                              ffcc9090 MAX_P
ffa954e0 tx000                            ffcc9890 HORRY_P
ffa95960 tx100                            ffcca090 SMITS_P
ffa959f0 tx110                            ffcca890 SELEY_P
ffa95a80 tx111                            ffccaec0 ROBERTS_P
ffa95570 txx00                            ffccb6c0 PEELER_P
ffa95b10 txx10                            ffccbec0 CAMP_P
ffa95ba0 txx11                            ffccc6c0 MINER_P
ffa95600 txxx0                            ffcccec0 BAKER_P
ffa95c30 txxx1                            ffccd6c0 DAY_P
ffa95690 txxxx                            ffccdad0 RIDER_P
ff9f6a70 update_attribs                   ffcce2d0 K_AND_P
ff944240 update_cont_message              ffcce940 MORRIS_P
ff9bdce0 update_logos                     ffccf140 MASON_P
ff9b93e0 update_player_heads              ffccf940 STARKS_P
ff92b570 update_scorebrd                  ffcd0130 A_HARD_P
ff945ad0 update_shoes                     ffcd0930 N_AND_P
ff9bd6f0 update_team_set                  ffcd1130 WEATH_P
ffaa7f00 useupbx                          ffcd1930 BRAD_P
ff9af2f0 victory_speech                   ffcd2130 K_JOHN_P
ffa5dcd0 viewfrtBMOD                      ffcd28c0 C_ROB_P
ffa92db0 viewp                            ffcd30c0 SIM_P
ffbe2eb0 w1blok2                          ffcd38c0 HURL_P
ffbe2fd0 w1blok3                          ffcd40c0 RICH_P
ffbe3210 w2blok2                          ffcd48c0 D_ELL_P
ffbe3330 w2blok3                          ffcd50c0 PAYTON_P
ffc23440 w2fgrl1                          ffcd58c0 MCKEY_P
ffc23560 w2fgrl2                          ffcd60c0 BENOIT_P
ffc23680 w2fgrl3                          ffcd68c0 ELLISN_P
ffbeb7f0 w3desp1                          ffcd6cd0 CHEAN_P
ffbdae70 w3run1                           ffcd98d0 MEN_ADJ
ffbe3570 w4blok2                          ffce5a60 MEN_MAIN
ffbe3690 w4blok3                          ffce6d20 MEN_YN
ffbe7470 w5blok2                          ffce8ed0 MESS_MM
ffbe7590 w5blok3                          ffcea5f0 MESS_FAC
ffa60570 westpalc                         ffcf2770 DIPCOINTAB
ffb98e10 wil1                             ffcf2c18 USA_1
ffb98f30 wil2                             ffcf2c50 USA_2
ffb99050 wil3                             ffcf2c80 USA_3
ffb99170 wil4                             ffcf2cb0 USA_4
ffb99290 wil5                             ffcf2da0 USA_ELECTITLE
ffab5ca0 winfree                          ffcf2de0 FRENCH_ELECTITLE
ffa04500 winner_stays_box                 ffcf2e40 GERMAN_ELECTITLE
ff9e3750 winner_stays_on                  ffcf2ea0 GERMAN_1
ff980980 winning_msg                      ffcf2ef0 GERMAN_2
010f10b0 winningteam                      ffcf2f40 GERMAN_3
ffab5af0 winstay_l                        ffcf2f90 GERMAN_4
ffa5e090 wood64                           ffcf3030 FRENCH_1
ffa5f5b0 wood64b                          ffcf3080 FRENCH_2
ffab7e60 yellow                           ffcf30d0 FRENCH_3
ffa49e60 yesnoBMOD                        ffcf3120 FRENCH_4
ffaa77b0 yesnobak                         ffcfa230 TWO_TS
ffa5f310 yjamPALS                         ffcfa4c0 TWO_TP
ffbfc2d0 zwilpal                          ffcfa890 edata

[4150 symbols]
