*****************************************************
TMS340 COFF Linker           Version 6.10
*****************************************************
Mon Dec 04 04:15:17 2023

OUTPUT FILE NAME:   <BB.out>
ENTRY POINT SYMBOL: "WARMSET"  address: ff8517f0


MEMORY CONFIGURATION

           name      origin     length     attributes     fill
         --------   --------   ---------   ----------   --------
         SCRATCH    01000000   000100000      RWIX      
         IROM       02000000   000400000      RWIX      
         ROM        ff800000   000600000      RWIX      
         ROM2       ffff6f00   000008d00      RWIX      
         TRAP31     fffffc00   000000400      RWIX      


SECTION ALLOCATION MAP

 output                                  attributes/
section   page    origin      length       input sections
--------  ----  ----------  ----------   ----------------
VECTORS    0    fffffc00    00000400     
                  fffffc00    00000400     MAIN.OBJ (VECTORS)

IMAGES     0    02000000    00000000     UNINITIALIZED

shit       0    ffff6f00    00000000     UNINITIALIZED

SHIT       0    ffff6f00    00000000     UNINITIALIZED

FIXED      0    01000000    00000040     
                  01000000    00000040     MPROC.OBJ (FIXED)

OFIXED     0    01000040    00000060     
                  01000040    00000060     NDSP1.OBJ (OFIXED)

NFIXED     0    010000a0    00000000     UNINITIALIZED

.BSS       0    010000a0    00000000     UNINITIALIZED

.bss       0    010000a0    000f13b0     UNINITIALIZED
                  010000a0    0006d390     NDSP1.OBJ (.bss)
                  0106d430    00000200     MAIN.OBJ (.bss)
                  0106d630    00000ad0     UTIL.OBJ (.bss)
                  0106e100    00031270     PAL.OBJ (.bss)
                  0109f370    000438a0     MPROC.OBJ (.bss)
                  010e2c10    00002770     BAKGND.OBJ (.bss)
                  010e5380    00000ea0     BB.OBJ (.bss)
                  010e6220    00000020     DRONE.OBJ (.bss)
                  010e6240    00000030     DRONE2.OBJ (.bss)
                  010e6270    00004870     PLYR.OBJ (.bss)
                  010eaae0    000002a0     PLYR2.OBJ (.bss)
                  010ead80    00000470     SCORE.OBJ (.bss)
                  010eb1f0    00000420     SCORE2.OBJ (.bss)
                  010eb610    00000420     SOUNDS.OBJ (.bss)
                  010eba30    00000710     ATTRACT.OBJ (.bss)
                  010ec140    000005f0     STRING.OBJ (.bss)
                  010ec730    000031b0     RECORD.OBJ (.bss)
                  010ef8e0    000003e0     SPEECH.OBJ (.bss)
                  010efcc0    00001410     SELECT.OBJ (.bss)
                  010f10d0    000000c0     AUDIT.OBJ (.bss)
                  010f1190    00000150     TEST.OBJ (.bss)
                  010f12e0    000000e0     DIAG.OBJ (.bss)
                  010f13c0    00000060     MENU.OBJ (.bss)
                  010f1420    00000030     HSTD.OBJ (.bss)

SYSWORK    0    010f1450    00000000     UNINITIALIZED

.text      0    ff800000    00242f90     
                  ff800000    00040200     NDSP1.OBJ (.text)
                  ff840200    00002050     MAIN.OBJ (.text)
                  ff842250    00008d40     UTIL.OBJ (.text)
                  ff84af90    00003300     PAL.OBJ (.text)
                  ff84e290    00001050     MPROC.OBJ (.text)
                  ff84f2e0    00002000     BAKGND.OBJ (.text)
                  ff8512e0    00015b60     BB.OBJ (.text)
                  ff866e40    00006c20     DRONE.OBJ (.text)
                  ff86da60    00007e00     DRONE2.OBJ (.text)
                  ff875860    00024a20     PLYR.OBJ (.text)
                  ff89a280    00019aa0     PLYR2.OBJ (.text)
                  ff8b3d20    00010e70     PLYR3.OBJ (.text)
                  ff8c4b90    000197c0     PLYRAT.OBJ (.text)
                  ff8de350    00006fe0     PLYRAT2.OBJ (.text)
                  ff8e5330    000140a0     PLYRSEQ.OBJ (.text)
                  ff8f93d0    00009770     PLYRSEQ2.OBJ (.text)
                  ff902b40    0001cc50     PLYRDSEQ.OBJ (.text)
                  ff91f790    00005c50     PLYRLSEQ.OBJ (.text)
                  ff9253e0    00000cb0     PLYRSTND.OBJ (.text)
                  ff926090    00018f50     SCORE.OBJ (.text)
                  ff93efe0    000158f0     SCORE2.OBJ (.text)
                  ff9548d0    000020c0     SOUNDS.OBJ (.text)
                  ff956990    000008f0     PATCH.OBJ (.text)
                  ff957280    000019c0     TEXT.OBJ (.text)
                  ff958c40    0002a320     ATTRACT.OBJ (.text)
                  ff982f60    0000d420     STRING.OBJ (.text)
                  ff990380    00010ba0     RECORD.OBJ (.text)
                  ff9a0f20    000109e0     SPEECH.OBJ (.text)
                  ff9b1900    00025c80     SELECT.OBJ (.text)
                  ff9d7580    00023fb0     SELECT2.OBJ (.text)
                  ff9fb530    000051e0     ADJUST.OBJ (.text)
                  ffa00710    0000be30     AUDIT.OBJ (.text)
                  ffa0c540    0000dd50     TEST.OBJ (.text)
                  ffa1a290    00000170     --HOLE-- [fill = 0000ffff]
                  ffa1a400    00015ca0     DIAG.OBJ (.text)
                  ffa300a0    0000ea40     MENU.OBJ (.text)
                  ffa3eae0    000044b0     HSTD.OBJ (.text)

.TEXT      0    ffa42f90    00000000     UNINITIALIZED

.data      0    ffa42f90    002b0bb0     
                  ffa42f90    00017d10     BGNDTBL.OBJ (.data)
                  ffa5aca0    00035510     BGNDPAL.OBJ (.data)
                  ffa901b0    00026020     IMGTBL.OBJ (.data)
                  ffab61d0    0005f070     IMGPAL.OBJ (.data)
                  ffb15240    00003620     IMGPAL2.OBJ (.data)
                  ffb18860    000283e0     BB.OBJ (.data)
                  ffb40c40    00002920     PLYR2.OBJ (.data)
                  ffb43560    0001b000     PLYR3.OBJ (.data)
                  ffb5e560    000522d0     PLYRAT.OBJ (.data)
                  ffbb0830    00019500     PLYRAT2.OBJ (.data)
                  ffbc9d30    0001cf80     PLYRSEQ.OBJ (.data)
                  ffbe6cb0    0001ebb0     PLYRSEQ2.OBJ (.data)
                  ffc05860    00016920     PLYRDSEQ.OBJ (.data)
                  ffc1c180    00005e80     PLYRLSEQ.OBJ (.data)
                  ffc22000    00001c20     PLYRSTND.OBJ (.data)
                  ffc23c20    000034c0     SCORE.OBJ (.data)
                  ffc270e0    00007110     TEXT.OBJ (.data)
                  ffc2e1f0    000a25d0     SELECT2.OBJ (.data)
                  ffcd07c0    0000d700     ADJUST.OBJ (.data)
                  ffcddec0    00015c80     MENU.OBJ (.data)

.DATA      0    ffcf3b40    00000000     UNINITIALIZED

img_tbl    0    ffcf3b40    00000000     UNINITIALIZED


GLOBAL SYMBOLS

address  name                             address  name
-------- ----                             -------- ----
010000a0 .bss                             00000000 _ATL
ffa42f90 .data                            00000001 _BOS
ff800000 .text                            00000002 _CHA
ffa40960 A2_CHECK                         00000003 ROM_LEV
01000000 ACTIVE                           00000003 _CHI
ff83c640 ADJNEWTL                         00000004 RTR_LEV
ffa08cd0 ADJ_PAGE                         00000004 _CLE
ffa96350 AHARDAWAY                        00000005 _DAL
ff8c2bb0 AHard_h                          00000006 _DEN
ffba07b0 ALLASC01                         00000007 _DET
ffba08d0 ALLASC02                         00000008 _GOL
ffba09f0 ALLASC03                         00000009 _HOU
ffba0b10 ALLASC04                         0000000a _IND
ffba0c30 ALLASC05                         0000000b _LAC
ffb89ce0 ALLASC_P                         0000000c _LAL
ff955b40 ALLOFF                           0000000d _MI
ffc554d0 AL_LASCP                         0000000e _MIL
ffc96550 AND_NEJP                         0000000f _MIN
ffc97270 AND_ORLP                         00000010 _NJ
ff83d630 ANI                              00000011 _NY
ffa32b70 ANY_BUT                          00000012 _ORL
ffaeffc0 AQUAPAL                          00000013 _PHI
ffa15210 AREUSURE                         00000014 _PHX
ffb48270 ARMST10                          00000015 _POR
ffb48300 ARMST11                          00000016 _SAC
ffb48390 ARMST12                          00000017 _SAN
ffb48420 ARMST13                          00000018 _SEA
ffb48540 ARMST15                          00000019 _UTA
ffb47d60 ARMST1                           0000001a _WAS
ffb484b0 ARMST14                          0000003a CS_ENTS
ffb485d0 ARMST16                          01000000 ACTIVE
ffb47df0 ARMST2                           01000020 FREE
ffb47e80 ARMST3                           01000040 OBJLST
ffb47f10 ARMST4                           01000060 OFREE
ffb47fa0 ARMST5                           01000080 BAKLST
ffb48030 ARMST6                           010000a0 .bss
ffb480c0 ARMST7                           010000a0 SCROLLX
ffb48150 ARMST8                           010000c0 SCROLLY
ffb481e0 ARMST9                           010000e0 WORLDTLX
ffa99cb0 ARMSTR                           01000100 WORLDTLY
ffcbe000 ARMST_P                          01000120 WORLDTL
ffc97c00 ARM_CHIP                         01000140 SCRNTL
ff8c4b90 ATL_t                            01000160 SCRNLR
ffa5c130 ATTBKB_P                         01000180 dpage
ffa5c0a0 ATTBKR_P                         01000190 dtype
ffaad960 ATT_BLU                          010001c0 DMAQCUR
ffb0f660 ATT_B_P                          010001e0 OBJSTR
ffa08490 AUD1                             0103be20 dmaq0
ffa08380 AUD                              01057720 DMAQ
ffadcb30 AUGMON_p                         0106c8a0 gndstat
ffa95660 AUGMON                           0106c8b0 gndpos_t
ffc67790 AUG_ATLP                         0106d3d0 gndx
ffc30170 AUG_ATL                          0106d3f0 DISPLAYON
ffb56370 A_HARD10                         0106d400 _3dstat
ffb56400 A_HARD11                         0106d430 SYSCOPY
ffb56490 A_HARD12                         0106d440 WDOGRAM
ffb56520 A_HARD13                         0106d460 IRQSKYE
ffb565b0 A_HARD14                         0106d470 dpageflip
ffb56640 A_HARD15                         0106d480 dirqtimer
ffb566d0 A_HARD16                         0106d530 switches_old
ffb55e60 A_HARD1                          0106d570 switches_cur
ffb55ef0 A_HARD2                          0106d5b0 switches_down
ffb55f80 A_HARD3                          0106d5f0 NPLAYERS
ffb56010 A_HARD4                          0106d600 COUNTER_MODE
ffb560a0 A_HARD5                          0106d610 VALIDATOR
ffb56130 A_HARD6                          0106d620 TWOPLAYERS
ffb561c0 A_HARD7                          0106d630 RAND
ffb56250 A_HARD8                          0106d650 STRNGRAM
ffb562e0 A_HARD9                          0106d790 WRLD
ffcc93e0 A_HARD_P                         0106d7a0 LOWZ
ff8bf8b0 Armstrng_h                       0106e0f0 animscnt
ff8e3430 Augmon_h                         0106e150 PALFRAM
010f10d0 BAD_AUD                          0106e150 PALRAM
010e2c50 BAKBITS                          0106e750 PALTRAM
ffb52470 BAKER10                          0106e750 PALBRAM
ffb52500 BAKER11                          0106f350 morfpal1
ffb51f60 BAKER1                           0106f350 FADERAM
ffb52590 BAKER12                          0106f750 morfpal2
ffb52620 BAKER13                          0106fb50 morfpal3
ffb526b0 BAKER14                          0106ff50 morfpal4
ffb52740 BAKER15                          01070350 morfpal5
ffb527d0 BAKER16                          01070750 morfpal6
ffb51ff0 BAKER2                           01070b50 morfpal7
ffb52080 BAKER3                           01070f50 morfpal8
ffa9a6d0 BAKER                            01071350 morfpal9
ffb52110 BAKER4                           01071750 morfpal10
ffb521a0 BAKER5                           01071b50 morfpal11
ffb52230 BAKER6                           0109f350 palfmin
ffb522c0 BAKER7                           0109f370 PRCSTR
ffb52350 BAKER8                           010e2c50 BAKBITS
ffb523e0 BAKER9                           010e5360 BAKMODS
ffcc6170 BAKER_P                          010e5380 PCNT
01000080 BAKLST                           010e5390 swstack_p
010e5360 BAKMODS                          010e53b0 swstackbot
ffc98900 BAK_MLWP                         010e57b0 COLRTEMP
ffae7600 BALL_p                           010e57b0 swstacktop
ffa939b0 BARKER                           010e58b0 GAMSTATE
ffadd350 BARKLEY_p                        010e58c0 HALT
ffa956f0 BARKLEY                          010e58d0 NO_START
ffa005f0 BCDBIN                           010e58e0 PSTATUS2
ff83cb10 BEGINOBJ                         010e58f0 WSPEED
ff83d1d0 BEGINOBJP2                       010e5900 WFLG
ff83d130 BEGINOBJP                        010e5920 OBJPTR
ff83cbb0 BEGINOBJ2                        010e5f40 crplate_ptr
ffa95780 BENJAMIN                         010e5f60 msg_ram
ffadcf40 BENJA_p                          010e5fe0 name_cnt
ffb5d090 BENOIT12                         010e5ff0 name_flop
ffa9ae20 BENOIT                           010e6000 names
ffb5cf70 BENOIT10                         010e6080 crt_colors
ffb5ca60 BENOIT1                          010e60a0 steals_off
ffb5d120 BENOIT13                         010e60b0 pushing_delay
ffb5caf0 BENOIT2                          010e60c0 pass_off
ffb5cb80 BENOIT3                          010e60d0 rebound_delay
ffb5cca0 BENOIT5                          010e60e0 crowd_animate
ffb5ce50 BENOIT8                          010e60f0 timertcnt
ffb5cee0 BENOIT9                          010e6100 qtr_purchased
ffb5cc10 BENOIT4                          010e6140 newptr
ffb5d000 BENOIT11                         010e6160 newplyrs
ffb5d1b0 BENOIT14                         010e6260 drone2on
ffb5d240 BENOIT15                         010e6280 kp_scores
ffb5d2d0 BENOIT16                         010e62a0 kp_team1
ffb5cd30 BENOIT6                          010e62b0 kp_team2
ffb5cdc0 BENOIT7                          010e62c0 pleasewt
ffccf370 BENOIT_P                         010e62d0 PSTATUS
ffc94550 BEN_NEJP                         010e62e0 P1CTRL
ffc99710 BEN_UTAP                         010e62f0 P2CTRL
ffa928d0 BERAN                            010e6300 P3CTRL
ffa7d3a0 BG1                              010e6310 P4CTRL
ffa7c3c0 BG2                              010e6320 P1DATA
ff84f920 BGND_UD1                         010e6450 P2DATA
ffbae550 BILDAB01                         010e6580 P3DATA
ffbae670 BILDAB02                         010e66b0 P4DATA
ffbae790 BILDAB03                         010e6820 plyrobj_t
ffbae8b0 BILDAB04                         010e68a0 plyrproc_t
ffbae9d0 BILDAB05                         010e6920 plyrcharge
ffbaeaf0 BILDAB16                         010e6930 plyrpasstype
ffb916c0 BILDAB_P                         010e6940 plyrairballoff
ffc36a50 BIL_DABP                         010e6950 plyrbighead
ffa00460 BINBCD                           010e6960 stlpower
ff848840 BLNKAREA                         010e6980 plyrpals_t
ffa14a00 BLNKHELP                         010ea980 assist_delay
ffb12340 BLUBOOM                          010ea990 assist_plyr
ffaefa40 BLUE                             010ea9a0 kp_qscrs
ffa5b730 BNBAPALB                         010eaa20 kp_qscrs2
ffa5b3f0 BNBAPALV                         010eaaa0 baby_flag
ffa5b290 BNBA_V_P                         010eaab0 strongmen
ffa92960 BOON                             010eaae0 plyrnumonfire
ffa929f0 BOOTY                            010eaaf0 ballobj_p
ffb57e70 BRAD10                           010eab10 ballpnum
ffb57f00 BRAD11                           010eab20 ballpnumlast
ffb57f90 BRAD12                           010eab30 ballpnumshot
ffa9aac0 BRAD                             010eab40 ballsclastp
ffb57960 BRAD1                            010eab50 ballpnumscored
ffb58020 BRAD13                           010eab60 ballnumscored
ffb580b0 BRAD14                           010eab70 ballfree
ffb58140 BRAD15                           010eab80 ballscorezhit
ffb581d0 BRAD16                           010eab90 ballrimhitcnt
ffb579f0 BRAD2                            010eaba0 ballbbhitcnt
ffb57a80 BRAD3                            010eabb0 ballptsforshot
ffb57b10 BRAD4                            010eabc0 ballprcv_p
ffb57ba0 BRAD5                            010eabe0 ballpasstime
ffb57c30 BRAD6                            010eabf0 ballgoaltcnt
ffb57cc0 BRAD7                            010eac00 ballflash
ffb57d50 BRAD8                            010eac10 inbound
ffb57de0 BRAD9                            010eac20 bbshatter
ffccabe0 BRAD_P                           010eac30 cntl_team
ffc9a580 BRA_PHLP                         010eac40 cntl_team_last
ffc68720 BRK_PHXP                         010eac50 scrl_divs_cur
ffa99b00 BROWN                            010eac60 scrl_divs_dest
ffb45e70 BROWN10                          010eac70 slamming
ffb45f00 BROWN11                          010eac80 t1dunkcnt
ffb45f90 BROWN12                          010eaca0 brick_count
ffb46020 BROWN13                          010eace0 last_power
ffb460b0 BROWN14                          010eacf0 original_names
ffb46140 BROWN15                          010ead70 fire_flags
ffb45960 BROWN1                           010ead80 conttimers
ffb461d0 BROWN16                          010eae20 shotimer
ffb459f0 BROWN2                           010eae50 game_time
ffb45a80 BROWN3                           010eae70 clock_speed
ffb45b10 BROWN4                           010eae80 gmqrtr
ffb45ba0 BROWN5                           010eafd0 scores
ffb45c30 BROWN6                           010eaff0 tvpanelon
ffb45cc0 BROWN7                           010eb020 BTIME
ffb45d50 BROWN8                           010eb030 cntrs_delay
ffb45de0 BROWN9                           010eb100 last_score
ffcbc3f0 BROWN_P                          010eb120 clock_active
ffc9b4f0 BRO_BOSP                         010eb130 sc_proc
010eb020 BTIME                            010eb150 _4plyrsingame
ffa32320 BUILD_ST                         010eb160 p1taps
ffa1bde0 BURN_IN                          010eb170 p2taps
ffaed420 BUTT_P                           010eb180 p3taps
ffa101b0 B_MENU                           010eb190 p4taps
ff8c1ef0 Baker_h                          010eb1a0 show_shot
ff8e3870 Barkley_h                        010eb1b0 assistance_off
ff8e3650 Benjamin_h                       010eb1c0 plyr_tourn
ff8c4530 Benoit_h                         010eb1d0 plyr_maxpower
ffa99320 BigLED_0                         010eb1e0 plyrsdropped
ffa993b0 BigLED_1                         010eb1f0 idiot_bits
ffa99440 BigLED_2                         010eb610 sound_rev
ffa994d0 BigLED_3                         010eb620 SOUNDSUP
ffa99560 BigLED_4                         010eba30 ENTERON
ffa995f0 BigLED_5                         010eba40 hisclong
ffa99680 BigLED_6                         010ec140 message_ascii
ffa99710 BigLED_7                         010ec160 message_palette
ffa997a0 BigLED_8                         010ec180 message_buffer
ffa99830 BigLED_9                         010ec680 mess_cursx
ffaa37f0 BirthD_B                         010ec6a0 mess_cursy
ffaa4060 BirthD                           010ec6b0 mess_space_width
ffaa3640 BirthM_B                         010ec6c0 mess_spacing
ffaa3fd0 BirthM                           010ec6d0 mess_line_spacing
ff8c3210 Brad_h                           010ec6e0 mess_objid
ff8bee10 Brown_h                          010ec730 player1_data
ffb51270 CAMP10                           010ec900 player2_data
ffb51300 CAMP11                           010ecad0 player3_data
ffb51390 CAMP12                           010ecca0 player4_data
ffb50d60 CAMP1                            010ed110 player_stats
ffb51420 CAMP13                           010ef8d0 hiscore_type
ffb514b0 CAMP14                           010ef8e0 last_name
ffb51540 CAMP15                           010ef8f0 last_name_time
ffb515d0 CAMP16                           010ef900 shot_type
ffb50df0 CAMP2                            010ef910 plyr_shot
ffb50e80 CAMP3                            010ef920 shot_percentage
ffb50f10 CAMP4                            010ef930 shot_distance
ffb50fa0 CAMP5                            010ef950 score_diff
ffb51030 CAMP6                            010ef990 jam_speech
ffb510c0 CAMP7                            010ef9a0 next_call
ffb51150 CAMP8                            010efbc0 spch_name_ram
ffb511e0 CAMP9                            010efc40 spch_pass_ram
ffa9a5b0 CAMPBELL                         010efcc0 inmatchup
ffcc5170 CAMP_P                           010efcd0 kp_ram
ffc9c1f0 CAM_LAKP                         010efe10 credit1_obj
ffa94460 CARLTON                          010efe30 credit2_obj
ffb9d630 CARMED01                         010efe50 credit3_obj
ffb9d750 CARMED02                         010eff00 name1_obj
ffb9d870 CARMED03                         010eff20 name2_obj
ffb9d990 CARMED04                         010eff40 name3_obj
ffb9dab0 CARMED05                         010eff60 name4_obj
ffb9dbd0 CARMED16                         010eff80 attrib1_obj
ffb87c60 CARMED_P                         010f00a0 attrib2_obj
ffadaad0 CARY                             010f01c0 attrib3_obj
ffc37a10 CAR_MEDP                         010f02e0 attrib4_obj
ffa09cf0 CAT_A0                           010f0480 teamset1_obj
ffa8e170 CB                               010f04a0 teamset2_obj
ffa078e0 CCCC                             010f05c0 team1
ffa00f30 CCOIN                            010f05d0 team2
ffaa3a30 CENTERBAR                        010f05e0 team1_control
ffab2940 CHALENG                          010f05f0 team2_control
ffb5e170 CHEAN10                          010f0600 oteam1
ffb5e200 CHEAN11                          010f0620 can_enter_inits
ffb5e290 CHEAN12                          010f0630 game_purchased
ffb5e320 CHEAN13                          010f0640 page_scrolling
ffb5e3b0 CHEAN14                          010f06d0 force_selection
ffb5e440 CHEAN15                          010f06e0 in_team_select
ffb5dc60 CHEAN1                           010f06f0 special_heads
ffb5e4d0 CHEAN16                          010f0810 tm1set
ffb5dcf0 CHEAN2                           010f09d0 tm2set
ffb5dd80 CHEAN3                           010f0b90 teams_pop
ffb5de10 CHEAN4                           010f0ef0 sorted_teams
ffb5dea0 CHEAN5                           010f10a0 fatality
ffb5df30 CHEAN6                           010f10b0 winningteam
ffb5dfc0 CHEAN7                           010f10d0 BAD_AUD
ffb5e050 CHEAN8                           010f10f0 C_FRAC
ffb5e0e0 CHEAN9                           010f1100 C_FLAGS
ffa9af40 CHEANEY                          010f1160 COINCNTR
ffccff80 CHEAN_P                          010f1190 MAIN_RET
ffada310 CHER1                            010f11a0 GMENULEV
ffc9ce10 CHE_WASP                         010f11b0 SND_MADE
ffa0fcd0 CHK_CMOS                         010f11c0 NO_CLEAR
ffba0d50 CHRGRA01                         010f11d0 LAST_BUT
ffba0e70 CHRGRA02                         010f1210 fswitches_cur
ffba0f90 CHRGRA03                         010f1230 fswitches_last
ffba10b0 CHRGRA04                         010f1250 fswitches_down
ffba11d0 CHRGRA05                         010f12e0 SWSET1
ffba12f0 CHRGRA16                         010f1300 SWSET2
ffb8a0f0 CHRGRA_P                         010f13d0 SCODE
ffc564a0 CHR_GRAP                         010f13e0 DCODE
ffa2a850 CIRCLE                           010f1410 octopus2
ffa0c9b0 CKDIAG                           010f1450 end
ff9fe810 CKDIP                            04673800 COURT
ffa30270 CKPROMPT                         ff800000 dma_irq
ffa0c870 CKTEST                           ff800000 .text
ffa02840 CK_MAX                           ff800dd0 scale58_t
ffab5aa0 CLD10                            ff800dd0 scale59_t
ffab5b10 CLD11                            ff800dd0 scale57_t
ffab51c0 CLD1A                            ff803350 scale61t_t
ffab5640 CLD2                             ff803350 scale60_t
ffab56b0 CLD3                             ff803350 scale61_t
ffab5800 CLD4B                            ff8058d0 scale63f_t
ffab5720 CLD4                             ff8058d0 scale62_t
ffab5790 CLD4A                            ff8058d0 scale63_t
ffab5870 CLD5                             ff8058d0 scale61f_t
ffab58e0 CLD6                             ff807e50 scale62t_t
ffab5950 CLD7                             ff80a3d0 scale65_t
ffab59c0 CLD8                             ff80a3d0 scale64_t
ffab5a30 CLD9                             ff80c950 scale65t_t
ffab5250 CLDB1                            ff80c950 scale64t_t
ffab5520 CLDB1GRN                         ff80eed0 scale65f_t
ffab5490 CLDB1LGRY                        ff811450 scale66_t
ffab5400 CLDB1ORNG                        ff811450 scale67_t
ffab55b0 CLDB1PURP                        ff8139d0 scale66t_t
ffab5370 CLDB1WHT                         ff8139d0 scale67t_t
ffab52e0 CLDB1YELL                        ff815f50 scale67f_t
ffab5b80 CLDB2                            ff815f50 scale66f_t
ffab5bf0 CLDB3                            ff8184d0 scale69_t
ffab5c60 CLDB4                            ff8184d0 scale68_t
ffa08500 CLR_AUD                          ff81aa50 scale68t_t
ffa081f0 CLR_AUDR                         ff81cfd0 scale69f_t
ff849100 CLR_SCRN                         ff81cfd0 scale68f_t
ffa9a880 CMORRIS                          ff81f550 scale610_t
ffa085a0 CMOS_VAL                         ff81f550 scale611_t
010f1160 COINCNTR                         ff821ad0 scale611t_t
ffa07a20 COIN_PAG                         ff821ad0 scale610t_t
ff846b20 COLCYC                           ff824050 scale610f_t
ffa95810 COLEMAN                          ff824050 scale611f_t
ffadd760 COLE_p                           ff8265d0 scale70_t
ff865600 COLRPRC                          ff828b50 scale70t_t
010e57b0 COLRTEMP                         ff82b0d0 scale70f_t
ff999580 COLTAB2                          ff82d650 scale71_t
ff8578b0 COLTAB_RNBW                      ff82d650 scale72_t
ff977450 COLTAB                           ff82fbd0 scale72f_t
ffa212b0 COL_BARS                         ff832150 scale74f_t
ffa0e940 COL_INST                         ff832150 scale74_t
ffc69630 COL_NEJP                         ff8346d0 scale76et_t
0106d600 COUNTER_MODE                     ff837cb0 DISPLAY
ffab7130 COURT_p                          ff838ce0 QDMAN
04673800 COURT                            ff838e00 display_2dsclmodeon
ffa93a40 COX                              ff838f60 display_2dsclstarmodeon
ffa0c600 CPU_RET                          ff83aab0 STOPOBJS
ffb3a410 CRD_ATL_P                        ff83ac00 obj_yzsort
ffb3a4c0 CRD_BOS_P                        ff83add0 SCRTSTG
ffb3a570 CRD_CHA_P                        ff83ae00 SCRTST
ffb3a6d0 CRD_CHI2P                        ff83b130 display_init
ffb3a620 CRD_CHI_P                        ff83b8c0 GETOBJ
ffb3a780 CRD_CLE_P                        ff83ba70 FREEOBJ
ffb3a830 CRD_CLP_P                        ff83baf0 INSBOBJ
ffb3a8e0 CRD_DAL_P                        ff83bb30 INSOBJ
ffb3a990 CRD_DEN_P                        ff83bcd0 DELBOBJ
ffb3aa40 CRD_DET_P                        ff83bd10 DELOBJA8
ffb3aaf0 CRD_GLD_P                        ff83bd20 DELOBJ
ffb3aba0 CRD_HOU_P                        ff83bf20 FRQDELDIE
ffb3ac50 CRD_IND_P                        ff83bf90 DELOBJDIE
ffb3ad00 CRD_LAK_P                        ff83c1b0 obj_del1c
ffb3adb0 CRD_MIA_P                        ff83c1c0 obj_delc
ffb3ae60 CRD_MIL_P                        ff83c380 EXISTOBJ
ffb3af10 CRD_MIN_P                        ff83c480 ISOBJ
ffb3afc0 CRD_NEJ_P                        ff83c530 obj_addworldxy
ffb3b070 CRD_NEY_P                        ff83c640 ADJNEWTL
ffb3b1d0 CRD_ORL2P                        ff83c710 GSCRNREL
ffb3b120 CRD_ORL_P                        ff83c800 SCRNRELV
ffb3b280 CRD_PHO_P                        ff83c950 GANISAG
ffb3b330 CRD_POR_P                        ff83cb10 BEGINOBJ
ffb3b3e0 CRD_SAC_P                        ff83cbb0 BEGINOBJ2
ffb3b490 CRD_SAN_P                        ff83d130 BEGINOBJP
ffa02f30 CRD_SCRN2                        ff83d1d0 BEGINOBJP2
ffa02f20 CRD_SCRN                         ff83d630 ANI
ffb3b540 CRD_SEA_P                        ff83da40 obj_aniq
ffb3b6a0 CRD_UTA2P                        ff83df00 obj_aniq_cnoff
ffb3b5f0 CRD_UTA_P                        ff83e140 obj_aniq_scld
ffb3b750 CRD_WAS_P                        ff83e460 GETANIXY
ffa02ae0 CRED_P                           ff83e590 GANIOF
ffa97430 CROBINSON                        ff83e740 scrn_scaleout
ffa1fef0 CROSS_H                          ff83ebe0 scrn_scaleininit
ffab61d0 CROWD_p                          ff83ed30 scrn_scalein
ffabc4f0 CRT_ATL_P                        ff840200 init_all
ffabd4e0 CRT_BOS_P                        ff8408c0 io_init
ffabe4d0 CRT_CHA_P                        ff840950 INTIO
ffac04b0 CRT_CHI2P                        ff840a10 WDOGDIS
ffabf4c0 CRT_CHI_P                        ff842250 KILBGND
ffac14a0 CRT_CLE_P                        ff842410 ZERO_BITS
ffac2490 CRT_CLP_P                        ff8424a0 WIPEOUT
ffac3480 CRT_DAL_P                        ff842950 system_savegame
ffac4470 CRT_DEN_P                        ff842f30 system_restoregame
ffac5460 CRT_DET_P                        ff8436e0 anim_script
ffac6450 CRT_GLD_P                        ff846500 anim_wait
ffac7440 CRT_HOU_P                        ff8465b0 anim_kilslp
ffac8430 CRT_IND_P                        ff846650 anim_killall
ffac9420 CRT_LAK_P                        ff846810 autoerase_set
ffaca410 CRT_MIA_P                        ff846940 FLASHME
ffacb400 CRT_MIL_P                        ff846b20 COLCYC
ffacc3f0 CRT_MIN_P                        ff846ea0 CYCLE_TABLE
ffacd3e0 CRT_NEJ_P                        ff8470f0 HEXTOASC
fface3d0 CRT_NEY_P                        ff8472e0 ERASE_TXT
ffad03b0 CRT_ORL2P                        ff847330 STRLNRM
ffacf3c0 CRT_ORL_P                        ff8473a0 STRCNRM
ffad13a0 CRT_PHI_P                        ff847410 STRCNRM_1
ffad2390 CRT_PHO_P                        ff847490 STRRNRM
ffad3380 CRT_POR_P                        ff847500 STRLNRMO
ffad4370 CRT_SAC_P                        ff847590 STRCNRMO
ffad5360 CRT_SAN_P                        ff847620 STRCNRMO_1
ffad6350 CRT_SEA_P                        ff8476c0 STRLNRMO_1
ffad8330 CRT_UTA2P                        ff848010 STRNGLEN
ffad7340 CRT_UTA_P                        ff848170 OBJOFF
ffad9320 CRT_WAS_P                        ff848200 OBJON
ffa01ac0 CR_CONTP                         ff8482a0 GETCPNT
ffa01960 CR_STRTP                         ff848370 GETANIX
ff8c3650 CRobin_h                         ff8484b0 RNDRNGS
0000003a CS_ENTS                          ff8484d0 RNDRNG
ff865e30 CWINDOW                          ff848600 RNDRNG0
ff846ea0 CYCLE_TABLE                      ff8486f0 RNDPER
ffaa9dc0 C_ATL                            ff848810 FILLAREA
ffaaacf0 C_ATL_O                          ff848840 BLNKAREA
ffaaaea0 C_BOST_O                         ff848940 dirq_wait
ffaa9f70 C_BOST                           ff848a20 dmaq_wait
ffaaad80 C_CHAR_O                         ff848b50 dpageflip_off
ffaa9e50 C_CHAR                           ff848c30 display_blank
ffaa9af0 C_CHIC                           ff848d20 display_unblank
ffaaaa20 C_CHIC_O                         ff848ff0 SCRCLR
ffaaabd0 C_CLEV_O                         ff849100 CLR_SCRN
ffaa9ca0 C_CLEV                           ff849290 FRANIM
ffaaa870 C_DAL_O                          ff849740 FRANIMQ
ffaa9940 C_DAL                            ff849b30 security_chk
ffaaa990 C_DEN_O                          ff84af90 secend
ffaa9a60 C_DEN                            ff84af90 pal_init
ffaaaab0 C_DET_O                          ff84b090 pal_clean
ffaa9b80 C_DET                            ff84b2f0 pal_find
010f1100 C_FLAGS                          ff84b430 pal_getf
010f10f0 C_FRAC                           ff84b7c0 pal_set
ffaa95e0 C_GOLD                           ff84b8f0 pal_transfer
ffaaa510 C_GOLD_O                         ff84bb30 pal_blacken
ffaaa6c0 C_HOU_O                          ff84bc90 pal_fadein
ffaa9790 C_HOU                            ff84c110 pal_fadeout
ffaaab40 C_IND_O                          ff84c150 pal_fadeout2
ffaa9c10 C_IND                            ff84c920 pal_fadeinx
ffaa94c0 C_LAClips                        ff84c960 pal_fadeoutx
ffaaa3f0 C_LAClips_O                      ff84cd90 pal_fmwht
ffaa9430 C_LALaks                         ff84cde0 pal_towht
ffaaa360 C_LALaks_O                       ff84d2e0 addbrt_ae
ffaa93a0 C_LA                             ff84d6e0 fade_up
ffaaa240 C_MIAMI                          ff84d7f0 fade_down
ffaab170 C_MIAMI_O                        ff84d8f0 fade_up_half
ffaaac60 C_MILW_O                         ff84da10 fade_down_half
ffaa9d30 C_MILW                           ff84e290 process_init
ffaaa900 C_MINN_O                         ff84e3d0 process_dispatch
ffaa99d0 C_MINN                           ff84e4f0 PRCSLP
ffaaa090 C_NJ                             ff84e500 PRCLSP
ffaaafc0 C_NJ_O                           ff84e650 SUCIDE
ffaaa000 C_NY                             ff84e860 KILL
ffaaaf30 C_NY_O                           ff84ea50 GETPRC
ffaaa1b0 C_ORL                            ff84ebd0 XFERPROC
ffaab0e0 C_ORL_O                          ff84edb0 KILALL
ffaa9ee0 C_PHIL                           ff84edd0 KIL1C
ffaaae10 C_PHIL_O                         ff84ede0 KILALLN
ffaaa480 C_PHX_O                          ff84efc0 KOP_1C
ffaa9550 C_PHX                            ff84efd0 KOP_ALL
ffaaa2d0 C_PORT_O                         ff84f110 process_exist
ffaa9310 C_PORT                           ff84f1a0 EXISTP
ffb59070 C_ROB10                          ff84f920 BGND_UD1
ffb59100 C_ROB11                          ff851050 bgnd_delnonvis
ffb59190 C_ROB12                          ff851420 init_prog
ffb59220 C_ROB13                          ff8517f0 WARMSET
ffb592b0 C_ROB14                          ff851880 PCMOSRET
ffb58b60 C_ROB1                           ff851a20 mainlp
ffb59340 C_ROB15                          ff8529f0 plyr_strtb1
ffb593d0 C_ROB16                          ff852a80 plyr_strtb2
ffb58bf0 C_ROB2                           ff852b10 plyr_strtb3
ffb58c80 C_ROB3                           ff852bb0 plyr_strtb4
ffb58d10 C_ROB4                           ff854c00 start_msgs
ffb58da0 C_ROB5                           ff856400 demogame_start
ffb58e30 C_ROB6                           ff857660 join_cyc
ffb58ec0 C_ROB7                           ff8578b0 COLTAB_RNBW
ffb58f50 C_ROB8                           ff858440 start_arws
ffb58fe0 C_ROB9                           ff859fb0 scrm1_snd
ffccbb70 C_ROB_P                          ff859ff0 scrm2_snd
ffaa9700 C_SAC                            ff85a030 scrm3_snd
ffaaa630 C_SAC_O                          ff85a070 scrm4_snd
ffaa9820 C_SAN                            ff85f340 start_animate
ffaaa750 C_SAN_O                          ff860dd0 random_ads
ffaaa5a0 C_SEA_O                          ff861450 fix_floorclr
ffaa9670 C_SEA                            ff8621b0 net_ani
ffaa98b0 C_UTAH                           ff864dd0 prt_status
ffaaa7e0 C_UTAH_O                         ff864f80 init_t1a
ffaaa120 C_WASH                           ff8651e0 init_t2a
ffaab050 C_WASH_O                         ff865440 init_t3a
ff8c1ab0 Campbell_h                       ff8655a0 init_t4a
ff8c4970 Cheaney_h                        ff865600 COLRPRC
ff8e3a90 Coleman_h                        ff865850 WNDWON
ffa92ba0 DABEL                            ff8659e0 WNDWOFF
ffba1410 DANFOR01                         ff865b10 OWINDOW
ffba1530 DANFOR02                         ff865e30 CWINDOW
ffba1650 DANFOR03                         ff8667f0 set_names
ffba1770 DANFOR04                         ff866e40 drone_main
ffba1890 DANFOR05                         ff86b990 drone_setuptob
ffba19b0 DANFOR16                         ff86cd10 drone_adjskill
ffb8a500 DANFOR_P                         ff86da60 drone2_main
ffc38a00 DAN_FORP                         ff872bf0 drone2_setuptob
ffa958a0 DAUGHRTY                         ff874460 drone2_adjskill
ffae5d70 DAUG_P                           ff875da0 plyr_start
ffc6a5c0 DAU_CLEP                         ff87fb60 plyr_setseq
ffa93260 DAVIES                           ff87ff20 joy_read
ffa92cc0 DAVIS                            ff885590 plyr_shoot
ffb52e90 DAY12                            ff88b6f0 plyr_pass
ffb52f20 DAY13                            ff88d100 clr_autorbnd
ffb52860 DAY1                             ff88d660 anipt_getsclxy
ffb52d70 DAY10                            ff88db50 anipt3_getsclxy
ffb52e00 DAY11                            ff8907c0 plyr_endofqrtr
ffb52fb0 DAY14                            ff895870 plyr_goaltending
ffb53040 DAY15                            ff896370 plyr_takeoutball
ffb530d0 DAY16                            ff897770 plyr_takeoutball2
ffb528f0 DAY2                             ff8982f0 plyr_init
ffa9a760 DAY                              ff898710 plyr_takeoutball3
ffb52980 DAY3                             ff899210 plyr_setshtdly
ffb52a10 DAY4                             ff899a20 seekdir_xyxy128
ffb52aa0 DAY5                             ff899d20 seekdirdist_obxz128
ffb52b30 DAY6                             ff89a190 rndrng0
ffb52bc0 DAY7                             ff89a900 ball_main
ffb52c50 DAY8                             ff8a1700 hoopl_t
ffb52ce0 DAY9                             ff8a1ad0 hoopr_t
ffcba0c0 DAY_MLWP                         ff8a4c60 sinecos_get
ffcc6970 DAY_P                            ff8a56f0 ball_chkpcollide
010f13e0 DCODE                            ff8a9cf0 get_swat
ffa93890 DEAL                             ff8a9d60 def_play_reward
ffa3ebc0 DEC_HSR                          ff8a9ef0 flash_reward
ffa08d60 DEF_PAGE                         ff8aa320 plyr_jscrowdsnd
ff83bcd0 DELBOBJ                          ff8aa570 ball_convfmprel
ffa974c0 DELLIS                           ff8aa650 ball_convfmprel2
ff83bd10 DELOBJA8                         ff8aa840 plyr_setptsdown
ff83bf90 DELOBJDIE                        ff8ac980 seq_stand
ff83bd20 DELOBJ                           ff8acf10 seq_stealstand
ff8c3ed0 DEllis_h                         ff8acf70 seq_newdir
ffadebb0 DHARP_P                          ff8ad090 seq_stayinair
ff8e4530 DHarper_h                        ff8ad0f0 seq_keepzx
ffa1bff0 DIAGCPUTEST                      ff8ad1a0 seq_injury
ffb152a0 DIAGP                            ff8ad210 seq_stuffzx
ffa0ed90 DIAG_COLORS                      ff8ad2a0 seq_strtfire
ffa0ccd0 DIAG_EX                          ff8ad420 seq_stopfire
ffa0cae0 DIAG                             ff8ad510 seq_smoke
ffa0eb20 DIGSRT                           ff8ad5b0 seq_snd
ffa93770 DILLON                           ff8ad600 seq_noballoff
ffceba20 DIPCOINTAB                       ff8ad680 seq_resetseq
0106d3f0 DISPLAYON                        ff8ad770 seq_run
ff837cb0 DISPLAY                          ff8ad7d0 seq_jump
ffae4d30 DIVAC_P                          ff8ad9c0 seq_jump2
ffa961a0 DIVAC                            ff8adf80 seq_block
ffa94580 DIVITA                           ff8aeeb0 seq_rebounda
ffc76360 DIV_LAKP                         ff8af5f0 seq_strtdunk
01057720 DMAQ                             ff8afe30 plyr_camflash
010001c0 DMAQCUR                          ff8b07f0 seq_slamball
ffa143e0 DOBORDER                         ff8b1c00 seq_push
ff9fef70 DO_ADJH                          ff8b3400 seq_elbo
ffaddb70 DREXLER_p                        ff8b3e60 halftime_showclips
ffa959c0 DREXLER                          ff8b3f50 plyr_smoketrail
ffa96c50 DROBINSON                        ff8b4050 plyr_smoketrail2
ffc6c5b0 DRX_PRTP                         ff8b4830 do_ball_spark
ffa2ae60 DSCRCLR                          ff8b4940 ball_smokepuff
ffb4b870 DUMARS10                         ff8b6f60 ball_spark
ffb4b900 DUMARS11                         ff8b7890 getdunkseq
ffb4b990 DUMARS12                         ff8be590 Lohaus_h
ffb4ba20 DUMARS13                         ff8be7b0 Gug_h
ffb4b360 DUMARS1                          ff8be9d0 Edwrd_h
ffa9a010 DUMARS                           ff8bebf0 McDan_h
ffb4bab0 DUMARS14                         ff8bee10 Brown_h
ffb4bb40 DUMARS15                         ff8bf030 KAnderson_h
ffb4bbd0 DUMARS16                         ff8bf250 Willis_h
ffb4b3f0 DUMARS2                          ff8bf470 Gamble_h
ffb4b480 DUMARS3                          ff8bf690 Mourn_h
ffb4b510 DUMARS4                          ff8bf8b0 Armstrng_h
ffb4b5a0 DUMARS5                          ff8bfad0 Kukoc_h
ffb4b630 DUMARS6                          ff8bfcf0 Nance_h
ffb4b6c0 DUMARS7                          ff8bff10 Jack_h
ffb4b750 DUMARS8                          ff8c0130 Mash_h
ffb4b7e0 DUMARS9                          ff8c0350 Rogers_h
ffcc0730 DUMARS_P                         ff8c0570 Dumars_h
ffc9dca0 DUM_DETP                         ff8c0790 Rodman_h
ffb18480 DUXPAL                           ff8c09b0 Hunter_h
ffb5b470 D_ELL10                          ff8c0bd0 Webber_h
ffb5af60 D_ELL1                           ff8c0df0 Maxwell_h
ffb5b500 D_ELL11                          ff8c1010 Horry_h
ffb5b590 D_ELL12                          ff8c1230 Smits_h
ffb5b620 D_ELL13                          ff8c1450 Sealy_h
ffb5b6b0 D_ELL14                          ff8c1670 Roberts_h
ffb5b740 D_ELL15                          ff8c1890 Peeler_h
ffb5b7d0 D_ELL16                          ff8c1ab0 Campbell_h
ffb5aff0 D_ELL2                           ff8c1cd0 Miner_h
ffb5b080 D_ELL3                           ff8c1ef0 Baker_h
ffb5b110 D_ELL4                           ff8c2110 Day_h
ffb5b1a0 D_ELL5                           ff8c2330 Rider_h
ffb5b230 D_ELL6                           ff8c2550 Morris_h
ffb5b2c0 D_ELL7                           ff8c2770 Mason_h
ffb5b350 D_ELL8                           ff8c2990 Starks_h
ffb5b3e0 D_ELL9                           ff8c2bb0 AHard_h
ffccdb70 D_ELL_P                          ff8c2dd0 NAnders_h
ff8e2bb0 Daughert_h                       ff8c2ff0 Weath_h
ff8c2110 Day_h                            ff8c3210 Brad_h
ff8df670 Divac_h                          ff8c3430 KJohn_h
ffa947c0 DoubleOT                         ff8c3650 CRobin_h
ff8e3cb0 Drexler_h                        ff8c3870 Simmons_h
ff8c0570 Dumars_h                         ff8c3a90 Hurley_h
ff8daf10 EB_H                             ff8c3cb0 Rich_h
ffb9f010 EDBOON01                         ff8c3ed0 DEllis_h
ffb9f130 EDBOON02                         ff8c40f0 Payton_h
ffb9f250 EDBOON03                         ff8c4310 Mckey_h
ffb9f370 EDBOON04                         ff8c4530 Benoit_h
ffb9f490 EDBOON05                         ff8c4750 Ellison_h
ffb9f5b0 EDBOON16                         ff8c4970 Cheaney_h
ffb88ca0 EDBOON_P                         ff8c4b90 ATL_t
ffa95930 EDWARDS                          ff8d0950 spechds_t
ffae6db0 EDWARD_p                         ff8daf10 EB_H
ffc6b5c0 EDW_MLWP                         ff8db130 JTO_H
ffc399b0 ED_BOONP                         ff8de350 plyr_getattributes
ffa95a50 ELLIOT                           ff8de950 getwindowhead
ffade390 ELLIOT_p                         ff8dedf0 Worthy_h
ffb5d900 ELLISN11                         ff8df010 Laetner_h
ffb5d990 ELLISN12                         ff8df230 Hawkins_h
ffb5da20 ELLISN13                         ff8df450 LJohnson_h
ffb5db40 ELLISN15                         ff8df670 Divac_h
ffb5d870 ELLISN10                         ff8df890 KMalone_h
ffb5dab0 ELLISN14                         ff8dfb50 Stockton_h
ffb5dbd0 ELLISN16                         ff8dfe10 Ewing_h
ffb5d360 ELLISN1                          ff8e00d0 RHarper_h
ffb5d3f0 ELLISN2                          ff8e0390 Seikaly_h
ffb5d480 ELLISN3                          ff8e0650 Miller_h
ffb5d510 ELLISN4                          ff8e0870 Mutumbo_h
ffb5d5a0 ELLISN5                          ff8e0a90 Oakley_h
ffb5d630 ELLISN6                          ff8e0cb0 Olajuwon_h
ffb5d6c0 ELLISN7                          ff8e0ed0 Porter_h
ffb5d750 ELLISN8                          ff8e10f0 Price_h
ffb5d7e0 ELLISN9                          ff8e1310 Rice_h
ffccfb70 ELLISN_P                         ff8e1530 Robinson_h
ffa9aeb0 ELLISON                          ff8e1750 Schrempf_h
ffaddf80 ELLIS_p                          ff8e1970 Skiles_h
ffc6d540 ELL_DENP                         ff8e1b90 Smith_h
ffc6e540 ELL_DETP                         ff8e1db0 Thomas_h
ffc9f8a0 ELL_WASP                         ff8e1fd0 Tisdale_h
ffc9eb80 ELS_SANP                         ff8e21f0 Webb_h
ffa93c80 ELVIS                            ff8e2550 Kemp_h
010eba30 ENTERON                          ff8e2770 Pippen_h
ff8472e0 ERASE_TXT                        ff8e2990 Gill_h
ffba1ad0 ERCKIN01                         ff8e2bb0 Daughert_h
ffba1bf0 ERCKIN02                         ff8e2dd0 Mullin_h
ffba1d10 ERCKIN03                         ff8e2ff0 Wilkins_h
ffba1e30 ERCKIN04                         ff8e3210 Person_h
ffba1f50 ERCKIN05                         ff8e3430 Augmon_h
ffba2070 ERCKIN16                         ff8e3650 Benjamin_h
ffb8a910 ERCKIN_P                         ff8e3870 Barkley_h
ffc3a990 ERC_KINP                         ff8e3a90 Coleman_h
ff967330 ERRORLOG                         ff8e3cb0 Drexler_h
ffba2190 EUGENE01                         ff8e3ed0 Ellis_h
ffba22b0 EUGENE02                         ff8e40f0 Elliot_h
ffba23d0 EUGENE03                         ff8e4310 Hardaway_h
ffba24f0 EUGENE04                         ff8e4530 DHarper_h
ffba2610 EUGENE05                         ff8e4750 HCGrant_h
ffba2730 EUGENE16                         ff8e4970 HVGrant_h
ffb8ad20 EUGENE_P                         ff8e4b90 Hornacek_h
ffc3b8f0 EUG_JARP                         ff8e4db0 Majerle_h
ffc6f530 EWG_NEYP                         ff8e4fd0 Manning_h
ffae7ac0 EWILPAL                          ff8e5330 pseq_t
ffa95c00 EWING                            ff8f8a60 push_t
ffadb2d0 EWING_p                          ff8f93d0 tip_t
ff83c380 EXISTOBJ                         ff8f9590 tipj_t
ff84f1a0 EXISTP                           ff8f9810 passnl_t
ff8be9d0 Edwrd_h                          ff8f9cc0 passnl3_t
ff8e40f0 Elliot_h                         ff8f9fb0 passnl2_t
ff8e3ed0 Ellis_h                          ff8fa460 stagger_t
ff8c4750 Ellison_h                        ff8fabb0 fall_t
ff8dfe10 Ewing_h                          ff8fbcf0 ffall_t
ffa757a0 F1                               ff8fcd80 fflyback_t
ffa767a0 F10                              ff8fceb0 fflybackwb_t
ffa77780 F2                               ff8feb80 flyback_t
ffa85310 F3                               ff8fecb0 flybackwb_t
ffa84310 F4                               ff900150 flyback2_t
ffa78760 F5                               ff900280 flybackwb2_t
ffa83320 F6                               ff900af0 fflyback2_t
ffa82330 F7                               ff900c20 fflybackwb2_t
ffa79760 F8                               ff9012a0 pickup_t
ffa7a750 F9                               ff901a60 elbo_t
ffa08d70 FAC_SET                          ff9022d0 elbo2_t
ffa32100 FAC_STUF                         ff902f40 dunka_t
0106f350 FADERAM                          ff903450 dunka2_t
ff9554b0 FADE_DOWN                        ff903960 dunkb_t
ff955470 FADE_UP                          ff904310 dunkb2_t
ffaed0a0 FGAMEPAL                         ff904cc0 dunkb3_t
ff848810 FILLAREA                         ff905670 dunkc_t
ffbf4810 FIREFALP                         ff905b00 dunkd_t
ffb24150 FL10_p                           ff906030 dunkd2_t
ffb24830 FL11_p                           ff906560 dunke_t
ffb24f10 FL12_p                           ff906a30 dunke2_t
ffb255f0 FL13_p                           ff906f00 dunkf_t
ffb25cd0 FL14_p                           ff9074b0 dunkg_t
ffb263b0 FL15_p                           ff9079c0 dunkg2_t
ffb26a90 FL16_p                           ff907ed0 dunkj_t
ffb27170 FL17_p                           ff908440 dunkj4_t
ffb27850 FL18_p                           ff9089f0 dunkj2_t
ffb27f30 FL19_p                           ff908f60 dunkj3_t
ffb20370 FL1_p                            ff909910 dunkk_t
ffb28610 FL20_p                           ff909e80 dunkk2_t
ffb28cf0 FL21_p                           ff90a3f0 dunkl_t
ffb293d0 FL22_p                           ff90a960 dunkl2_t
ffb29ab0 FL23_p                           ff90af10 dunkl3_t
ffb2a190 FL24_p                           ff90b480 dunkl4_t
ffb2a870 FL25_p                           ff90b9f0 dunkn_t
ffb2af50 FL26_p                           ff90bf00 dunkn2_t
ffb2b630 FL27_p                           ff90c410 dunko_t
ffb2bd10 FL28_p                           ff90ccc0 dunko2_t
ffb2c3f0 FL29_p                           ff90d3f0 dunkp_t
ffb20a50 FL2_p                            ff90d9e0 dunkp2_t
ffb2cad0 FL30_p                           ff90dfd0 dunkp3_t
ffb2d1b0 FL31_p                           ff90e700 dunkq_t
ffb2d890 FL32_p                           ff90ec70 dunkq3_t
ffb2df70 FL33_p                           ff90f1a0 dunkq2_t
ffb2e650 FL34_p                           ff90f710 dunkq4_t
ffb2ed30 FL35_p                           ff90fc40 dunkr_t
ffb2f410 FL36_p                           ff9101b0 dunkr2_t
ffb2faf0 FL37_p                           ff910760 dunks_t
ffb301d0 FL38_p                           ff910d10 dunks2_t
ffb308b0 FL39_p                           ff9112c0 dunkt_t
ffb21130 FL3_p                            ff911990 dunkt2_t
ffb30f90 FL40_p                           ff912380 dunkt3_t
ffb31670 FL41_p                           ff912d70 dunkt4_t
ffb31d50 FL42_p                           ff913ab0 dunkt5_t
ffb32430 FL43_p                           ff9147a0 dunku_t
ffb32b10 FL44_p                           ff914d10 dunku2_t
ffb331f0 FL45_p                           ff9152d0 dunku3_t
ffb338d0 FL46_p                           ff915a10 dunku4_t
ffb33fb0 FL47_p                           ff916310 dunku5_t
ffb34690 FL48_p                           ff916a10 dunku6_t
ffb34d70 FL49_p                           ff916f40 dunkv_t
ffb21810 FL4_p                            ff917570 dunkv2_t
ffb35450 FL50_p                           ff917b60 dunkw_t
ffb35b30 FL51_p                           ff9180d0 dunkw2_t
ffb36210 FL52_p                           ff918600 dunkw3_t
ffb368f0 FL53_p                           ff918b80 dunky_t
ffb36fd0 FL54_p                           ff9196b0 dunky2_t
ffb21ef0 FL5_p                            ff919ee0 dunkz3_t
ffb225d0 FL6_p                            ff91a750 dunkz4_t
ffb22cb0 FL7_p                            ff91ad00 dunkz5_t
ffb23390 FL8_p                            ff91b160 dunkz6_t
ffb23a70 FL9_p                            ff91b6d0 dunkz7_t
ff846940 FLASHME                          ff91bbf0 dunkz8_t
ffb376b0 FL_B_p                           ff91c160 dunkz9_t
ffb37d90 FL_G_p                           ff91c910 dunkz10_t
ffb39440 FL_RPR_P                         ff91d080 dunkz11_t
ffb38d60 FL_VIK_P                         ff91d7b0 hook_t
ffc270e0 FON150                           ff91d7b0 hook2_t
ffc27170 FON151                           ff91ddc0 dunklay7_t
ffc27200 FON152                           ff91e240 dunklay2_t
ffc27290 FON153                           ff91e640 dunklay3_t
ffc27320 FON154                           ff91eb50 dunklay3a_t
ffc273b0 FON155                           ff91f010 dunklay4_t
ffc27440 FON156                           ff91f410 dunklay5_t
ffc274d0 FON157                           ff91fb50 layup_t
ffc27560 FON158                           ff920540 layupreb_t
ffc275f0 FON159                           ff920d70 dunklay_t
ffc27680 FON15A                           ff9218e0 dunklay6_t
ffc27dd0 FON15M                           ff922270 dunkx_t
ffc282e0 FON15V                           ff922f40 dunkx2_t
ffc28370 FON15W                           ff924000 dunkx3_t
ffc28400 FON15X                           ff9248c0 dunkz_t
ffc2a650 FONT7A                           ff924e30 dunkz2_t
ffc2d230 FONT7colon                       ff9253e0 stnd_t
ffa93530 FORD                             ff925510 stndwb2_t
ffa08600 FORM_ADC                         ff926460 plyr_lost
ffa132a0 FORM_SWS                         ff927fe0 arw_on1plyr
ff849290 FRANIM                           ff9281c0 stick_number
ff849740 FRANIMQ                          ff928380 stick_numbers
01000020 FREE                             ff928e10 stick_cpu
ff83ba70 FREEOBJ                          ff929400 stick_spark
ffcec2e0 FRENCH_1                         ff929d10 stick_spark2
ffcec330 FRENCH_2                         ff92a460 cr_cntrs_update
ffcec380 FRENCH_3                         ff92bba0 score_showtvpanel2
ffcec3d0 FRENCH_4                         ff92bd90 score_showtvpanel
ffcec090 FRENCH_ELECTITLE                 ff92be70 scr1
ff83bf20 FRQDELDIE                        ff92c310 update_scorebrd
ffa087b0 F_ADC_S                          ff92d210 prt_credits
ffa140f0 F_TITLE                          ff92d840 clock_strt
ffaa4570 FulGamegld                       ff92ec10 cliplockretp
ffaa44e0 FulGamegrn                       ff9302d0 refill_turbo
ffaa4450 FulGameorg                       ff930580 score_add
ffaa43c0 FulGamered                       ff9311a0 nosecrets_drw
ffb47070 GAMBLE10                         ff931490 bracket_drw
ffb47100 GAMBLE11                         ff931ce0 prt_cr_timers
ffb46b60 GAMBLE1                          ff931fb0 prt_top_scores
ffb47190 GAMBLE12                         ff935440 shot_clock
ffb47220 GAMBLE13                         ff936620 sclockx
ffb472b0 GAMBLE14                         ff9371f0 show_ot_msg
ffb47340 GAMBLE15                         ff937780 doalert_snd
ffb473d0 GAMBLE16                         ff937c20 fix_dropout_msgs
ffb46bf0 GAMBLE2                          ff938e70 flash_plyr_wht
ffb46e30 GAMBLE6                          ff93a130 doflshs
ffb46ec0 GAMBLE7                          ff93b210 tournament_on
ffb46f50 GAMBLE8                          ff93c560 cpu_subs
ffa99b90 GAMBLE                           ff93f060 dropout_stats
ffcbd000 GAMBLE_P                         ff93f320 instructions
ffb46c80 GAMBLE3                          ff93f790 print_inst
ffb46d10 GAMBLE4                          ff942980 SHAKER
ffb46da0 GAMBLE5                          ff943190 do_warns
ffb46fe0 GAMBLE9                          ff9435e0 idiot_box
010e58b0 GAMSTATE                         ff943860 player_data
ffca0700 GAM_BOSP                         ff9448c0 blink_plyr
ff83e590 GANIOF                           ff944900 blink_plyr2
ff83c950 GANISAG                          ff944ad0 flsh_box
ffa92d50 GENTILE                          ff944fe0 update_cont_message
ffa0dd40 GEN_MENU                         ff945790 flash_bigtxt
ffb9a6f0 GEOR1                            ff945b00 flash_bigtxt2
ffb9ac90 GEOR16                           ff945e70 game_over
ffb9a810 GEOR2                            ff946870 update_shoes
ffb9a930 GEOR3                            ff946f60 starring
ffb9aa50 GEOR4                            ff94b450 player_names
ffb9ab70 GEOR5                            ff954050 our_names
ffb85ff0 GEOR_P                           ff9548d0 snd_reset
ffcec150 GERMAN_1                         ff954a70 QSNDRST
ffcec1a0 GERMAN_2                         ff954b30 snd_play1ovrp
ffcec1f0 GERMAN_3                         ff954c80 snd_play1ovr
ffcec240 GERMAN_4                         ff954d70 snd_play1
ffcec0f0 GERMAN_ELECTITLE                 ff954d80 snd_play
ff83e460 GETANIXY                         ff954fd0 snd_update
ff848370 GETANIX                          ff955270 SNDSND
ff8482a0 GETCPNT                          ff955470 FADE_UP
ffa3f190 GETHIGH                          ff9554b0 FADE_DOWN
ffa405c0 GETINIT                          ff955b40 ALLOFF
ffa40770 GETINIT1                         ff955b80 musicoff_snd
ffa40770 GETINIT2                         ff955c00 YAMOFF
ff83b8c0 GETOBJ                           ff956040 coin_snd
ff84ea50 GETPRC                           ff956080 beep2_snd
ffa12ca0 GETSTICK                         ff9560c0 cntdown_snd
ffa08890 GET_ADJ                          ff956100 horn_snd
ffa07fe0 GET_AUD                          ff956140 tune2_snd
ffa02b00 GET_CREDITS                      ff956180 sound_watchdog
ffa300a0 GET_CSPT                         ff9569a0 TVBP
ffa09760 GET_CSTR                         ff956b20 TVBPX
ffa0ff30 GET_FAC                          ff956ca0 TVPATCH
ffa41090 GET_HSCR                         ff957280 RD7FONT
ffa3ef30 GET_HSC                          ff957280 TVPATCHX
ffa95c90 GILL                             ff957e20 RD15FONT
ffae5960 GILL_P                           ff9589c0 set_imgs
ffc70520 GIL_SEAP                         ff958d40 amode_start
010f11a0 GMENULEV                         ff95ae40 show_operatormsg
ffaeef40 GOLD                             ff95cf60 show_designteam
ffa944f0 GOSKIE                           ff962090 osgfont_t
ff9fb530 GO_ADJ                           ff967330 ERRORLOG
ffa30840 GO_DIAG                          ff967450 hint_page
ffa934a0 GRANN                            ff971c40 new_page
ffadf3d0 GRANTG_P                         ff9758a0 stats_page2
ffa95d20 GRANT_HC                         ff9758c0 stats_page
ffa95db0 GRANT_HV                         ff977300 plyr_subs
ffadefc0 GRANT_P                          ff977450 COLTAB
ffa936e0 GREEN                            ff97e560 rank_screen
ffaeec80 GREENPAL                         ff981800 winning_msg
ffb11f30 GREYPAL                          ff982f60 print_ranking
ffc3c8c0 GRG_PETP                         ff984010 get_initials_string
ffa93fe0 GRIFFEY                          ff9841b0 print_player_stats
ffb13790 GRNPAL                           ff986ab0 print_teams_defeated
ffb10180 GROWBOXb                         ff987660 dec_to_asc
ffb10480 GROWBOXy                         ff987a20 dec_to_pct
ffb10300 GROWBOXg                         ff987c50 copy_string
ffb10600 GROWBOXr                         ff987d10 concat_string
ffaee090 GROWBOX                          ff987e10 copy_rom_string
ffc92580 GRT_CHIP                         ff987eb0 concat_rom_string
ffc95550 GRT_PRTP                         ff988220 print_string_C
ff83c710 GSCRNREL                         ff988300 print_string_C2
ffa95b70 GUGLI                            ff9884a0 print_string_R
ffc93560 GUG_WASP                         ff988580 print_string_R2
ffae71c0 GUG_p                            ff988780 print_string
ffa14220 G_BORDER                         ff9887b0 print_string2
ff8bf470 Gamble_h                         ff988e40 setup_message
ff8e2990 Gill_h                           ff989080 print_message
ff8be7b0 Gug_h                            ff989480 osgemd_ascii
ffa93650 HAEGER                           ff98a480 sgmd8_ascii
ffae1040 HAKEEM_P                         ff98b9e0 osgmd8_ascii
010e58c0 HALT                             ff98cf40 lgmd_ascii
ffade7a0 HARDAW_p                         ff98df40 omlgmd_ascii
ffa95ed0 HARPER_D                         ff98ef40 ogmd10_ascii
ffa95f60 HARPER_R                         ff9903c0 save_player_records
ffadbf00 HARPER_p                         ff9921e0 clear_player_stats
ffca1530 HAR_ORLP                         ff992270 inc_player_stat
ffa95ff0 HAWKINS                          ff992330 dec_player_stat
ffae4510 HAWKINS_P                        ff994350 find_record
ff8e4750 HCGrant_h                        ff994a70 get_player_record
ffa92de0 HEITSCH                          ff995160 get_all_records
ff8470f0 HEXTOASC                         ff9955c0 sort_wins
ffa943d0 HEY                              ff996570 calc_num_defeated
ffa3b580 HID_P                            ff996620 clear_player_records
ffaecb10 HOOP_p                           ff997d10 show_hiscore
ffa96080 HORNACEK                         ff999580 COLTAB2
ffadf7e0 HORNA_P                          ff99fda0 show_player_records
ffb4e600 HORRY11                          ff9a2ae0 pass_speech
ffa9a2e0 HORRY                            ff9a4ce0 name_speech
ffb4e8d0 HORRY16                          ff9a9820 speech_playovrp
ffb4e570 HORRY10                          ff9a9860 shoots_speech
ffb4e690 HORRY12                          ff9aa850 scored_speech
ffb4e720 HORRY13                          ff9abec0 seq_call_name
ffb4e840 HORRY15                          ff9ac130 pass_to_speech
ffb4e060 HORRY1                           ff9ad5b0 call_team_name
ffb4e7b0 HORRY14                          ff9ad630 call_matchup
ffb4e0f0 HORRY2                           ff9adb00 pushed_speech
ffb4e180 HORRY3                           ff9adca0 rejected_speech
ffb4e210 HORRY4                           ff9adf70 rejected_dnk_speech
ffb4e2a0 HORRY5                           ff9ae1c0 rebound_speech
ffb4e330 HORRY6                           ff9ae740 intercepted_speech
ffb4e3c0 HORRY7                           ff9ae860 stolen_speech
ffb4e450 HORRY8                           ff9aea60 seq_lay_up_start
ffb4e4e0 HORRY9                           ff9aead0 seq_jam_speech
ffcc2b40 HORRY_P                          ff9aedf0 call_scores
ffca2290 HOR_HOUP                         ff9afb80 name_call
ffa93d10 HOSK                             ff9b03e0 nogood_speech
ffc71510 HPR_DALP                         ff9b0630 victory_speech
ffc72510 HRD_GLDP                         ff9b0890 setup_speech
ffc307a0 HRD_GLD                          ff9b1e80 initials_entry
ffc734f0 HRN_PHLP                         ff9b5360 team_selection
ffc744f0 HRP_CLPP                         ff9b7490 get_teams_pop
ffa0b5c0 HTOHXASC                         ff9b9830 create_player_heads
ffb4ca70 HUNTER10                         ff9b9f80 create_team_set_flsh
ffb4cb00 HUNTER11                         ff9ba240 create_team_set
ffb4cb90 HUNTER12                         ff9ba720 update_player_heads
ffb4cc20 HUNTER13                         ff9be220 create_logos
ffb4ccb0 HUNTER14                         ff9bea30 update_team_set
ffb4c560 HUNTER1                          ff9bf020 update_logos
ffb4cd40 HUNTER15                         ff9c7380 credit_messages
ffb4cdd0 HUNTER16                         ff9cb890 credits
ffb4c5f0 HUNTER2                          ff9cba10 credits2
ffb4c680 HUNTER3                          ff9cbaf0 credits3
ffb4c710 HUNTER4                          ff9cbbb0 create_credits
ffb4c7a0 HUNTER5                          ff9cd8b0 obj_on
ffb4c830 HUNTER6                          ff9cd930 obj_off
ffa9a130 HUNTER                           ff9cd9b0 scroll_page
ffb4c8c0 HUNTER7                          ff9cddb0 monitor_fullgame
ffb4c950 HUNTER8                          ff9cf580 monitor_buyins
ffb4c9e0 HUNTER9                          ff9cf680 team_control
ffcc1340 HUNTER_P                         ff9d32c0 city_tbl
ffca3100 HUN_DETP                         ff9d37f0 logos
ffb5a270 HURL10                           ff9d3b70 name_sort
ffb5a300 HURL11                           ff9d5900 create_bits
ffb5a390 HURL12                           ff9d5dd0 create_bits2
ffb5a420 HURL13                           ff9d6760 start_teams
ffb5a4b0 HURL14                           ff9d75c0 ladder_imgs0
ffb5a540 HURL15                           ff9d78e0 ladder_imgs1
ffb59d60 HURL1                            ff9d7f00 ladder_imgs2
ffb5a5d0 HURL16                           ff9d8520 ladder_imgs3
ffb59df0 HURL2                            ff9d8b40 ladder_imgs4
ffb59e80 HURL3                            ff9d9160 ladder_imgs5
ffb59f10 HURL4                            ff9d9780 ladder_imgs6
ffb59fa0 HURL5                            ff9d9da0 morf_pal
ffb5a030 HURL6                            ff9da640 get_all_starts_down
ffb5a0c0 HURL7                            ff9da860 get_start_down
ffb5a150 HURL8                            ff9da970 get_start_cur
ffa9abe0 HURL                             ff9daa40 get_team1_turbo
ffb5a1e0 HURL9                            ff9dab80 get_team2_turbo
ffcccb70 HURL_P                           ff9dacc0 get_turbo_down
ffca3f50 HUR_SACP                         ff9dadd0 get_all_sticks_cur
ff8e4970 HVGrant_h                        ff9daff0 get_all_sticks_cur2
ffa29c10 HVLINE                           ff9db160 get_stick_val_cur
ffc75490 HWK_CHAP                         ff9db230 get_all_sticks_down
ffa14b50 H_SLAVE                          ff9db450 get_all_sticks_down2
ff8e4310 Hardaway_h                       ff9db5c0 get_stick_val_down
ff8df230 Hawkins_h                        ff9db6d0 get_all_buttons_cur
ff8e4b90 Hornacek_h                       ff9db8f0 get_all_buttons_cur2
ff8c1010 Horry_h                          ff9dba60 get_but_val_cur
ff8c09b0 Hunter_h                         ff9dbb30 get_all_buttons_down
ff8c3a90 Hurley_h                         ff9dbd50 get_all_buttons_down2
ffa29980 INITCOLR                         ff9dbec0 get_but_val_down
ffaa3760 INITIALS_B                       ff9dbfd0 get_but_val_down_nt
ffaa3f40 INITIALS                         ff9dc0a0 get_steal_but_cur
ffa40870 INITMAT                          ff9dc170 result_screen
ffa401f0 INITTIM                          ff9ddd90 matchup_screen
ffa3ed50 INIT_HSR                         ff9de570 timeout
ffa41750 INIT_TAB                         ff9deee0 timeout2
ffa41760 INIT_TB                          ff9df9c0 timeout3
ff83baf0 INSBOBJ                          ff9e06e0 check_initials
ff83bb30 INSOBJ                           ff9e3190 select_teams
ff840950 INTIO                            ff9e43a0 get_opponent_team
0106d460 IRQSKYE                          ff9e4440 ingame_mess
ffa401f0 ISHSTD                           ff9e4e80 winner_stays_on
ff83c480 ISOBJ                            ff9e6210 buyin_screen
ffba2850 JACHAG01                         ff9e78b0 blink_tmslct
ffba2970 JACHAG02                         ff9e7cd0 grand_champs_screen
ffba2a90 JACHAG03                         ff9e99a0 drw_chicks
ffba2bb0 JACHAG04                         ff9eb1d0 player_heads
ffba2cd0 JACHAG05                         ff9f3dd0 player_attribs
ffba2df0 JACHAG16                         ff9f7d50 check_suckup
ffb8b130 JACHAG_P                         ff9f8000 attrib_off
ffb49d70 JACK10                           ff9f80d0 attrib_on
ffa99e60 JACK                             ff9f81a0 update_attribs
ffb49e00 JACK11                           ff9f86f0 del_box_imgs
ffb49e90 JACK12                           ff9f8e40 brown_shadow
ffb49f20 JACK13                           ff9f91a0 blue_shadow
ffb49fb0 JACK14                           ff9f93d0 challenger
ffb4a040 JACK15                           ff9f9d00 challenger2
ffb4a0d0 JACK16                           ff9fa130 guyhds
ffb49860 JACK1                            ff9facb0 our_heads
ffb498f0 JACK2                            ff9fb530 GO_ADJ
ffb49980 JACK3                            ff9fe790 TAMPEREDP
ffb49a10 JACK4                            ff9fe810 CKDIP
ffb49aa0 JACK5                            ff9fe890 SET_COIN_ADJ
ffb49b30 JACK6                            ff9fef70 DO_ADJH
ffb49bc0 JACK7                            ffa00460 BINBCD
ffb49c50 JACK8                            ffa005f0 BCDBIN
ffb49ce0 JACK9                            ffa00710 L_TIMER
ffcbf410 JACK_P                           ffa00cc0 SERVICE
ffca4c80 JAC_DALP                         ffa00ec0 LCOIN
ffc3d880 JAC_HAGP                         ffa00f30 CCOIN
ffb9dcf0 JAKSIM01                         ffa00fa0 RCOIN
ffb9de10 JAKSIM02                         ffa01010 XCOIN
ffb9df30 JAKSIM03                         ffa01960 CR_STRTP
ffb9e050 JAKSIM04                         ffa01ac0 CR_CONTP
ffb9e170 JAKSIM05                         ffa01c20 P_START
ffb9e290 JAKSIM16                         ffa01e60 P_CONT
ffb88070 JAKSIM_P                         ffa02070 NO_CREDS
ffc5e2a0 JAK_SIMP                         ffa02840 CK_MAX
ffc2fe10 JAM_RIVM                         ffa028e0 UNIT_CLR
ffc61d40 JAM_RIVP                         ffa02ae0 CRED_P
ffa935c0 JARVIS                           ffa02b00 GET_CREDITS
ffba2f10 JASFLA01                         ffa02f20 CRD_SCRN
ffba3030 JASFLA02                         ffa02f30 CRD_SCRN2
ffba3150 JASFLA03                         ffa05d10 winner_stays_box
ffba3270 JASFLA04                         ffa07550 SLAM_SW
ffba3390 JASFLA05                         ffa078e0 CCCC
ffba34b0 JASFLA16                         ffa07a20 COIN_PAG
ffb8b540 JASFLA_P                         ffa07ab0 aud_addnumplyrs
ffc3e880 JAS_FLAP                         ffa07fe0 GET_AUD
ffb97210 JC10                             ffa08120 STORE_AUDIT
ffb97330 JC11                             ffa081f0 CLR_AUDR
ffb97450 JC12                             ffa082e0 KILL_AUD
ffb97570 JC13                             ffa08380 AUD
ffb97690 JC14                             ffa08490 AUD1
ffb970f0 JC1                              ffa08500 CLR_AUD
ffb977b0 JC15                             ffa085a0 CMOS_VAL
ffb978d0 JC16                             ffa08600 FORM_ADC
ffb979f0 JC2                              ffa087b0 F_ADC_S
ffb97b10 JC3                              ffa08890 GET_ADJ
ffb97c30 JC4                              ffa08960 PUT_ADJ
ffb97d50 JC5                              ffa08cd0 ADJ_PAGE
ffb97e70 JC6                              ffa08d60 DEF_PAGE
ffb97f90 JC7                              ffa08d70 FAC_SET
ffb980b0 JC8                              ffa090e0 LD_CTAB
ffb981d0 JC9                              ffa09610 L_MESS
ffb85460 JC_p                             ffa09710 LM_SETUP
ffba35d0 JGREEN01                         ffa09750 LM_FINIS
ffba36f0 JGREEN02                         ffa09760 GET_CSTR
ffba3810 JGREEN03                         ffa09cf0 CAT_A0
ffba3930 JGREEN04                         ffa0a410 ROM_NAME
ffba3a50 JGREEN05                         ffa0b0c0 WAIT_MUT
ffba3b70 JGREEN16                         ffa0b5c0 HTOHXASC
ffb8b950 JGREEN_P                         ffa0b860 STRCAT
ffba0210 JIMGEN01                         ffa0c600 CPU_RET
ffba0330 JIMGEN02                         ffa0c700 WAIT_BUT
ffba0450 JIMGEN03                         ffa0c870 CKTEST
ffba0570 JIMGEN04                         ffa0c9b0 CKDIAG
ffba0690 JIMGEN05                         ffa0cae0 DIAG
ffb898d0 JIMGEN_P                         ffa0ccd0 DIAG_EX
ffc3f840 JIM_GENP                         ffa0dd40 GEN_MENU
ffc40820 JIM_GRNP                         ffa0e390 MENU_TOP
ffba3c90 JOEDIL01                         ffa0e3d0 TOP_BOX
ffba3db0 JOEDIL02                         ffa0e770 RED_BOX
ffba3ed0 JOEDIL03                         ffa0e940 COL_INST
ffba3ff0 JOEDIL04                         ffa0eb20 DIGSRT
ffba4110 JOEDIL05                         ffa0ed90 DIAG_COLORS
ffba4230 JOEDIL16                         ffa0fcd0 CHK_CMOS
ffb8bd60 JOEDIL_P                         ffa0ff30 GET_FAC
ffba4350 JOELIN01                         ffa101b0 B_MENU
ffba4470 JOELIN02                         ffa12be0 ST_STICK
ffba4590 JOELIN03                         ffa12ca0 GETSTICK
ffba46b0 JOELIN04                         ffa132a0 FORM_SWS
ffba47d0 JOELIN05                         ffa13310 fudge_switches
ffba48f0 JOELIN16                         ffa135a0 fudge_switches_diag
ffb8c170 JOELIN_P                         ffa13830 fudge_switches2
ffc417d0 JOE_DILP                         ffa140f0 F_TITLE
ffc427a0 JOE_LINP                         ffa14220 G_BORDER
ffb9fc70 JOHNN01                          ffa143e0 DOBORDER
ffb9fd90 JOHNN02                          ffa147e0 STD_BORD
ffb9feb0 JOHNN03                          ffa14a00 BLNKHELP
ffb9ffd0 JOHNN04                          ffa14b50 H_SLAVE
ffba00f0 JOHNN05                          ffa15210 AREUSURE
ffb894c0 JOHNN_P                          ffa15770 SUR_MESS
ffa96110 JOHNSN_L                         ffa15890 SURE_BOX
ffae4920 JOHNSON_P                        ffa16640 opmsg_main
ffca5a50 JOH_PHXP                         ffa17920 opmsg_clr
ffb93310 JONH10                           ffa1a400 POWERTST
ffb928f0 JONH1                            ffa1a610 POWERCMOS
ffb93430 JONH11                           ffa1bde0 BURN_IN
ffb93550 JONH12                           ffa1bff0 DIAGCPUTEST
ffb93670 JONH13                           ffa1fef0 CROSS_H
ffb93790 JONH14                           ffa212b0 COL_BARS
ffb938b0 JONH15                           ffa21790 SWITCHTEST
ffb939d0 JONH16                           ffa245d0 READ_DIP
ffb92a10 JONH2                            ffa29980 INITCOLR
ffb92b30 JONH3                            ffa29a60 POINT
ffb92c50 JONH4                            ffa29b10 RECTANGLE
ffb92d70 JONH5                            ffa29c10 HVLINE
ffb92e90 JONH6                            ffa2a1e0 STRNEW1
ffb92fb0 JONH7                            ffa2a2d0 STRING
ffb930d0 JONH8                            ffa2a850 CIRCLE
ffb931f0 JONH9                            ffa2ae60 DSCRCLR
ffb838b0 JONH_P                           ffa300a0 GET_CSPT
ffb9e3b0 JONLOW01                         ffa30270 CKPROMPT
ffb9e4d0 JONLOW02                         ffa30840 GO_DIAG
ffb9e5f0 JONLOW03                         ffa32100 FAC_STUF
ffb9e710 JONLOW04                         ffa32320 BUILD_ST
ffb9e830 JONLOW05                         ffa32b70 ANY_BUT
ffb88480 JONLOW_P                         ffa32c80 SNDTST
ffba4a10 JONVOG01                         ffa3b580 HID_P
ffba4b30 JONVOG02                         ffa3db40 STR_OBJ
ffba4c50 JONVOG03                         ffa3e920 STR_FREE
ffba4d70 JONVOG04                         ffa3eb20 P_FORK
ffba4e90 JONVOG05                         ffa3ebc0 DEC_HSR
ffba4fb0 JONVOG16                         ffa3ed50 INIT_HSR
ffb8c580 JONVOG_P                         ffa3ef30 GET_HSC
ffc2fd80 JON_CARM                         ffa3f190 GETHIGH
ffc60d40 JON_CARP                         ffa401f0 INITTIM
ffc905c0 JON_CHAP                         ffa401f0 ISHSTD
ffc2fea0 JON_HEYM                         ffa405c0 GETINIT
ffc62ca0 JON_HEYP                         ffa40770 GETINIT1
ffc43790 JON_LOWP                         ffa40770 GETINIT2
ffc44790 JON_NEWP                         ffa40870 INITMAT
ffc45740 JON_TOBP                         ffa40960 A2_CHECK
ffc46740 JON_VOGP                         ffa41090 GET_HSCR
ffba50d0 JOSTSU01                         ffa414a0 PT_ENTRY
ffba51f0 JOSTSU02                         ffa41530 ROM_PTRS
ffba5310 JOSTSU03                         ffa41600 SET_PAGE
ffba5430 JOSTSU04                         ffa41750 INIT_TAB
ffba5550 JOSTSU05                         ffa41760 INIT_TB
ffba5670 JOSTSU16                         ffa418f0 VAL_TAB
ffb8c990 JOSTSU_P                         ffa42200 RC_BYTE
ffc476f0 JOS_TSUP                         ffa422b0 WC_BYTE
ffa94340 JSKILES                          ffa42440 RC_BYTEI
ff8db130 JTO_H                            ffa424a0 RC_WORD
ff8bff10 Jack_h                           ffa42620 RC_LONG
ffa93800 KAM                              ffa42740 RC_LONGI
ffa97160 KANDERSON                        ffa427a0 WC_BYTEI
ffb9b470 KARHOS01                         ffa427f0 WC_WORD
ffb9b590 KARHOS02                         ffa428b0 WC_WORDI
ffb9b6b0 KARHOS03                         ffa42900 WC_LONG
ffb9b7d0 KARHOS04                         ffa429c0 WC_LONGI
ffb9b8f0 KARHOS05                         ffa42f90 etext
ffb9ba10 KARHOS16                         ffa42f90 .data
ffb86810 KARHOS_P                         ffa44750 hiscoreBMOD
ffc35ae0 KAR_HOSP                         ffa457e0 empjambBMOD
ff8bf030 KAnderson_h                      ffa46a70 yesnoBMOD
ffae5140 KEMP_P                           ffa49150 namebox4BMOD
ffa96230 KEMP                             ffa491e0 namebox2BMOD
ffc5f020 KEN_MUGP                         ffa49270 selbackBMOD
ffbaf2d0 KGRIF01                          ffa49300 namebox3BMOD
ffbaf3f0 KGRIF02                          ffa4ac40 teamselBMOD
ffbaf510 KGRIF03                          ffa4ede0 finalBMOD
ffbaf630 KGRIF04                          ffa4ee70 matchupBMOD
ffbaf750 KGRIF05                          ffa50880 statscrkBMOD
ffb91ee0 KGRIF_P                          ffa50910 statscrnBMOD
ff84edd0 KIL1C                            ffa52ad0 trnedBMOD
ff84edb0 KILALL                           ffa53ea0 congratbBMOD
ff84ede0 KILALLN                          ffa55310 ladderBMOD
ff842250 KILBGND                          ffa553a0 dabullBMOD
ff84e860 KILL                             ffa572f0 chrvic1BMOD
ffa082e0 KILL_AUD                         ffa58c70 nameboxkBMOD
ffa92e70 KINKEAD                          ffa58d00 selbackkBMOD
ffa973a0 KJOHNSON                         ffa5a4a0 subsBMOD
ff8c3430 KJohn_h                          ffa5a8e0 viewfrtBMOD
ffc77350 KMP_SEAP                         ffa5ac10 blankjamBMOD
ff8df890 KMalone_h                        ffa5aca0 wood64
ffa93bf0 KONGO                            ffa5b0b0 NBAPAL_V
ff84efc0 KOP_1C                           ffa5b290 BNBA_V_P
ff84efd0 KOP_ALL                          ffa5b3f0 BNBAPALV
ffb48b70 KUKOC10                          ffa5b550 NBAPALV
ffa99d40 KUKOC                            ffa5b730 BNBAPALB
ffb48c00 KUKOC11                          ffa5b890 NBAPAL
ffb48c90 KUKOC12                          ffa5ba70 METLPALG
ffb48d20 KUKOC13                          ffa5bdc0 orePALS
ffb48db0 KUKOC14                          ffa5bf20 yjamPALS
ffb48e40 KUKOC15                          ffa5c000 oPALS
ffb48660 KUKOC1                           ffa5c0a0 ATTBKR_P
ffb48ed0 KUKOC16                          ffa5c130 ATTBKB_P
ffb486f0 KUKOC2                           ffa5c1c0 wood64b
ffb48780 KUKOC3                           ffa5c5d0 METLPALB
ffb48810 KUKOC4                           ffa5c920 METLPALR
ffb488a0 KUKOC5                           ffa5cc70 NLWOOD64
ffb48930 KUKOC6                           ffa5d080 ackPALS
ffb489c0 KUKOC7                           ffa5d180 westpalc
ffb48a50 KUKOC8                           ffa5d300 eastpalc
ffb48ae0 KUKOC9                           ffa5d430 MBOX_B_P
ffcbe800 KUKOC_P                          ffa5d5e0 MBOX_R_P
ffca66f0 KUK_CHIP                         ffa5d790 selPALS
ffb53a60 K_AND1                           ffa5d8f0 WHITEPAL3
ffb53f70 K_AND10                          ffa5dbb0 QTRBYB_P
ffb54000 K_AND11                          ffa5dc30 hbakPALS
ffb54090 K_AND12                          ffa5ddf0 scrnPALS
ffb54120 K_AND13                          ffa5deb0 Z_pal1
ffb541b0 K_AND14                          ffa5eeb0 Z_pal2
ffb54240 K_AND15                          ffa5fb40 Z_pal3
ffb542d0 K_AND16                          ffa60b30 Z_pal4
ffb53af0 K_AND2                           ffa61530 stat_p
ffb53b80 K_AND3                           ffa61930 STATIC_p
ffb53c10 K_AND4                           ffa61a90 Z_pal7
ffb53ca0 K_AND5                           ffa62a90 Z_pal8
ffb53d30 K_AND6                           ffa63a90 Z_pal9
ffb53dc0 K_AND7                           ffa649c0 Z_pal10
ffb53e50 K_AND8                           ffa659c0 Z_pal11
ffb53ee0 K_AND9                           ffa65f80 Z_pal12
ffcc7580 K_AND_P                          ffa66c50 Z_pal13
ffb58770 K_JOHN10                         ffa67c50 P_STATIC
ffb58260 K_JOHN1                          ffa68050 top2_p
ffb58800 K_JOHN11                         ffa69040 Z_pal16
ffb58890 K_JOHN12                         ffa69fb0 Z_pal17
ffb58920 K_JOHN13                         ffa6ac40 Z_pal18
ffb589b0 K_JOHN14                         ffa6bc40 Z_pal19
[...]
ff8ad9c0 seq_jump2                        ffbad110 VNCPON16
ff8ad0f0 seq_keepzx                       ffbad230 WARDAV01
ff9aea60 seq_lay_up_start                 ffbad350 WARDAV02
ff8acf70 seq_newdir                       ffbad470 WARDAV03
ff8ad600 seq_noballoff                    ffbad590 WARDAV04
ff8b1c00 seq_push                         ffbad6b0 WARDAV05
ff8aeeb0 seq_rebounda                     ffbad7d0 TOBIAS01
ff8ad680 seq_resetseq                     ffbad8f0 TOBIAS02
ff8ad770 seq_run                          ffbada10 TOBIAS03
ff8b07f0 seq_slamball                     ffbadb30 TOBIAS04
ff8ad510 seq_smoke                        ffbadc50 TOBIAS05
ff8ad5b0 seq_snd                          ffbadd70 TOBIAS16
ff8ac980 seq_stand                        ffbade90 PALHEI01
ff8ad090 seq_stayinair                    ffbadfb0 PALHEI02
ff8acf10 seq_stealstand                   ffbae0d0 PALHEI03
ff8ad420 seq_stopfire                     ffbae1f0 PALHEI04
ff8af5f0 seq_strtdunk                     ffbae310 PALHEI05
ff8ad2a0 seq_strtfire                     ffbae430 PALHEI16
ff8ad210 seq_stuffzx                      ffbae550 BILDAB01
ff9589c0 set_imgs                         ffbae670 BILDAB02
ff8667f0 set_names                        ffbae790 BILDAB03
ff988e40 setup_message                    ffbae8b0 BILDAB04
ff9b0890 setup_speech                     ffbae9d0 BILDAB05
ff98a480 sgmd8_ascii                      ffbaeaf0 BILDAB16
ffa8f750 sgmd8wht                         ffbaec10 RACDAV01
ffae75d0 shad_p                           ffbaed30 RACDAV02
ffa901b0 shadow1                          ffbaee50 RACDAV03
ffa906c0 shadow10                         ffbaef70 RACDAV04
ffa90750 shadow11                         ffbaf090 RACDAV05
ffa90870 shadow12                         ffbaf1b0 RACDAV16
ffa90900 shadow13                         ffbaf2d0 KGRIF01
ffa90990 shadow14                         ffbaf3f0 KGRIF02
ffa90a20 shadow15                         ffbaf510 KGRIF03
ffa90240 shadow2                          ffbaf630 KGRIF04
ffa902d0 shadow3                          ffbaf750 KGRIF05
ffa90360 shadow4                          ffbaf870 ballite1
ffa903f0 shadow5                          ffbaf990 ballite2
ffa90480 shadow6                          ffbafab0 ballite3
ffa90510 shadow7                          ffbafbd0 ballite4
ffa905a0 shadow8                          ffbafcf0 ballite5
ffa90630 shadow9                          ffbafe10 ballite6
ffa9dd60 shard1_1                         ffbaff30 ballite7
ffa9ddf0 shard1_2                         ffbb0050 lighten1
ffa9de80 shard1_3                         ffbb0170 lighten2
ffa9df10 shard1_4                         ffbb0290 lighten3
ffa9dfa0 shard1_5                         ffbb03b0 lighten4
ffa9e030 shard1_6                         ffbb04d0 lighten5
ffa9e0c0 shard1_7                         ffbb05f0 lighten6
ffa9e150 shard1_8                         ffbb0710 lighten7
ffa9e1e0 shard2_1                         ffbd43b0 w3run1
ffa9e270 shard2_2                         ffbdc3f0 w1blok2
ffa9e300 shard2_3                         ffbdc510 w1blok3
ffa9e390 shard2_4                         ffbdc750 w2blok2
ffa9e420 shard2_5                         ffbdc870 w2blok3
ffa9e4b0 shard2_6                         ffbdcab0 w4blok2
ffa9e540 shard2_7                         ffbdcbd0 w4blok3
ffa9e5d0 shard2_8                         ffbe09b0 w5blok2
ffa9ec90 shard3_12                        ffbe0ad0 w5blok3
ffa9e660 shard3_1                         ffbe4d30 w3desp1
ffa9eb70 shard3_10                        ffbf4810 FIREFALP
ffa9ec00 shard3_11                        ffbf5810 zwilpal
ffa9e6f0 shard3_2                         ffc1c960 w2fgrl1
ffa9e780 shard3_3                         ffc1ca80 w2fgrl2
ffa9e810 shard3_4                         ffc1cba0 w2fgrl3
ffa9e8a0 shard3_5                         ffc1eb20 T2DUNK9
ffa9e930 shard3_6                         ffc1ec40 T2DUNK10
ffa9e9c0 shard3_7                         ffc1efa0 T2DUNK3
ffa9ea50 shard3_8                         ffc1f0c0 T2DUNK4
ffa9eae0 shard3_9                         ffc1f1e0 T2DUNK5
ffa9f230 shard4_10                        ffc1f300 T2DUNK6
ffa9ed20 shard4_1                         ffc1f420 T2DUNK7
ffa9edb0 shard4_2                         ffc1f540 T2DUNK8
ffa9ee40 shard4_3                         ffc23c20 LED_00
ffa9eed0 shard4_4                         ffc23cb0 LED_MAX
ffa9ef60 shard4_5                         ffc266c0 arrow1r
ffa9eff0 shard4_6                         ffc267e0 arrow2r
ffa9f080 shard4_7                         ffc26900 arrow3r
ffa9f110 shard4_8                         ffc26a20 arrow4r
ffa9f1a0 shard4_9                         ffc26ab0 arrow1t
ffa9f2c0 shard5_1                         ffc26b40 arrow2t
ffa9f350 shard5_2                         ffc26bd0 arrow3t
ffa9f3e0 shard5_3                         ffc26c60 arrow4t
ffa9f470 shard5_4                         ffc26e10 arrow1r2p
ffa9f500 shard5_5                         ffc26f30 arrow2r2p
ffa9f590 shard5_6                         ffc270e0 FON150
ffa9f620 shard5_7                         ffc27170 FON151
ffa9f6b0 shard5_8                         ffc27200 FON152
ffa9f740 shard6_1                         ffc27290 FON153
ffa9f7d0 shard6_2                         ffc27320 FON154
ffa9f860 shard6_3                         ffc273b0 FON155
ffa9f8f0 shard6_4                         ffc27440 FON156
ffa9f980 shard6_5                         ffc274d0 FON157
ffa9fa10 shard6_6                         ffc27560 FON158
ffa9faa0 shard6_7                         ffc275f0 FON159
ffa9fb30 shard6_8                         ffc27680 FON15A
ffa9fbc0 shard7_1                         ffc27dd0 FON15M
ffaa00d0 shard7_10                        ffc282e0 FON15V
ffa9fc50 shard7_2                         ffc28370 FON15W
ffa9fce0 shard7_3                         ffc28400 FON15X
ffa9fd70 shard7_4                         ffc2a650 FONT7A
ffa9fe00 shard7_5                         ffc2d230 FONT7colon
ffa9fe90 shard7_6                         ffc2d6b0 SQUD_1
ffa9ff20 shard7_7                         ffc2d740 SQUD_2
ffa9ffb0 shard7_8                         ffc2e1f0 RAD_MK2
ffaa0040 shard7_9                         ffc2e280 SCO_MK2
ffaa0160 shard8_1                         ffc2e310 REP_MK2
ffaa0670 shard8_10                        ffc2e3a0 SUB_MK2
ffaa01f0 shard8_2                         ffc2fcf0 TON_GOSM
ffaa0280 shard8_3                         ffc2fd80 JON_CARM
ffaa0310 shard8_4                         ffc2fe10 JAM_RIVM
ffaa03a0 shard8_5                         ffc2fea0 JON_HEYM
ffaa0430 shard8_6                         ffc2ff30 SAL_DIVM
ffaa04c0 shard8_7                         ffc2ffc0 SHA_LIPM
ffaa0550 shard8_8                         ffc300e0 MRK_TURM
ffaa05e0 shard8_9                         ffc30170 AUG_ATL
ffaa0700 shat1_1                          ffc307a0 HRD_GLD
ffaa0790 shat1_2                          ffc30cb0 MUL_GLD
ffaa0820 shat1_3                          ffc31640 WLK_ATL
ffaa08b0 shat1_4                          ffc33530 RAD_MK2P
ffaa0940 shat1_5                          ffc33bc0 SCO_MK2P
ffaa09d0 shat2_1                          ffc340d0 REP_MK2P
ffaa0a60 shat2_2                          ffc34620 SUB_MK2P
ffaa0af0 shat2_3                          ffc34c40 LOR_OLIP
ffaa0b80 shat2_4                          ffc35ae0 KAR_HOSP
ffaa0c10 shat2_5                          ffc36a50 BIL_DABP
ffaa0ca0 shat3_1                          ffc37a10 CAR_MEDP
ffaa0d30 shat3_2                          ffc38a00 DAN_FORP
ffaa0dc0 shat3_3                          ffc399b0 ED_BOONP
ffaa0e50 shat3_4                          ffc3a990 ERC_KINP
ffaa0ee0 shat3_5                          ffc3b8f0 EUG_JARP
ffaa0f70 shat4_1                          ffc3c8c0 GRG_PETP
ffaa1000 shat4_2                          ffc3d880 JAC_HAGP
ffaa1090 shat4_3                          ffc3e880 JAS_FLAP
ffaa1120 shat4_4                          ffc3f840 JIM_GENP
ffaa11b0 shat4_5                          ffc40820 JIM_GRNP
ff9a9860 shoots_speech                    ffc417d0 JOE_DILP
ff935440 shot_clock                       ffc427a0 JOE_LINP
010ef930 shot_distance                    ffc43790 JON_LOWP
010ef920 shot_percentage                  ffc44790 JON_NEWP
010ef900 shot_type                        ffc45740 JON_TOBP
ffa94b20 shotclok                         ffc46740 JON_VOGP
010eae20 shotimer                         ffc476f0 JOS_TSUP
ff95cf60 show_designteam                  ffc486e0 LAR_DUMP
ff997d10 show_hiscore                     ffc496d0 LIN_DELP
ff95ae40 show_operatormsg                 ffc4a6a0 MAR_MARP
ff9371f0 show_ot_msg                      ffc4b670 MAT_BUTP
ff99fda0 show_player_records              ffc4c650 MRK_LOFP
010eb1a0 show_shot                        ffc4d640 MRK_PENP
ff8a4c60 sinecos_get                      ffc4e640 PAL_HEIP
010eac70 slamming                         ffc4f5f0 PAT_COXP
ff954c80 snd_play1ovr                     ffc505c0 RAC_DAVP
ff954b30 snd_play1ovrp                    ffc515a0 RAY_MOSP
ff954d70 snd_play1                        ffc52570 ROG_SHRP
ff954d80 snd_play                         ffc53550 PAL_BARP
ff9548d0 snd_reset                        ffc54510 REA_PERP
ff954fd0 snd_update                       ffc554d0 AL_LASCP
ff9955c0 sort_wins                        ffc564a0 CHR_GRAP
010f0ef0 sorted_teams                     ffc574a0 SHE_OURP
010eb610 sound_rev                        ffc584a0 STE_BERP
ff956180 sound_watchdog                   ffc59460 TIM_COMP
ffa9c140 spark1                           ffc5a460 VIK_APEP
ffa9bf00 spark2                           ffc5b380 VNC_PONP
ffa9bf90 spark3                           ffc5c350 VOG_HEDP
ffa9c020 spark4                           ffc5d2f0 WAR_DAVP
ffa9c0b0 spark5                           ffc5e2a0 JAK_SIMP
ffaec9b0 spark_p                          ffc5f020 KEN_MUGP
010efbc0 spch_name_ram                    ffc5fd60 TON_GOSP
010efc40 spch_pass_ram                    ffc60d40 JON_CARP
ff8d0950 spechds_t                        ffc61d40 JAM_RIVP
010f06f0 special_heads                    ffc62ca0 JON_HEYP
ff9a9820 speech_playovrp                  ffc63960 SAL_DIVP
ff8fa460 stagger_t                        ffc647e0 SHN_LIPP
ff946f60 starring                         ffc657e0 WIL_WILP
ffaa4180 start2                           ffc667c0 MRK_TURP
ffaa3d00 start3                           ffc67790 AUG_ATLP
ff85f340 start_animate                    ffc68720 BRK_PHXP
ff858440 start_arws                       ffc69630 COL_NEJP
ffa94c40 start                            ffc6a5c0 DAU_CLEP
ff854c00 start_msgs                       ffc6b5c0 EDW_MLWP
ff9d6760 start_teams                      ffc6c5b0 DRX_PRTP
ffa61530 stat_p                           ffc6d540 ELL_DENP
ff9758a0 stats_page2                      ffc6e540 ELL_DETP
ff9758c0 stats_page                       ffc6f530 EWG_NEYP
ffa50880 statscrkBMOD                     ffc70520 GIL_SEAP
ffa50910 statscrnBMOD                     ffc71510 HPR_DALP
010e60a0 steals_off                       ffc72510 HRD_GLDP
ff928e10 stick_cpu                        ffc734f0 HRN_PHLP
ff9281c0 stick_number                     ffc744f0 HRP_CLPP
ff928380 stick_numbers                    ffc75490 HWK_CHAP
ff929d10 stick_spark2                     ffc76360 DIV_LAKP
ff929400 stick_spark                      ffc77350 KMP_SEAP
010e6960 stlpower                         ffc78250 LTN_MINP
ff9253e0 stnd_t                           ffc791f0 MAJ_PHXP
ff925510 stndwb2_t                        ffc7a1b0 MAN_CLPP
ff9ae860 stolen_speech                    ffc7b080 MUL_GLDP
010eaab0 strongmen                        ffc7c040 MUT_DENP
ffaae770 stshad1                          ffc7cfe0 OLA_HOUP
ffaae800 stshad2                          ffc7df00 PIP_CHIP
ffaae260 stx_3pts                         ffc7ee40 POR_PRTP
ffaadf90 stx_all                          ffc7fdc0 PRC_CLEP
ffaae4a0 stx_ast                          ffc80db0 PRS_MINP
ffaae2f0 stx_atline                       ffc81db0 RCE_MIAP
ffaae5c0 stx_blocks                       ffc82d30 ROB_SANP
ffaadcc0 stx_defeated                     ffc83ce0 SCH_SEAP
ffaae410 stx_dunks                        ffc84b90 SKL_MIAP
ffaae1d0 stx_fgs                          ffc85b90 SKL_ORLP
ffaae6e0 stx_injury                       ffc86b70 SMT_HOUP
ffaadba0 stx_l                            ffc87a70 STK_UTAP
ffaadc30 stx_lastmtch                     ffc88950 THM_DETP
ffaadd50 stx_lostto                       ffc89950 TIS_SACP
ffaadf00 stx_nbateams                     ffc8a8a0 WEB_SACP
ffaae020 stx_norecord                     ffc8b820 WLK_ATLP
ffaade70 stx_ofthe27                      ffc8c6d0 WOR_LAKP
ffaada80 stx_pct                          ffc8d660 MIL_INDP
ffaae380 stx_points                       ffc8e660 LOH_MLWP
ffaad9f0 stx_rank                         ffc8f650 MLN_UTAP
ffaae650 stx_rebs                         ffc905c0 JON_CHAP
ffaae0b0 stx_record                       ffc91590 OAK_NEYP
ffaae530 stx_steals                       ffc92580 GRT_CHIP
ffaadb10 stx_w                            ffc93560 GUG_WASP
ffaadde0 stx_youhave                      ffc94550 BEN_NEJP
ffa5a4a0 subsBMOD                         ffc95550 GRT_PRTP
ffaa4840 swapblu                          ffc96550 AND_NEJP
ffaa48d0 swapred                          ffc97270 AND_ORLP
ffa9cad0 swish1b                          ffc97c00 ARM_CHIP
ffa9cb60 swish1f                          ffc98900 BAK_MLWP
ffa9cbf0 swish2b                          ffc99710 BEN_UTAP
ffa9cc80 swish2f                          ffc9a580 BRA_PHLP
ffa9cd10 swish3b                          ffc9b4f0 BRO_BOSP
ffa9cda0 swish3f                          ffc9c1f0 CAM_LAKP
ffa9ce30 swish4b                          ffc9ce10 CHE_WASP
ffa9cec0 swish4f                          ffc9dca0 DUM_DETP
ffa9cf50 swish5b                          ffc9eb80 ELS_SANP
ffa9cfe0 swish5f                          ffc9f8a0 ELL_WASP
0106d570 switches_cur                     ffca0700 GAM_BOSP
0106d5b0 switches_down                    ffca1530 HAR_ORLP
0106d530 switches_old                     ffca2290 HOR_HOUP
010e5390 swstack_p                        ffca3100 HUN_DETP
010e53b0 swstackbot                       ffca3f50 HUR_SACP
010e57b0 swstacktop                       ffca4c80 JAC_DALP
ff842f30 system_restoregame               ffca5a50 JOH_PHXP
ff842950 system_savegame                  ffca66f0 KUK_CHIP
ffa92060 t0000                            ffca72e0 SEL_INDP
ffa92330 t1000                            ffca8140 MAS_DALP
ffa923c0 t1100                            ffca9090 MAS_NEYP
ffa92450 t1110                            ffca9fc0 MAX_HOUP
ffa924e0 t1111                            ffcaada0 MCD_BOSP
010eac80 t1dunkcnt                        ffcabae0 MIN_MIAP
ffa8f820 tPALS                            ffcac8f0 MOU_CHAP
ffab5cd0 t_plateV                         ffcad6c0 NAN_CLEP
010f05e0 team1_control                    ffcae500 PAY_SEAP
010f05c0 team1                            ffcaf310 PEE_LAKP
010f05f0 team2_control                    ffcb00d0 RIC_SACP
010f05d0 team2                            ffcb0d50 RID_MINP
ff9cf680 team_control                     ffcb1b80 ROB_CLPP
ff9b5360 team_selection                   ffcb2a20 ROB_PRTP
010f0b90 teams_pop                        ffcb37b0 ROD_SANP
ffa4ac40 teamselBMOD                      ffcb4240 ROG_DENP
010f0480 teamset1_obj                     ffcb5150 SIM_SACP
010f04a0 teamset2_obj                     ffcb5fe0 SMI_INDP
ffb100e0 textp                            ffcb6800 STA_NEYP
ffa95030 three                            ffcb7600 WEA_PHLP
ffab05d0 threepnts                        ffcb8390 WEB_GLDP
ff9deee0 timeout2                         ffcb9290 WLS_ATLP
ff9df9c0 timeout3                         ffcba0c0 DAY_MLWP
ff9de570 timeout                          ffcbad30 MOR_NEJP
ffa94e80 timerlow                         ffcbbbf0 WILLIS_P
ffae9a70 timers_b                         ffcbc3f0 BROWN_P
ffae9c60 timers_r                         ffcbcbf0 MCDAN_P
010e60f0 timertcnt                        ffcbd000 GAMBLE_P
ff8f93d0 tip_t                            ffcbd800 MOURN_P
ff8f9590 tipj_t                           ffcbe000 ARMST_P
010f0810 tm1set                           ffcbe800 KUKOC_P
010f09d0 tm2set                           ffcbf000 NANCE_P
ffa97670 tocontrol                        ffcbf410 JACK_P
ffa6f4f0 top1_p                           ffcbf820 MASH_P
ffa68050 top2_p                           ffcbff30 ROGERS_P
ff93b210 tournament_on                    ffcc0730 DUMARS_P
ffa52ad0 trnedBMOD                        ffcc0f30 RODMAN_P
ff956140 tune2_snd                        ffcc1340 HUNTER_P
010eaff0 tvpanelon                        ffcc1b40 WEBBER_P
ffa94fa0 two                              ffcc2340 MAX_P
ffa920f0 tx000                            ffcc2b40 HORRY_P
ffa92570 tx100                            ffcc3340 SMITS_P
ffa92600 tx110                            ffcc3b40 SELEY_P
ffa92690 tx111                            ffcc4170 ROBERTS_P
ffa92180 txx00                            ffcc4970 PEELER_P
ffa92720 txx10                            ffcc5170 CAMP_P
ffa927b0 txx11                            ffcc5970 MINER_P
ffa92210 txxx0                            ffcc6170 BAKER_P
ffa92840 txxx1                            ffcc6970 DAY_P
ffa922a0 txxxx                            ffcc6d80 RIDER_P
ff9f81a0 update_attribs                   ffcc7580 K_AND_P
ff944fe0 update_cont_message              ffcc7bf0 MORRIS_P
ff9bf020 update_logos                     ffcc83f0 MASON_P
ff9ba720 update_player_heads              ffcc8bf0 STARKS_P
ff92c310 update_scorebrd                  ffcc93e0 A_HARD_P
ff946870 update_shoes                     ffcc9be0 N_AND_P
ff9bea30 update_team_set                  ffcca3e0 WEATH_P
ffaa4a80 useupbx                          ffccabe0 BRAD_P
ff9b0630 victory_speech                   ffccb3e0 K_JOHN_P
ffa5a8e0 viewfrtBMOD                      ffccbb70 C_ROB_P
ffa8f9c0 viewp                            ffccc370 SIM_P
ffbdc3f0 w1blok2                          ffcccb70 HURL_P
ffbdc510 w1blok3                          ffccd370 RICH_P
ffbdc750 w2blok2                          ffccdb70 D_ELL_P
ffbdc870 w2blok3                          ffcce370 PAYTON_P
ffc1c960 w2fgrl1                          ffcceb70 MCKEY_P
ffc1ca80 w2fgrl2                          ffccf370 BENOIT_P
ffc1cba0 w2fgrl3                          ffccfb70 ELLISN_P
ffbe4d30 w3desp1                          ffccff80 CHEAN_P
ffbd43b0 w3run1                           ffcd2b80 MEN_ADJ
ffbdcab0 w4blok2                          ffcded10 MEN_MAIN
ffbdcbd0 w4blok3                          ffcdffd0 MEN_YN
ffbe09b0 w5blok2                          ffce2180 MESS_MM
ffbe0ad0 w5blok3                          ffce38a0 MESS_FAC
ffa5d180 westpalc                         ffceba20 DIPCOINTAB
ffb92350 wil1                             ffcebec8 USA_1
ffb92470 wil2                             ffcebf00 USA_2
ffb92590 wil3                             ffcebf30 USA_3
ffb926b0 wil4                             ffcebf60 USA_4
ffb927d0 wil5                             ffcec050 USA_ELECTITLE
ffab2820 winfree                          ffcec090 FRENCH_ELECTITLE
ffa05d10 winner_stays_box                 ffcec0f0 GERMAN_ELECTITLE
ff9e4e80 winner_stays_on                  ffcec150 GERMAN_1
ff981800 winning_msg                      ffcec1a0 GERMAN_2
010f10b0 winningteam                      ffcec1f0 GERMAN_3
ffab2670 winstay_l                        ffcec240 GERMAN_4
ffa5aca0 wood64                           ffcec2e0 FRENCH_1
ffa5c1c0 wood64b                          ffcec330 FRENCH_2
ffab49e0 yellow                           ffcec380 FRENCH_3
ffa46a70 yesnoBMOD                        ffcec3d0 FRENCH_4
ffaa4330 yesnobak                         ffcf34e0 TWO_TS
ffa5bf20 yjamPALS                         ffcf3770 TWO_TP
ffbf5810 zwilpal                          ffcf3b40 edata

[4150 symbols]
